 AllinOne_sfun

 Timestamp is 59fe8c81 (Sun Nov 05 11:58:57 2017)

 Preferred load address is 0000000180000000

 Start         Length     Name                   Class
 0001:00000000 0001f372H .text$mn                CODE
 0001:0001f380 0000007bH .text$x                 CODE
 0002:00000000 000004b0H .idata$5                DATA
 0002:000004b0 00000008H .CRT$XCA                DATA
 0002:000004b8 00000008H .CRT$XCZ                DATA
 0002:000004c0 00000008H .CRT$XIA                DATA
 0002:000004c8 00000008H .CRT$XIAA               DATA
 0002:000004d0 00000008H .CRT$XIC                DATA
 0002:000004d8 00000008H .CRT$XIZ                DATA
 0002:000004e0 000008c0H .rdata                  DATA
 0002:00000da0 00000008H .rtc$IAA                DATA
 0002:00000da8 00000008H .rtc$IZZ                DATA
 0002:00000db0 00000008H .rtc$TAA                DATA
 0002:00000db8 00000008H .rtc$TZZ                DATA
 0002:00000dc0 00000b64H .xdata                  DATA
 0002:00001930 00000053H .edata                  DATA
 0002:00001984 00000078H .idata$2                DATA
 0002:000019fc 00000014H .idata$3                DATA
 0002:00001a10 000004b0H .idata$4                DATA
 0002:00001ec0 00000da0H .idata$6                DATA
 0003:00000000 00003e68H .data                   DATA
 0003:00003e70 000006e8H .bss                    DATA
 0004:00000000 00000e70H .pdata                  DATA

  Address         Publics by Value              Rva+Base               Lib:Object

 0000:00000000       ___safe_se_handler_table   0000000000000000     <absolute>
 0000:00000000       __guard_fids_table         0000000000000000     <absolute>
 0000:00000000       __guard_fids_count         0000000000000000     <absolute>
 0000:00000000       __guard_flags              0000000000000000     <absolute>
 0000:00000000       ___safe_se_handler_count   0000000000000000     <absolute>
 0000:00000000       __ImageBase                0000000180000000     <linker-defined>
 0001:00000000       AllinOne_initializer       0000000180001000 f   AllinOne_sfun.obj
 0001:00000010       AllinOne_terminator        0000000180001010 f   AllinOne_sfun.obj
 0001:00000020       load_AllinOne_optimization_info 0000000180001020 f   AllinOne_sfun.obj
 0001:00000070       unload_AllinOne_optimization_info 0000000180001070 f   AllinOne_sfun.obj
 0001:000000a0       sf_AllinOne_method_dispatcher 00000001800010a0 f   AllinOne_sfun.obj
 0001:00000130       sf_AllinOne_uses_exported_functions 0000000180001130 f   AllinOne_sfun.obj
 0001:00000170       sf_AllinOne_process_check_sum_call 0000000180001170 f   AllinOne_sfun.obj
 0001:00000750       sf_AllinOne_autoinheritance_info 0000000180001750 f   AllinOne_sfun.obj
 0001:00000a00       sf_AllinOne_get_eml_resolved_functions_info 0000000180001a00 f   AllinOne_sfun.obj
 0001:00000c00       sf_AllinOne_third_party_uses_info 0000000180001c00 f   AllinOne_sfun.obj
 0001:00000e40       sf_AllinOne_jit_fallback_info 0000000180001e40 f   AllinOne_sfun.obj
 0001:00001080       sf_AllinOne_updateBuildInfo_args_info 0000000180002080 f   AllinOne_sfun.obj
 0001:000012c0       sf_AllinOne_get_post_codegen_info 00000001800022c0 f   AllinOne_sfun.obj
 0001:00001450       AllinOne_debug_initialize  0000000180002450 f   AllinOne_sfun.obj
 0001:000014d0       AllinOne_register_exported_symbols 00000001800024d0 f   AllinOne_sfun.obj
 0001:000014e0       sf_c2_AllinOne_get_eml_resolved_functions_info 00000001800024e0 f   c2_AllinOne.obj
 0001:00001560       sf_c2_AllinOne_get_check_sum 0000000180002560 f   c2_AllinOne.obj
 0001:00001630       c2_AllinOne_method_dispatcher 0000000180002630 f   c2_AllinOne.obj
 0001:000069f0       sf_c2_AllinOne_get_post_codegen_info 00000001800079f0 f   c2_AllinOne.obj
 0001:00006ac0       sf_c2_AllinOne_get_autoinheritance_info 0000000180007ac0 f   c2_AllinOne.obj
 0001:000071d0       sf_c2_AllinOne_third_party_uses_info 00000001800081d0 f   c2_AllinOne.obj
 0001:00007200       sf_c2_AllinOne_jit_fallback_info 0000000180008200 f   c2_AllinOne.obj
 0001:00007390       sf_c2_AllinOne_updateBuildInfo_args_info 0000000180008390 f   c2_AllinOne.obj
 0001:00008720       sf_c3_AllinOne_get_eml_resolved_functions_info 0000000180009720 f   c3_AllinOne.obj
 0001:000087a0       sf_c3_AllinOne_get_check_sum 00000001800097a0 f   c3_AllinOne.obj
 0001:00008870       c3_AllinOne_method_dispatcher 0000000180009870 f   c3_AllinOne.obj
 0001:0000dc30       sf_c3_AllinOne_get_post_codegen_info 000000018000ec30 f   c3_AllinOne.obj
 0001:0000dd00       sf_c3_AllinOne_get_autoinheritance_info 000000018000ed00 f   c3_AllinOne.obj
 0001:0000e410       sf_c3_AllinOne_third_party_uses_info 000000018000f410 f   c3_AllinOne.obj
 0001:0000e440       sf_c3_AllinOne_jit_fallback_info 000000018000f440 f   c3_AllinOne.obj
 0001:0000e5d0       sf_c3_AllinOne_updateBuildInfo_args_info 000000018000f5d0 f   c3_AllinOne.obj
 0001:0000f960       sf_c4_AllinOne_get_eml_resolved_functions_info 0000000180010960 f   c4_AllinOne.obj
 0001:0000f9e0       sf_c4_AllinOne_get_check_sum 00000001800109e0 f   c4_AllinOne.obj
 0001:0000fab0       c4_AllinOne_method_dispatcher 0000000180010ab0 f   c4_AllinOne.obj
 0001:00014e70       sf_c4_AllinOne_get_post_codegen_info 0000000180015e70 f   c4_AllinOne.obj
 0001:00014f40       sf_c4_AllinOne_get_autoinheritance_info 0000000180015f40 f   c4_AllinOne.obj
 0001:00015650       sf_c4_AllinOne_third_party_uses_info 0000000180016650 f   c4_AllinOne.obj
 0001:00015680       sf_c4_AllinOne_jit_fallback_info 0000000180016680 f   c4_AllinOne.obj
 0001:00015810       sf_c4_AllinOne_updateBuildInfo_args_info 0000000180016810 f   c4_AllinOne.obj
 0001:00016ba0       mexFunction                0000000180017ba0 f   AllinOne_sfun_registry.obj
 0001:00017f70       _ssSetInputPortDirectFeedThroughFcn 0000000180018f70 f   AllinOne_sfun_registry.obj
 0001:000180d0       _ssGetInputPortSignalPtrsFcn 00000001800190d0 f   AllinOne_sfun_registry.obj
 0001:000182f0       _ssGetInputPortSignalFcn   00000001800192f0 f   AllinOne_sfun_registry.obj
 0001:00018510       _ssSetInputPortReusableFcn 0000000180019510 f   AllinOne_sfun_registry.obj
 0001:000185f0       _ssSetOutputPortReusableFcn 00000001800195f0 f   AllinOne_sfun_registry.obj
 0001:000186d0       _ssSetSymbolicDimsSupport  00000001800196d0 f   AllinOne_sfun_registry.obj
 0001:00018740       _ssRegisterSymbolicDimsExpr 0000000180019740 f   AllinOne_sfun_registry.obj
 0001:000187c0       _ssRegisterSymbolicDims    00000001800197c0 f   AllinOne_sfun_registry.obj
 0001:00018860       _ssRegisterSymbolicDimsString 0000000180019860 f   AllinOne_sfun_registry.obj
 0001:000188e0       _ssRegisterSymbolicDimsIntValue 00000001800198e0 f   AllinOne_sfun_registry.obj
 0001:00018950       _ssRegisterSymbolicDimsPlus 0000000180019950 f   AllinOne_sfun_registry.obj
 0001:000189d0       _ssRegisterSymbolicDimsMinus 00000001800199d0 f   AllinOne_sfun_registry.obj
 0001:00018a50       _ssRegisterSymbolicDimsMultiply 0000000180019a50 f   AllinOne_sfun_registry.obj
 0001:00018ad0       _ssRegisterSymbolicDimsDivide 0000000180019ad0 f   AllinOne_sfun_registry.obj
 0001:00018b50       _ssGetNumSymbolicDims      0000000180019b50 f   AllinOne_sfun_registry.obj
 0001:00018bc0       _ssGetSymbolicDim          0000000180019bc0 f   AllinOne_sfun_registry.obj
 0001:00018c40       _ssSetInputPortSymbolicDimsId 0000000180019c40 f   AllinOne_sfun_registry.obj
 0001:00018cb0       _ssGetCompInputPortSymbolicDimsId 0000000180019cb0 f   AllinOne_sfun_registry.obj
 0001:00018d20       _ssSetCompInputPortSymbolicDimsId 0000000180019d20 f   AllinOne_sfun_registry.obj
 0001:00018d90       _ssSetOutputPortSymbolicDimsId 0000000180019d90 f   AllinOne_sfun_registry.obj
 0001:00018e00       _ssGetCompOutputPortSymbolicDimsId 0000000180019e00 f   AllinOne_sfun_registry.obj
 0001:00018e70       _ssSetCompOutputPortSymbolicDimsId 0000000180019e70 f   AllinOne_sfun_registry.obj
 0001:00018ee0       _ssSetCompDWorkSymbolicDimsId 0000000180019ee0 f   AllinOne_sfun_registry.obj
 0001:00018f50       ssGetIsZeroCrossControlDisabled 0000000180019f50 f   AllinOne_sfun_registry.obj
 0001:00018fc0       ssSetIsInputPortUsedForContZcSignal 0000000180019fc0 f   AllinOne_sfun_registry.obj
 0001:00019030       ssSetZcSignalIsZcElementDisc 000000018001a030 f   AllinOne_sfun_registry.obj
 0001:000190e0       ssSetZcSignalName          000000018001a0e0 f   AllinOne_sfun_registry.obj
 0001:00019150       ssSetZcSignalWidth         000000018001a150 f   AllinOne_sfun_registry.obj
 0001:000191c0       ssSetZcSignalZcEventType   000000018001a1c0 f   AllinOne_sfun_registry.obj
 0001:00019230       ssSetZcSignalType          000000018001a230 f   AllinOne_sfun_registry.obj
 0001:000192a0       ssSetZcSignalZcTol         000000018001a2a0 f   AllinOne_sfun_registry.obj
 0001:00019310       ssSetZcSignalNeedsEventNotification 000000018001a310 f   AllinOne_sfun_registry.obj
 0001:00019380       ssCreateAndAddZcSignalInfo 000000018001a380 f   AllinOne_sfun_registry.obj
 0001:000193f0       ssCloneAndAddZcSignalInfo  000000018001a3f0 f   AllinOne_sfun_registry.obj
 0001:00019460       ssGetNumZcSignals          000000018001a460 f   AllinOne_sfun_registry.obj
 0001:000194d0       ssGetZcSignalVector        000000018001a4d0 f   AllinOne_sfun_registry.obj
 0001:00019540       ssGetZcSignalName          000000018001a540 f   AllinOne_sfun_registry.obj
 0001:000195b0       ssGetZcSignalWidth         000000018001a5b0 f   AllinOne_sfun_registry.obj
 0001:00019620       ssGetZcSignalZcEventType   000000018001a620 f   AllinOne_sfun_registry.obj
 0001:00019690       ssGetZcSignalZcEvents      000000018001a690 f   AllinOne_sfun_registry.obj
 0001:00019700       ssGetZcSignalType          000000018001a700 f   AllinOne_sfun_registry.obj
 0001:00019770       ssGetZcSignalZcTol         000000018001a770 f   AllinOne_sfun_registry.obj
 0001:000197f0       ssGetZcSignalNeedsEventNotification 000000018001a7f0 f   AllinOne_sfun_registry.obj
 0001:00019860       ssGetZcSignalIsZcElementDisc 000000018001a860 f   AllinOne_sfun_registry.obj
 0001:00019900       ssGetIsInputPortElementContinuous 000000018001a900 f   AllinOne_sfun_registry.obj
 0001:000199a0       ssGetDTypeIdFromMxArray    000000018001a9a0 f   AllinOne_sfun_registry.obj
 0001:00019ac0       ssWriteRTWStr              000000018001aac0 f   AllinOne_sfun_registry.obj
 0001:00019b20       ssWriteRTWNameValuePair    000000018001ab20 f   AllinOne_sfun_registry.obj
 0001:0001a020       ssWriteRTWParamSettings    000000018001b020 f   AllinOne_sfun_registry.obj
 0001:0001a710       ssWriteRTWParameters       000000018001b710 f   AllinOne_sfun_registry.obj
 0001:0001ace0       ssWriteRTWWorkVect         000000018001bce0 f   AllinOne_sfun_registry.obj
 0001:0001b1d0       ssWriteRTWMxVectParam      000000018001c1d0 f   AllinOne_sfun_registry.obj
 0001:0001b250       ssWriteRTWMx2dMatParam     000000018001c250 f   AllinOne_sfun_registry.obj
 0001:0001b2e0       _ssSetInputPortMatrixDimensions 000000018001c2e0 f   AllinOne_sfun_registry.obj
 0001:0001b3e0       _ssSetOutputPortMatrixDimensions 000000018001c3e0 f   AllinOne_sfun_registry.obj
 0001:0001b4e0       _ssSetInputPortVectorDimension 000000018001c4e0 f   AllinOne_sfun_registry.obj
 0001:0001b590       _ssSetOutputPortVectorDimension 000000018001c590 f   AllinOne_sfun_registry.obj
 0001:0001b640       ssIsRunTimeParamTunable    000000018001c640 f   AllinOne_sfun_registry.obj
 0001:0001b6b0       ssGetSFuncBlockHandle      000000018001c6b0 f   AllinOne_sfun_registry.obj
 0001:0001b720       _ssGetCurrentInputPortWidth 000000018001c720 f   AllinOne_sfun_registry.obj
 0001:0001b840       _ssGetCurrentOutputPortWidth 000000018001c840 f   AllinOne_sfun_registry.obj
 0001:0001b960       _ssGetCallSystemNumFcnCallDestinations 000000018001c960 f   AllinOne_sfun_registry.obj
 0001:0001b9d0       ssGetParameterTuningCompliance 000000018001c9d0 f   AllinOne_sfun_registry.obj
 0001:0001ba40       ssWarning                  000000018001ca40 f   AllinOne_sfun_registry.obj
 0001:0001bb30       _ssGetAbsTol               000000018001cb30 f   AllinOne_sfun_registry.obj
 0001:0001bba0       _ssSetStateAbsTol          000000018001cba0 f   AllinOne_sfun_registry.obj
 0001:0001bc80       sf_process_check_sum_call  000000018001cc80 f   AllinOne_sfun_registry.obj
 0001:0001bcd0       sf_process_machine_uses_exported_functions_call 000000018001ccd0 f   AllinOne_sfun_registry.obj
 0001:0001be80       sf_process_autoinheritance_call 000000018001ce80 f   AllinOne_sfun_registry.obj
 0001:0001c0b0       sf_process_get_third_party_uses_info_call 000000018001d0b0 f   AllinOne_sfun_registry.obj
 0001:0001c2e0       sf_process_get_jit_fallback_info_call 000000018001d2e0 f   AllinOne_sfun_registry.obj
 0001:0001c510       sf_process_get_updateBuildInfo_args_info_call 000000018001d510 f   AllinOne_sfun_registry.obj
 0001:0001c740       sf_process_get_eml_resolved_functions_info_call 000000018001d740 f   AllinOne_sfun_registry.obj
 0001:0001c940       sf_process_get_post_codegen_info 000000018001d940 f   AllinOne_sfun_registry.obj
 0001:0001caf0       sf_mex_unlock_call         000000018001daf0 f   AllinOne_sfun_registry.obj
 0001:0001cdd0       sf_machine_global_initializer_called 000000018001ddd0 f   AllinOne_sfun_registry.obj
 0001:0001ce00       sf_machine_global_method_dispatcher 000000018001de00 f   AllinOne_sfun_registry.obj
 0001:0001ce60       sf_machine_global_terminator 000000018001de60 f   AllinOne_sfun_registry.obj
 0001:0001ceb0       sf_register_machine_exported_symbols 000000018001deb0 f   AllinOne_sfun_registry.obj
 0001:0001ced0       callCustomFcn              000000018001ded0 f   AllinOne_sfun_registry.obj
 0001:0001cee0       sf_machine_global_initializer 000000018001dee0 f   AllinOne_sfun_registry.obj
 0001:0001cf60       mdlGetSimState             000000018001df60 f   AllinOne_sfun_registry.obj
 0001:0001cfa0       mdlSetSimState             000000018001dfa0 f   AllinOne_sfun_registry.obj
 0001:0001d800       ProcessMexSfunctionEveryCall 000000018001e800 f   AllinOne_sfun_registry.obj
 0001:0001e506       sf_load_rtw_optimization_info 000000018001f506 f   sf_runtime:sf_runtime.dll
 0001:0001e50c       sf_debug_initialize_machine 000000018001f50c f   sf_runtime:sf_runtime.dll
 0001:0001e512       sf_debug_set_machine_event_thresholds 000000018001f512 f   sf_runtime:sf_runtime.dll
 0001:0001e518       sf_debug_set_machine_data_thresholds 000000018001f518 f   sf_runtime:sf_runtime.dll
 0001:0001e51e       sf_init_ChartRunTimeInfo   000000018001f51e f   sf_runtime:sf_runtime.dll
 0001:0001e524       sf_free_ChartRunTimeInfo   000000018001f524 f   sf_runtime:sf_runtime.dll
 0001:0001e52a       sf_get_chart_instance_ptr  000000018001f52a f   sf_runtime:sf_runtime.dll
 0001:0001e530       sf_rtw_info_uint_prop      000000018001f530 f   sf_runtime:sf_runtime.dll
 0001:0001e536       sf_update_buildInfo        000000018001f536 f   sf_runtime:sf_runtime.dll
 0001:0001e53c       sf_is_chart_inlinable      000000018001f53c f   sf_runtime:sf_runtime.dll
 0001:0001e542       sf_mark_chart_reusable_outputs 000000018001f542 f   sf_runtime:sf_runtime.dll
 0001:0001e548       sf_mark_chart_expressionable_inputs 000000018001f548 f   sf_runtime:sf_runtime.dll
 0001:0001e54e       sim_mode_is_rtw_gen        000000018001f54e f   sf_runtime:sf_runtime.dll
 0001:0001e554       sim_mode_is_external       000000018001f554 f   sf_runtime:sf_runtime.dll
 0001:0001e55a       sim_mode_is_modelref_sim   000000018001f55a f   sf_runtime:sf_runtime.dll
 0001:0001e560       sf_clear_rtw_identifier    000000018001f560 f   sf_runtime:sf_runtime.dll
 0001:0001e566       sf_set_rtw_dwork_info      000000018001f566 f   sf_runtime:sf_runtime.dll
 0001:0001e56c       sf_get_time                000000018001f56c f   sf_runtime:sf_runtime.dll
 0001:0001e572       sf_is_first_init_cond      000000018001f572 f   sf_runtime:sf_runtime.dll
 0001:0001e578       sf_set_chart_accesses_machine_info 000000018001f578 f   sf_runtime:sf_runtime.dll
 0001:0001e57e       sf_mex_error_message       000000018001f57e f   sf_runtime:sf_runtime.dll
 0001:0001e584       sf_mex_create              000000018001f584 f   sf_runtime:sf_runtime.dll
 0001:0001e58a       sf_mex_createcellmatrix    000000018001f58a f   sf_runtime:sf_runtime.dll
 0001:0001e590       sf_mex_setcell             000000018001f590 f   sf_runtime:sf_runtime.dll
 0001:0001e596       sf_mex_getcell             000000018001f596 f   sf_runtime:sf_runtime.dll
 0001:0001e59c       sf_mex_assign              000000018001f59c f   sf_runtime:sf_runtime.dll
 0001:0001e5a2       sf_mex_dup                 000000018001f5a2 f   sf_runtime:sf_runtime.dll
 0001:0001e5a8       sf_mex_destroy             000000018001f5a8 f   sf_runtime:sf_runtime.dll
 0001:0001e5ae       sf_mex_import              000000018001f5ae f   sf_runtime:sf_runtime.dll
 0001:0001e5b4       sf_mex_sub                 000000018001f5b4 f   sf_runtime:sf_runtime.dll
 0001:0001e5ba       sf_mex_decode_encoded_mx_struct_array 000000018001f5ba f   sf_runtime:sf_runtime.dll
 0001:0001e5c0       sf_mex_duplicatearraysafe  000000018001f5c0 f   sf_runtime:sf_runtime.dll
 0001:0001e5c6       ssGetInputPortSignal_wrapper 000000018001f5c6 f   sf_runtime:sf_runtime.dll
 0001:0001e5cc       ssGetInputPortSignalPtrs_wrapper 000000018001f5cc f   sf_runtime:sf_runtime.dll
 0001:0001e5d2       ssGetOutputPortSignal_wrapper 000000018001f5d2 f   sf_runtime:sf_runtime.dll
 0001:0001e5d8       sf_debug_initialize_chart  000000018001f5d8 f   sf_runtime:sf_runtime.dll
 0001:0001e5de       sf_debug_call              000000018001f5de f   sf_runtime:sf_runtime.dll
 0001:0001e5e4       cv_eval_point              000000018001f5e4 f   sf_runtime:sf_runtime.dll
 0001:0001e5ea       cv_eml_eval                000000018001f5ea f   sf_runtime:sf_runtime.dll
 0001:0001e5f0       cv_eval_relational         000000018001f5f0 f   sf_runtime:sf_runtime.dll
 0001:0001e5f6       cv_eml_init_script         000000018001f5f6 f   sf_runtime:sf_runtime.dll
 0001:0001e5fc       cv_eml_init_if             000000018001f5fc f   sf_runtime:sf_runtime.dll
 0001:0001e602       cv_eml_init_mcdc           000000018001f602 f   sf_runtime:sf_runtime.dll
 0001:0001e608       cv_eml_init_relational     000000018001f608 f   sf_runtime:sf_runtime.dll
 0001:0001e60e       sf_debug_reset_current_state_configuration 000000018001f60e f   sf_runtime:sf_runtime.dll
 0001:0001e614       sf_debug_check_for_state_inconsistency 000000018001f614 f   sf_runtime:sf_runtime.dll
 0001:0001e61a       sf_debug_set_honor_breakpoints 000000018001f61a f   sf_runtime:sf_runtime.dll
 0001:0001e620       sf_debug_get_animation     000000018001f620 f   sf_runtime:sf_runtime.dll
 0001:0001e626       sf_debug_set_animation     000000018001f626 f   sf_runtime:sf_runtime.dll
 0001:0001e62c       sf_debug_animate           000000018001f62c f   sf_runtime:sf_runtime.dll
 0001:0001e632       sf_debug_set_chart_data_props 000000018001f632 f   sf_runtime:sf_runtime.dll
 0001:0001e638       sf_debug_set_chart_data_compiled_props 000000018001f638 f   sf_runtime:sf_runtime.dll
 0001:0001e63e       sf_debug_symbol_scope_push 000000018001f63e f   sf_runtime:sf_runtime.dll
 0001:0001e644       sf_debug_symbol_scope_push_eml 000000018001f644 f   sf_runtime:sf_runtime.dll
 0001:0001e64a       sf_debug_symbol_scope_pop  000000018001f64a f   sf_runtime:sf_runtime.dll
 0001:0001e650       sf_debug_symbol_scope_add_eml_importable 000000018001f650 f   sf_runtime:sf_runtime.dll
 0001:0001e656       sf_debug_set_chart_event_scope 000000018001f656 f   sf_runtime:sf_runtime.dll
 0001:0001e65c       sf_debug_set_instance_data_value_ptr 000000018001f65c f   sf_runtime:sf_runtime.dll
 0001:0001e662       sf_debug_set_chart_disable_implicit_casting 000000018001f662 f   sf_runtime:sf_runtime.dll
 0001:0001e668       sf_debug_set_chart_event_thresholds 000000018001f668 f   sf_runtime:sf_runtime.dll
 0001:0001e66e       sf_debug_set_chart_state_info 000000018001f66e f   sf_runtime:sf_runtime.dll
 0001:0001e674       sf_debug_set_chart_decomposition 000000018001f674 f   sf_runtime:sf_runtime.dll
 0001:0001e67a       sf_debug_set_chart_substate_count 000000018001f67a f   sf_runtime:sf_runtime.dll
 0001:0001e680       sf_debug_set_chart_substate_index 000000018001f680 f   sf_runtime:sf_runtime.dll
 0001:0001e686       sf_debug_set_chart_state_substate_count 000000018001f686 f   sf_runtime:sf_runtime.dll
 0001:0001e68c       sf_debug_read_before_write_error 000000018001f68c f   sf_runtime:sf_runtime.dll
 0001:0001e692       sf_debug_data_range_wrapper 000000018001f692 f   sf_runtime:sf_runtime.dll
 0001:0001e698       sf_debug_cv_init_trans     000000018001f698 f   sf_runtime:sf_runtime.dll
 0001:0001e69e       sf_debug_cv_init_chart     000000018001f69e f   sf_runtime:sf_runtime.dll
 0001:0001e6a4       sf_debug_cv_init_state     000000018001f6a4 f   sf_runtime:sf_runtime.dll
 0001:0001e6aa       sf_get_ChartInfoStruct_CodeGen 000000018001f6aa f   sf_runtime:sf_runtime.dll
 0001:0001e6b0       sf_get_isEnhancedMooreMachine 000000018001f6b0 f   sf_runtime:sf_runtime.dll
 0001:0001e6b6       sf_set_compiledInfo        000000018001f6b6 f   sf_runtime:sf_runtime.dll
 0001:0001e6bc       callMdlMethodAndReportError 000000018001f6bc f   sf_runtime:sf_runtime.dll
 0001:0001e6c2       call_sf_machine_global_method_dispatcher 000000018001f6c2 f   sf_runtime:sf_runtime.dll
 0001:0001e6c8       sf_mex_error_direct_call   000000018001f6c8 f   sf_runtime:sf_runtime.dll
 0001:0001e6ce       sf_clear_error_manager_info 000000018001f6ce f   sf_runtime:sf_runtime.dll
 0001:0001e6d4       sf_debug_create_debug_instance_struct 000000018001f6d4 f   sf_runtime:sf_runtime.dll
 0001:0001e6da       sf_debug_terminate         000000018001f6da f   sf_runtime:sf_runtime.dll
 0001:0001e6e0       sf_debug_api               000000018001f6e0 f   sf_runtime:sf_runtime.dll
 0001:0001e6e6       mxIsChar                   000000018001f6e6 f   libmx:libmx.dll
 0001:0001e6ec       mxGetPr                    000000018001f6ec f   libmx:libmx.dll
 0001:0001e6f2       mxGetScalar                000000018001f6f2 f   libmx:libmx.dll
 0001:0001e6f8       mxDestroyArray             000000018001f6f8 f   libmx:libmx.dll
 0001:0001e6fe       mxCreateDoubleMatrix_730   000000018001f6fe f   libmx:libmx.dll
 0001:0001e704       mxCreateLogicalScalar      000000018001f704 f   libmx:libmx.dll
 0001:0001e70a       mxGetString_730            000000018001f70a f   libmx:libmx.dll
 0001:0001e710       mxDuplicateArray           000000018001f710 f   libmx:libmx.dll
 0001:0001e716       mxSetField_730             000000018001f716 f   libmx:libmx.dll
 0001:0001e71c       mxCreateDoubleScalar       000000018001f71c f   libmx:libmx.dll
 0001:0001e722       mxCreateString             000000018001f722 f   libmx:libmx.dll
 0001:0001e728       mxCreateCellMatrix_730     000000018001f728 f   libmx:libmx.dll
 0001:0001e72e       mxCreateCellArray_730      000000018001f72e f   libmx:libmx.dll
 0001:0001e734       mxCreateStructMatrix_730   000000018001f734 f   libmx:libmx.dll
 0001:0001e73a       mxCreateStructArray_730    000000018001f73a f   libmx:libmx.dll
 0001:0001e740       mxCalloc                   000000018001f740 f   libmx:libmx.dll
 0001:0001e746       mxGetM                     000000018001f746 f   libmx:libmx.dll
 0001:0001e74c       mxGetClassID               000000018001f74c f   libmx:libmx.dll
 0001:0001e752       mxIsNumeric                000000018001f752 f   libmx:libmx.dll
 0001:0001e758       mxIsComplex                000000018001f758 f   libmx:libmx.dll
 0001:0001e75e       mxGetN                     000000018001f75e f   libmx:libmx.dll
 0001:0001e764       mexMakeArrayPersistent     000000018001f764 f   libmex:libmex.dll
 0001:0001e76a       mexCallMATLABWithObject    000000018001f76a f   libmex:libmex.dll
 0001:0001e770       mexErrMsgTxt               000000018001f770 f   libmex:libmex.dll
 0001:0001e776       mexWarnMsgTxt              000000018001f776 f   libmex:libmex.dll
 0001:0001e77c       mexLock                    000000018001f77c f   libmex:libmex.dll
 0001:0001e782       mexUnlock                  000000018001f782 f   libmex:libmex.dll
 0001:0001e788       mexIsLocked                000000018001f788 f   libmex:libmex.dll
 0001:0001e78e       utMalloc                   000000018001f78e f   libut:libut.dll
 0001:0001e794       utFree                     000000018001f794 f   libut:libut.dll
 0001:0001e79c       __raise_securityfailure    000000018001f79c f   MSVCRT:gs_report.obj
 0001:0001e7e8       __report_gsfailure         000000018001f7e8 f   MSVCRT:gs_report.obj
 0001:0001e8bc       __report_rangecheckfailure 000000018001f8bc f   MSVCRT:gs_report.obj
 0001:0001e8d0       __report_securityfailure   000000018001f8d0 f   MSVCRT:gs_report.obj
 0001:0001e96c       __report_securityfailureEx 000000018001f96c f   MSVCRT:gs_report.obj
 0001:0001ea7a       strcmp                     000000018001fa7a f   MSVCRT:MSVCR120.dll
 0001:0001ea80       __GSHandlerCheck           000000018001fa80 f   MSVCRT:gshandler.obj
 0001:0001eaa0       __GSHandlerCheckCommon     000000018001faa0 f   MSVCRT:gshandler.obj
 0001:0001eb20       __security_check_cookie    000000018001fb20 f   MSVCRT:amdsecgs.obj
 0001:0001eb40       memset                     000000018001fb40 f   MSVCRT:MSVCR120.dll
 0001:0001eb46       memcpy                     000000018001fb46 f   MSVCRT:MSVCR120.dll
 0001:0001eb4c       strcat                     000000018001fb4c f   MSVCRT:MSVCR120.dll
 0001:0001eb52       strlen                     000000018001fb52 f   MSVCRT:MSVCR120.dll
 0001:0001eb58       sprintf                    000000018001fb58 f   MSVCRT:MSVCR120.dll
 0001:0001eb5e       free                       000000018001fb5e f   MSVCRT:MSVCR120.dll
 0001:0001eb64       malloc                     000000018001fb64 f   MSVCRT:MSVCR120.dll
 0001:0001ebcc       NtCurrentTeb               000000018001fbcc f i MSVCRT:crtdll.obj
 0001:0001ebd8       _CRT_INIT                  000000018001fbd8 f   MSVCRT:crtdll.obj
 0001:0001ee24       _DllMainCRTStartup         000000018001fe24 f   MSVCRT:crtdll.obj
 0001:0001ef9a       __crt_debugger_hook        000000018001ff9a f   MSVCRT:MSVCR120.dll
 0001:0001efa0       __crtUnhandledException    000000018001ffa0 f   MSVCRT:MSVCR120.dll
 0001:0001efa6       __crtTerminateProcess      000000018001ffa6 f   MSVCRT:MSVCR120.dll
 0001:0001efac       __crtCaptureCurrentContext 000000018001ffac f   MSVCRT:MSVCR120.dll
 0001:0001efb2       __crtCapturePreviousContext 000000018001ffb2 f   MSVCRT:MSVCR120.dll
 0001:0001efb8       __CppXcptFilter            000000018001ffb8 f   MSVCRT:MSVCR120.dll
 0001:0001efbe       _amsg_exit                 000000018001ffbe f   MSVCRT:MSVCR120.dll
 0001:0001efd0       _FindPESection             000000018001ffd0 f   MSVCRT:pesect.obj
 0001:0001f020       _IsNonwritableInCurrentImage 0000000180020020 f   MSVCRT:pesect.obj
 0001:0001f070       _ValidateImageBase         0000000180020070 f   MSVCRT:pesect.obj
 0001:0001f0a0       __atonexitinit             00000001800200a0 f   MSVCRT:atonexit.obj
 0001:0001f0f0       _onexit                    00000001800200f0 f   MSVCRT:atonexit.obj
 0001:0001f1a0       atexit                     00000001800201a0 f   MSVCRT:atonexit.obj
 0001:0001f1b8       __security_init_cookie     00000001800201b8 f   MSVCRT:gs_support.obj
 0001:0001f264       DllMain                    0000000180020264 f   MSVCRT:dllmain.obj
 0001:0001f288       _malloc_crt                0000000180020288 f   MSVCRT:MSVCR120.dll
 0001:0001f290       _RTC_Initialize            0000000180020290 f   MSVCRT:initsect.obj
 0001:0001f2c8       _RTC_Terminate             00000001800202c8 f   MSVCRT:initsect.obj
 0001:0001f300       _initterm                  0000000180020300 f   MSVCRT:MSVCR120.dll
 0001:0001f306       _initterm_e                0000000180020306 f   MSVCRT:MSVCR120.dll
 0001:0001f30c       __clean_type_info_names    000000018002030c f   MSVCRT:tncleanup.obj
 0001:0001f318       __C_specific_handler       0000000180020318 f   MSVCRT:MSVCR120.dll
 0001:0001f31e       _lock                      000000018002031e f   MSVCRT:MSVCR120.dll
 0001:0001f324       _unlock                    0000000180020324 f   MSVCRT:MSVCR120.dll
 0001:0001f32a       _calloc_crt                000000018002032a f   MSVCRT:MSVCR120.dll
 0001:0001f330       __dllonexit                0000000180020330 f   MSVCRT:MSVCR120.dll
 0001:0001f336       __clean_type_info_names_internal 0000000180020336 f   MSVCRT:MSVCR120.dll
 0001:0001f33c       IsDebuggerPresent          000000018002033c f   kernel32:KERNEL32.dll
 0001:0001f342       IsProcessorFeaturePresent  0000000180020342 f   kernel32:KERNEL32.dll
 0001:0001f348       EncodePointer              0000000180020348 f   kernel32:KERNEL32.dll
 0001:0001f34e       DecodePointer              000000018002034e f   kernel32:KERNEL32.dll
 0001:0001f354       QueryPerformanceCounter    0000000180020354 f   kernel32:KERNEL32.dll
 0001:0001f35a       GetCurrentProcessId        000000018002035a f   kernel32:KERNEL32.dll
 0001:0001f360       GetCurrentThreadId         0000000180020360 f   kernel32:KERNEL32.dll
 0001:0001f366       GetSystemTimeAsFileTime    0000000180020366 f   kernel32:KERNEL32.dll
 0001:0001f36c       DisableThreadLibraryCalls  000000018002036c f   kernel32:KERNEL32.dll
 0002:00000000       __imp_GetSystemTimeAsFileTime 0000000180021000     kernel32:KERNEL32.dll
 0002:00000008       __imp_GetCurrentThreadId   0000000180021008     kernel32:KERNEL32.dll
 0002:00000010       __imp_GetCurrentProcessId  0000000180021010     kernel32:KERNEL32.dll
 0002:00000018       __imp_QueryPerformanceCounter 0000000180021018     kernel32:KERNEL32.dll
 0002:00000020       __imp_DecodePointer        0000000180021020     kernel32:KERNEL32.dll
 0002:00000028       __imp_EncodePointer        0000000180021028     kernel32:KERNEL32.dll
 0002:00000030       __imp_IsProcessorFeaturePresent 0000000180021030     kernel32:KERNEL32.dll
 0002:00000038       __imp_IsDebuggerPresent    0000000180021038     kernel32:KERNEL32.dll
 0002:00000040       __imp_DisableThreadLibraryCalls 0000000180021040     kernel32:KERNEL32.dll
 0002:00000048       \177KERNEL32_NULL_THUNK_DATA 0000000180021048     kernel32:KERNEL32.dll
 0002:00000050       __imp___clean_type_info_names_internal 0000000180021050     MSVCRT:MSVCR120.dll
 0002:00000058       __imp___dllonexit          0000000180021058     MSVCRT:MSVCR120.dll
 0002:00000060       __imp__calloc_crt          0000000180021060     MSVCRT:MSVCR120.dll
 0002:00000068       __imp__unlock              0000000180021068     MSVCRT:MSVCR120.dll
 0002:00000070       __imp__lock                0000000180021070     MSVCRT:MSVCR120.dll
 0002:00000078       __imp___C_specific_handler 0000000180021078     MSVCRT:MSVCR120.dll
 0002:00000080       __imp__initterm_e          0000000180021080     MSVCRT:MSVCR120.dll
 0002:00000088       __imp__initterm            0000000180021088     MSVCRT:MSVCR120.dll
 0002:00000090       __imp__malloc_crt          0000000180021090     MSVCRT:MSVCR120.dll
 0002:00000098       __imp__amsg_exit           0000000180021098     MSVCRT:MSVCR120.dll
 0002:000000a0       __imp___CppXcptFilter      00000001800210a0     MSVCRT:MSVCR120.dll
 0002:000000a8       __imp___crtCapturePreviousContext 00000001800210a8     MSVCRT:MSVCR120.dll
 0002:000000b0       __imp___crtCaptureCurrentContext 00000001800210b0     MSVCRT:MSVCR120.dll
 0002:000000b8       __imp___crtTerminateProcess 00000001800210b8     MSVCRT:MSVCR120.dll
 0002:000000c0       __imp___crtUnhandledException 00000001800210c0     MSVCRT:MSVCR120.dll
 0002:000000c8       __imp___crt_debugger_hook  00000001800210c8     MSVCRT:MSVCR120.dll
 0002:000000d0       __imp_malloc               00000001800210d0     MSVCRT:MSVCR120.dll
 0002:000000d8       __imp_free                 00000001800210d8     MSVCRT:MSVCR120.dll
 0002:000000e0       __imp_sprintf              00000001800210e0     MSVCRT:MSVCR120.dll
 0002:000000e8       __imp_strlen               00000001800210e8     MSVCRT:MSVCR120.dll
 0002:000000f0       __imp_strcat               00000001800210f0     MSVCRT:MSVCR120.dll
 0002:000000f8       __imp_memcpy               00000001800210f8     MSVCRT:MSVCR120.dll
 0002:00000100       __imp_memset               0000000180021100     MSVCRT:MSVCR120.dll
 0002:00000108       __imp_strcmp               0000000180021108     MSVCRT:MSVCR120.dll
 0002:00000110       __imp__onexit              0000000180021110     MSVCRT:MSVCR120.dll
 0002:00000118       \177MSVCR120_NULL_THUNK_DATA 0000000180021118     MSVCRT:MSVCR120.dll
 0002:00000120       __imp_mexUnlock            0000000180021120     libmex:libmex.dll
 0002:00000128       __imp_mexCallMATLABWithObject 0000000180021128     libmex:libmex.dll
 0002:00000130       __imp_mexErrMsgTxt         0000000180021130     libmex:libmex.dll
 0002:00000138       __imp_mexIsLocked          0000000180021138     libmex:libmex.dll
 0002:00000140       __imp_mexMakeArrayPersistent 0000000180021140     libmex:libmex.dll
 0002:00000148       __imp_mexLock              0000000180021148     libmex:libmex.dll
 0002:00000150       __imp_mexWarnMsgTxt        0000000180021150     libmex:libmex.dll
 0002:00000158       \177libmex_NULL_THUNK_DATA 0000000180021158     libmex:libmex.dll
 0002:00000160       __imp_mxGetPr              0000000180021160     libmx:libmx.dll
 0002:00000168       __imp_mxGetString_730      0000000180021168     libmx:libmx.dll
 0002:00000170       __imp_mxGetScalar          0000000180021170     libmx:libmx.dll
 0002:00000178       __imp_mxGetN               0000000180021178     libmx:libmx.dll
 0002:00000180       __imp_mxIsComplex          0000000180021180     libmx:libmx.dll
 0002:00000188       __imp_mxIsNumeric          0000000180021188     libmx:libmx.dll
 0002:00000190       __imp_mxGetClassID         0000000180021190     libmx:libmx.dll
 0002:00000198       __imp_mxGetM               0000000180021198     libmx:libmx.dll
 0002:000001a0       __imp_mxCalloc             00000001800211a0     libmx:libmx.dll
 0002:000001a8       __imp_mxCreateStructArray_730 00000001800211a8     libmx:libmx.dll
 0002:000001b0       __imp_mxCreateStructMatrix_730 00000001800211b0     libmx:libmx.dll
 0002:000001b8       __imp_mxCreateCellArray_730 00000001800211b8     libmx:libmx.dll
 0002:000001c0       __imp_mxCreateCellMatrix_730 00000001800211c0     libmx:libmx.dll
 0002:000001c8       __imp_mxCreateString       00000001800211c8     libmx:libmx.dll
 0002:000001d0       __imp_mxCreateDoubleScalar 00000001800211d0     libmx:libmx.dll
 0002:000001d8       __imp_mxSetField_730       00000001800211d8     libmx:libmx.dll
 0002:000001e0       __imp_mxDuplicateArray     00000001800211e0     libmx:libmx.dll
 0002:000001e8       __imp_mxCreateLogicalScalar 00000001800211e8     libmx:libmx.dll
 0002:000001f0       __imp_mxCreateDoubleMatrix_730 00000001800211f0     libmx:libmx.dll
 0002:000001f8       __imp_mxDestroyArray       00000001800211f8     libmx:libmx.dll
 0002:00000200       __imp_mxIsChar             0000000180021200     libmx:libmx.dll
 0002:00000208       \177libmx_NULL_THUNK_DATA  0000000180021208     libmx:libmx.dll
 0002:00000210       __imp_utFree               0000000180021210     libut:libut.dll
 0002:00000218       __imp_utMalloc             0000000180021218     libut:libut.dll
 0002:00000220       \177libut_NULL_THUNK_DATA  0000000180021220     libut:libut.dll
 0002:00000228       __imp_sf_debug_cv_init_state 0000000180021228     sf_runtime:sf_runtime.dll
 0002:00000230       __imp_sf_get_ChartInfoStruct_CodeGen 0000000180021230     sf_runtime:sf_runtime.dll
 0002:00000238       __imp_sf_get_isEnhancedMooreMachine 0000000180021238     sf_runtime:sf_runtime.dll
 0002:00000240       __imp_sf_set_compiledInfo  0000000180021240     sf_runtime:sf_runtime.dll
 0002:00000248       __imp_callMdlMethodAndReportError 0000000180021248     sf_runtime:sf_runtime.dll
 0002:00000250       __imp_sf_debug_initialize_chart 0000000180021250     sf_runtime:sf_runtime.dll
 0002:00000258       __imp_sf_debug_cv_init_chart 0000000180021258     sf_runtime:sf_runtime.dll
 0002:00000260       __imp_sf_clear_error_manager_info 0000000180021260     sf_runtime:sf_runtime.dll
 0002:00000268       __imp_sf_debug_create_debug_instance_struct 0000000180021268     sf_runtime:sf_runtime.dll
 0002:00000270       __imp_sf_debug_terminate   0000000180021270     sf_runtime:sf_runtime.dll
 0002:00000278       __imp_sf_debug_api         0000000180021278     sf_runtime:sf_runtime.dll
 0002:00000280       __imp_sf_debug_cv_init_trans 0000000180021280     sf_runtime:sf_runtime.dll
 0002:00000288       __imp_sf_debug_data_range_wrapper 0000000180021288     sf_runtime:sf_runtime.dll
 0002:00000290       __imp_sf_debug_read_before_write_error 0000000180021290     sf_runtime:sf_runtime.dll
 0002:00000298       __imp_sf_debug_set_chart_state_substate_count 0000000180021298     sf_runtime:sf_runtime.dll
 0002:000002a0       __imp_sf_debug_set_chart_substate_index 00000001800212a0     sf_runtime:sf_runtime.dll
 0002:000002a8       __imp_sf_debug_set_chart_substate_count 00000001800212a8     sf_runtime:sf_runtime.dll
 0002:000002b0       __imp_sf_debug_call        00000001800212b0     sf_runtime:sf_runtime.dll
 0002:000002b8       __imp_sf_debug_set_chart_decomposition 00000001800212b8     sf_runtime:sf_runtime.dll
 0002:000002c0       __imp_sf_debug_set_chart_state_info 00000001800212c0     sf_runtime:sf_runtime.dll
 0002:000002c8       __imp_sf_debug_set_chart_event_thresholds 00000001800212c8     sf_runtime:sf_runtime.dll
 0002:000002d0       __imp_sf_debug_set_chart_disable_implicit_casting 00000001800212d0     sf_runtime:sf_runtime.dll
 0002:000002d8       __imp_sf_debug_set_instance_data_value_ptr 00000001800212d8     sf_runtime:sf_runtime.dll
 0002:000002e0       __imp_sf_debug_set_chart_event_scope 00000001800212e0     sf_runtime:sf_runtime.dll
 0002:000002e8       __imp_sf_debug_symbol_scope_add_eml_importable 00000001800212e8     sf_runtime:sf_runtime.dll
 0002:000002f0       __imp_sf_debug_symbol_scope_pop 00000001800212f0     sf_runtime:sf_runtime.dll
 0002:000002f8       __imp_sf_debug_symbol_scope_push_eml 00000001800212f8     sf_runtime:sf_runtime.dll
 0002:00000300       __imp_sf_debug_symbol_scope_push 0000000180021300     sf_runtime:sf_runtime.dll
 0002:00000308       __imp_sf_debug_set_chart_data_compiled_props 0000000180021308     sf_runtime:sf_runtime.dll
 0002:00000310       __imp_sf_debug_set_chart_data_props 0000000180021310     sf_runtime:sf_runtime.dll
 0002:00000318       __imp_sf_debug_animate     0000000180021318     sf_runtime:sf_runtime.dll
 0002:00000320       __imp_sf_debug_set_animation 0000000180021320     sf_runtime:sf_runtime.dll
 0002:00000328       __imp_sf_debug_get_animation 0000000180021328     sf_runtime:sf_runtime.dll
 0002:00000330       __imp_sf_debug_set_honor_breakpoints 0000000180021330     sf_runtime:sf_runtime.dll
 0002:00000338       __imp_sf_debug_check_for_state_inconsistency 0000000180021338     sf_runtime:sf_runtime.dll
 0002:00000340       __imp_sf_debug_reset_current_state_configuration 0000000180021340     sf_runtime:sf_runtime.dll
 0002:00000348       __imp_cv_eml_init_relational 0000000180021348     sf_runtime:sf_runtime.dll
 0002:00000350       __imp_cv_eml_init_mcdc     0000000180021350     sf_runtime:sf_runtime.dll
 0002:00000358       __imp_cv_eml_init_if       0000000180021358     sf_runtime:sf_runtime.dll
 0002:00000360       __imp_cv_eml_init_script   0000000180021360     sf_runtime:sf_runtime.dll
 0002:00000368       __imp_cv_eval_relational   0000000180021368     sf_runtime:sf_runtime.dll
 0002:00000370       __imp_cv_eml_eval          0000000180021370     sf_runtime:sf_runtime.dll
 0002:00000378       __imp_cv_eval_point        0000000180021378     sf_runtime:sf_runtime.dll
 0002:00000380       __imp_sf_mex_error_direct_call 0000000180021380     sf_runtime:sf_runtime.dll
 0002:00000388       __imp_ssGetOutputPortSignal_wrapper 0000000180021388     sf_runtime:sf_runtime.dll
 0002:00000390       __imp_ssGetInputPortSignalPtrs_wrapper 0000000180021390     sf_runtime:sf_runtime.dll
 0002:00000398       __imp_ssGetInputPortSignal_wrapper 0000000180021398     sf_runtime:sf_runtime.dll
 0002:000003a0       __imp_sf_mex_duplicatearraysafe 00000001800213a0     sf_runtime:sf_runtime.dll
 0002:000003a8       __imp_sf_mex_decode_encoded_mx_struct_array 00000001800213a8     sf_runtime:sf_runtime.dll
 0002:000003b0       __imp_sf_mex_sub           00000001800213b0     sf_runtime:sf_runtime.dll
 0002:000003b8       __imp_sf_mex_import        00000001800213b8     sf_runtime:sf_runtime.dll
 0002:000003c0       __imp_sf_mex_destroy       00000001800213c0     sf_runtime:sf_runtime.dll
 0002:000003c8       __imp_sf_mex_dup           00000001800213c8     sf_runtime:sf_runtime.dll
 0002:000003d0       __imp_sf_mex_assign        00000001800213d0     sf_runtime:sf_runtime.dll
 0002:000003d8       __imp_sf_mex_getcell       00000001800213d8     sf_runtime:sf_runtime.dll
 0002:000003e0       __imp_sf_mex_setcell       00000001800213e0     sf_runtime:sf_runtime.dll
 0002:000003e8       __imp_sf_mex_createcellmatrix 00000001800213e8     sf_runtime:sf_runtime.dll
 0002:000003f0       __imp_sf_mex_create        00000001800213f0     sf_runtime:sf_runtime.dll
 0002:000003f8       __imp_sf_mex_error_message 00000001800213f8     sf_runtime:sf_runtime.dll
 0002:00000400       __imp_sf_set_chart_accesses_machine_info 0000000180021400     sf_runtime:sf_runtime.dll
 0002:00000408       __imp_sf_is_first_init_cond 0000000180021408     sf_runtime:sf_runtime.dll
 0002:00000410       __imp_sf_get_time          0000000180021410     sf_runtime:sf_runtime.dll
 0002:00000418       __imp_sf_set_rtw_dwork_info 0000000180021418     sf_runtime:sf_runtime.dll
 0002:00000420       __imp_sf_clear_rtw_identifier 0000000180021420     sf_runtime:sf_runtime.dll
 0002:00000428       __imp_sim_mode_is_modelref_sim 0000000180021428     sf_runtime:sf_runtime.dll
 0002:00000430       __imp_sim_mode_is_external 0000000180021430     sf_runtime:sf_runtime.dll
 0002:00000438       __imp_sim_mode_is_rtw_gen  0000000180021438     sf_runtime:sf_runtime.dll
 0002:00000440       __imp_sf_mark_chart_expressionable_inputs 0000000180021440     sf_runtime:sf_runtime.dll
 0002:00000448       __imp_sf_is_chart_inlinable 0000000180021448     sf_runtime:sf_runtime.dll
 0002:00000450       __imp_sf_mark_chart_reusable_outputs 0000000180021450     sf_runtime:sf_runtime.dll
 0002:00000458       __imp_sf_update_buildInfo  0000000180021458     sf_runtime:sf_runtime.dll
 0002:00000460       __imp_sf_rtw_info_uint_prop 0000000180021460     sf_runtime:sf_runtime.dll
 0002:00000468       __imp_sf_get_chart_instance_ptr 0000000180021468     sf_runtime:sf_runtime.dll
 0002:00000470       __imp_sf_free_ChartRunTimeInfo 0000000180021470     sf_runtime:sf_runtime.dll
 0002:00000478       __imp_sf_init_ChartRunTimeInfo 0000000180021478     sf_runtime:sf_runtime.dll
 0002:00000480       __imp_sf_debug_set_machine_data_thresholds 0000000180021480     sf_runtime:sf_runtime.dll
 0002:00000488       __imp_sf_debug_set_machine_event_thresholds 0000000180021488     sf_runtime:sf_runtime.dll
 0002:00000490       __imp_sf_debug_initialize_machine 0000000180021490     sf_runtime:sf_runtime.dll
 0002:00000498       __imp_call_sf_machine_global_method_dispatcher 0000000180021498     sf_runtime:sf_runtime.dll
 0002:000004a0       __imp_sf_load_rtw_optimization_info 00000001800214a0     sf_runtime:sf_runtime.dll
 0002:000004a8       \177sf_runtime_NULL_THUNK_DATA 00000001800214a8     sf_runtime:sf_runtime.dll
 0002:000004b0       __xc_a                     00000001800214b0     MSVCRT:cinitexe.obj
 0002:000004b8       __xc_z                     00000001800214b8     MSVCRT:cinitexe.obj
 0002:000004c0       __xi_a                     00000001800214c0     MSVCRT:cinitexe.obj
 0002:000004d8       __xi_z                     00000001800214d8     MSVCRT:cinitexe.obj
 0002:000004e0       __real@41afe58b40000000    00000001800214e0     AllinOne_sfun.obj
 0002:000004e8       __real@41cc94585b800000    00000001800214e8     AllinOne_sfun.obj
 0002:000004f0       __real@41d9a0a477800000    00000001800214f0     AllinOne_sfun.obj
 0002:000004f8       __real@41e0999a1b800000    00000001800214f8     AllinOne_sfun.obj
 0002:00000500       __real@41e0dd129a400000    0000000180021500     AllinOne_sfun.obj
 0002:00000508       __real@41e296586fc00000    0000000180021508     AllinOne_sfun.obj
 0002:00000510       __real@41e632a77c800000    0000000180021510     AllinOne_sfun.obj
 0002:00000518       __real@41e8a8bc67a00000    0000000180021518     AllinOne_sfun.obj
 0002:00000520       __real@41e8b1017c400000    0000000180021520     AllinOne_sfun.obj
 0002:00000528       __real@41e954acc5a00000    0000000180021528     AllinOne_sfun.obj
 0002:00000530       __real@41ea66b17c400000    0000000180021530     AllinOne_sfun.obj
 0002:00000538       __real@41ee2725ed000000    0000000180021538     AllinOne_sfun.obj
 0002:000005d0       __real@0000000000000000    00000001800215d0     c2_AllinOne.obj
 0002:000005d8       __real@3ff0000000000000    00000001800215d8     c2_AllinOne.obj
 0002:000005e0       __real@4008000000000000    00000001800215e0     c2_AllinOne.obj
 0002:000005e8       __real@4020000000000000    00000001800215e8     c2_AllinOne.obj
 0002:000005f0       __real@4024000000000000    00000001800215f0     c2_AllinOne.obj
 0002:000005f8       __real@41ab1a50ac000000    00000001800215f8     c2_AllinOne.obj
 0002:00000600       __real@41b17739dc000000    0000000180021600     c2_AllinOne.obj
 0002:00000608       __real@41c74de0f7800000    0000000180021608     c2_AllinOne.obj
 0002:00000610       __real@41d07da59e800000    0000000180021610     c2_AllinOne.obj
 0002:00000618       __real@41d77936a7400000    0000000180021618     c2_AllinOne.obj
 0002:00000620       __real@41dc1d860a000000    0000000180021620     c2_AllinOne.obj
 0002:00000628       __real@41e095fe4fc00000    0000000180021628     c2_AllinOne.obj
 0002:00000630       __real@41e65dbeb4a00000    0000000180021630     c2_AllinOne.obj
 0002:00000760       DYNAMIC_DIMENSION_DEF      0000000180021760     AllinOne_sfun_registry.obj
 0002:00000780       _ssBadLevel2InputAccessMsg 0000000180021780     AllinOne_sfun_registry.obj
 0002:00000910       _ssBadLevel2DirectFeedMsg  0000000180021910     AllinOne_sfun_registry.obj
 0002:00000a50       _ssBadLevel2DirectFeedSolutionMsg 0000000180021a50     AllinOne_sfun_registry.obj
 0002:00000ac0       _ssBadLevel2ZeroDirectFeedMsg 0000000180021ac0     AllinOne_sfun_registry.obj
 0002:00000c00       _ssBadLevel2ZeroDirectFeedMsg2 0000000180021c00     AllinOne_sfun_registry.obj
 0002:00000ce8       __real@41602cbca0000000    0000000180021ce8     AllinOne_sfun_registry.obj
 0002:00000cf0       __real@bff0000000000000    0000000180021cf0     AllinOne_sfun_registry.obj
 0002:00000d08       _pDefaultRawDllMain        0000000180021d08     MSVCRT:crtdll.obj
 0002:00000d08       _pRawDllMain               0000000180021d08     MSVCRT:crtdll.obj
 0002:00000d10       ?ProcessDetach@NativeDll@<CrtImplementationDetails>@@0IB 0000000180021d10     MSVCRT:initsect.obj
 0002:00000d14       ?ProcessAttach@NativeDll@<CrtImplementationDetails>@@0IB 0000000180021d14     MSVCRT:initsect.obj
 0002:00000d18       ?ThreadAttach@NativeDll@<CrtImplementationDetails>@@0IB 0000000180021d18     MSVCRT:initsect.obj
 0002:00000d1c       ?ThreadDetach@NativeDll@<CrtImplementationDetails>@@0IB 0000000180021d1c     MSVCRT:initsect.obj
 0002:00000d20       ?ProcessVerifier@NativeDll@<CrtImplementationDetails>@@0IB 0000000180021d20     MSVCRT:initsect.obj
 0002:00000d24       ?value@?$integral_constant@_N$0A@@std@@2_NB 0000000180021d24     MSVCRT:tncleanup.obj
 0002:00000d25       ?value@?$integral_constant@_N$00@std@@2_NB 0000000180021d25     MSVCRT:tncleanup.obj
 0002:00000d30       _load_config_used          0000000180021d30     MSVCRT:loadcfg.obj
 0002:00000da0       __rtc_iaa                  0000000180021da0     MSVCRT:initsect.obj
 0002:00000da8       __rtc_izz                  0000000180021da8     MSVCRT:initsect.obj
 0002:00000db0       __rtc_taa                  0000000180021db0     MSVCRT:initsect.obj
 0002:00000db8       __rtc_tzz                  0000000180021db8     MSVCRT:initsect.obj
 0002:00001984       __IMPORT_DESCRIPTOR_sf_runtime 0000000180022984     sf_runtime:sf_runtime.dll
 0002:00001998       __IMPORT_DESCRIPTOR_libmx  0000000180022998     libmx:libmx.dll
 0002:000019ac       __IMPORT_DESCRIPTOR_libmex 00000001800229ac     libmex:libmex.dll
 0002:000019c0       __IMPORT_DESCRIPTOR_libut  00000001800229c0     libut:libut.dll
 0002:000019d4       __IMPORT_DESCRIPTOR_MSVCR120 00000001800229d4     MSVCRT:MSVCR120.dll
 0002:000019e8       __IMPORT_DESCRIPTOR_KERNEL32 00000001800229e8     kernel32:KERNEL32.dll
 0002:000019fc       __NULL_IMPORT_DESCRIPTOR   00000001800229fc     sf_runtime:sf_runtime.dll
 0003:000035e0       DYNAMIC_DIMENSION          00000001800275e0     AllinOne_sfun_registry.obj
 0003:00003e50       __security_cookie          0000000180027e50     MSVCRT:gs_cookie.obj
 0003:00003e58       __security_cookie_complement 0000000180027e58     MSVCRT:gs_cookie.obj
 0003:00003e60       _fltused                   0000000180027e60     MSVCRT:dllsupp.obj
 0003:00003e64       __native_dllmain_reason    0000000180027e64     MSVCRT:natstart.obj
 0003:00003ec8       sfGlobalDebugInstanceStruct 0000000180027ec8     AllinOne_sfun_registry.obj
 0003:00004518       ?__type_info_root_node@@3U__type_info_node@@A 0000000180028518     MSVCRT:tncleanup.obj
 0003:00004528       _AllinOneMachineNumber_    0000000180028528     <common>
 0003:00004530       __native_startup_lock      0000000180028530     <common>
 0003:00004538       __native_startup_state     0000000180028538     <common>
 0003:00004540       __onexitend                0000000180028540     <common>
 0003:00004548       __onexitbegin              0000000180028548     <common>
 0003:00004550       __dyn_tls_init_callback    0000000180028550     <common>

 entry point at        0001:0001ee24

 Static symbols

 0000:00000000       .debug$S                   0000000180000000     sf_runtime:sf_runtime.dll
 0000:00000000       .debug$S                   0000000180000000     sf_runtime:sf_runtime.dll
 0000:00000000       .debug$S                   0000000180000000     sf_runtime:sf_runtime.dll
 0000:00000000       .debug$S                   0000000180000000     sf_runtime:sf_runtime.dll
 0000:00000000       .debug$S                   0000000180000000     sf_runtime:sf_runtime.dll
 0000:00000000       .debug$S                   0000000180000000     sf_runtime:sf_runtime.dll
 0000:00000000       .debug$S                   0000000180000000     kernel32:KERNEL32.dll
 0000:00000000       .debug$S                   0000000180000000     kernel32:KERNEL32.dll
 0000:00000000       .debug$S                   0000000180000000     kernel32:KERNEL32.dll
 0000:00000000       .debug$S                   0000000180000000     kernel32:KERNEL32.dll
 0000:00000000       .debug$S                   0000000180000000     kernel32:KERNEL32.dll
 0000:00000000       .debug$S                   0000000180000000     kernel32:KERNEL32.dll
 0000:00000000       .debug$S                   0000000180000000     kernel32:KERNEL32.dll
 0000:00000000       .debug$S                   0000000180000000     kernel32:KERNEL32.dll
 0000:00000000       .debug$S                   0000000180000000     kernel32:KERNEL32.dll
 0000:00000000       .debug$S                   0000000180000000     MSVCRT:MSVCR120.dll
 0000:00000000       .debug$S                   0000000180000000     MSVCRT:MSVCR120.dll
 0000:00000000       .debug$S                   0000000180000000     MSVCRT:MSVCR120.dll
 0000:00000000       .debug$S                   0000000180000000     MSVCRT:MSVCR120.dll
 0000:00000000       .debug$S                   0000000180000000     MSVCRT:MSVCR120.dll
 0000:00000000       .debug$S                   0000000180000000     MSVCRT:MSVCR120.dll
 0000:00000000       .debug$S                   0000000180000000     MSVCRT:MSVCR120.dll
 0000:00000000       .debug$S                   0000000180000000     MSVCRT:MSVCR120.dll
 0000:00000000       .debug$S                   0000000180000000     MSVCRT:MSVCR120.dll
 0000:00000000       .debug$S                   0000000180000000     MSVCRT:MSVCR120.dll
 0000:00000000       .debug$S                   0000000180000000     MSVCRT:MSVCR120.dll
 0000:00000000       .debug$S                   0000000180000000     MSVCRT:MSVCR120.dll
 0000:00000000       .debug$S                   0000000180000000     MSVCRT:MSVCR120.dll
 0000:00000000       .debug$S                   0000000180000000     MSVCRT:MSVCR120.dll
 0000:00000000       .debug$S                   0000000180000000     MSVCRT:MSVCR120.dll
 0000:00000000       .debug$S                   0000000180000000     MSVCRT:MSVCR120.dll
 0000:00000000       .debug$S                   0000000180000000     MSVCRT:MSVCR120.dll
 0000:00000000       .debug$S                   0000000180000000     MSVCRT:MSVCR120.dll
 0000:00000000       .debug$S                   0000000180000000     MSVCRT:MSVCR120.dll
 0000:00000000       .debug$S                   0000000180000000     MSVCRT:MSVCR120.dll
 0000:00000000       .debug$S                   0000000180000000     MSVCRT:MSVCR120.dll
 0000:00000000       .debug$S                   0000000180000000     MSVCRT:MSVCR120.dll
 0000:00000000       .debug$S                   0000000180000000     MSVCRT:MSVCR120.dll
 0000:00000000       .debug$S                   0000000180000000     MSVCRT:MSVCR120.dll
 0000:00000000       .debug$S                   0000000180000000     MSVCRT:MSVCR120.dll
 0000:00000000       .debug$S                   0000000180000000     sf_runtime:sf_runtime.dll
 0000:00000000       .debug$S                   0000000180000000     sf_runtime:sf_runtime.dll
 0000:00000000       .debug$S                   0000000180000000     sf_runtime:sf_runtime.dll
 0000:00000000       .debug$S                   0000000180000000     sf_runtime:sf_runtime.dll
 0000:00000000       .debug$S                   0000000180000000     sf_runtime:sf_runtime.dll
 0000:00000000       .debug$S                   0000000180000000     sf_runtime:sf_runtime.dll
 0000:00000000       .debug$S                   0000000180000000     sf_runtime:sf_runtime.dll
 0000:00000000       .debug$S                   0000000180000000     sf_runtime:sf_runtime.dll
 0000:00000000       .debug$S                   0000000180000000     sf_runtime:sf_runtime.dll
 0000:00000000       .debug$S                   0000000180000000     sf_runtime:sf_runtime.dll
 0000:00000000       .debug$S                   0000000180000000     sf_runtime:sf_runtime.dll
 0000:00000000       .debug$S                   0000000180000000     sf_runtime:sf_runtime.dll
 0000:00000000       .debug$S                   0000000180000000     sf_runtime:sf_runtime.dll
 0000:00000000       .debug$S                   0000000180000000     sf_runtime:sf_runtime.dll
 0000:00000000       .debug$S                   0000000180000000     sf_runtime:sf_runtime.dll
 0000:00000000       .debug$S                   0000000180000000     sf_runtime:sf_runtime.dll
 0000:00000000       .debug$S                   0000000180000000     sf_runtime:sf_runtime.dll
 0000:00000000       .debug$S                   0000000180000000     sf_runtime:sf_runtime.dll
 0000:00000000       .debug$S                   0000000180000000     sf_runtime:sf_runtime.dll
 0000:00000000       .debug$S                   0000000180000000     sf_runtime:sf_runtime.dll
 0000:00000000       .debug$S                   0000000180000000     sf_runtime:sf_runtime.dll
 0000:00000000       .debug$S                   0000000180000000     sf_runtime:sf_runtime.dll
 0000:00000000       .debug$S                   0000000180000000     sf_runtime:sf_runtime.dll
 0000:00000000       .debug$S                   0000000180000000     sf_runtime:sf_runtime.dll
 0000:00000000       .debug$S                   0000000180000000     sf_runtime:sf_runtime.dll
 0000:00000000       .debug$S                   0000000180000000     sf_runtime:sf_runtime.dll
 0000:00000000       .debug$S                   0000000180000000     sf_runtime:sf_runtime.dll
 0000:00000000       .debug$S                   0000000180000000     sf_runtime:sf_runtime.dll
 0000:00000000       .debug$S                   0000000180000000     sf_runtime:sf_runtime.dll
 0000:00000000       .debug$S                   0000000180000000     sf_runtime:sf_runtime.dll
 0000:00000000       .debug$S                   0000000180000000     sf_runtime:sf_runtime.dll
 0000:00000000       .debug$S                   0000000180000000     sf_runtime:sf_runtime.dll
 0000:00000000       .debug$S                   0000000180000000     sf_runtime:sf_runtime.dll
 0000:00000000       .debug$S                   0000000180000000     sf_runtime:sf_runtime.dll
 0000:00000000       .debug$S                   0000000180000000     sf_runtime:sf_runtime.dll
 0000:00000000       .debug$S                   0000000180000000     sf_runtime:sf_runtime.dll
 0000:00000000       .debug$S                   0000000180000000     libut:libut.dll
 0000:00000000       .debug$S                   0000000180000000     libut:libut.dll
 0000:00000000       .debug$S                   0000000180000000     sf_runtime:sf_runtime.dll
 0000:00000000       .debug$S                   0000000180000000     libmex:libmex.dll
 0000:00000000       .debug$S                   0000000180000000     libmex:libmex.dll
 0000:00000000       .debug$S                   0000000180000000     libmex:libmex.dll
 0000:00000000       .debug$S                   0000000180000000     libmex:libmex.dll
 0000:00000000       .debug$S                   0000000180000000     libmex:libmex.dll
 0000:00000000       .debug$S                   0000000180000000     libmex:libmex.dll
 0000:00000000       .debug$S                   0000000180000000     libmex:libmex.dll
 0000:00000000       .debug$S                   0000000180000000     sf_runtime:sf_runtime.dll
 0000:00000000       .debug$S                   0000000180000000     libmx:libmx.dll
 0000:00000000       .debug$S                   0000000180000000     libmx:libmx.dll
 0000:00000000       .debug$S                   0000000180000000     libmx:libmx.dll
 0000:00000000       .debug$S                   0000000180000000     libmx:libmx.dll
 0000:00000000       .debug$S                   0000000180000000     libmx:libmx.dll
 0000:00000000       .debug$S                   0000000180000000     libmx:libmx.dll
 0000:00000000       .debug$S                   0000000180000000     libmx:libmx.dll
 0000:00000000       .debug$S                   0000000180000000     libmx:libmx.dll
 0000:00000000       .debug$S                   0000000180000000     libmx:libmx.dll
 0000:00000000       .debug$S                   0000000180000000     libmx:libmx.dll
 0000:00000000       .debug$S                   0000000180000000     libmx:libmx.dll
 0000:00000000       .debug$S                   0000000180000000     libmx:libmx.dll
 0000:00000000       .debug$S                   0000000180000000     libmx:libmx.dll
 0000:00000000       .debug$S                   0000000180000000     libmx:libmx.dll
 0000:00000000       .debug$S                   0000000180000000     libmx:libmx.dll
 0000:00000000       .debug$S                   0000000180000000     libmx:libmx.dll
 0000:00000000       .debug$S                   0000000180000000     libmx:libmx.dll
 0000:00000000       .debug$S                   0000000180000000     sf_runtime:sf_runtime.dll
 0000:00000000       .debug$S                   0000000180000000     sf_runtime:sf_runtime.dll
 0000:00000000       .debug$S                   0000000180000000     libmx:libmx.dll
 0000:00000000       .debug$S                   0000000180000000     sf_runtime:sf_runtime.dll
 0000:00000000       .debug$S                   0000000180000000     sf_runtime:sf_runtime.dll
 0000:00000000       .debug$S                   0000000180000000     sf_runtime:sf_runtime.dll
 0000:00000000       .debug$S                   0000000180000000     sf_runtime:sf_runtime.dll
 0000:00000000       .debug$S                   0000000180000000     libmx:libmx.dll
 0000:00000000       .debug$S                   0000000180000000     sf_runtime:sf_runtime.dll
 0000:00000000       .debug$S                   0000000180000000     libmx:libmx.dll
 0000:00000000       .debug$S                   0000000180000000     sf_runtime:sf_runtime.dll
 0000:00000000       .debug$S                   0000000180000000     libmx:libmx.dll
 0000:00000000       .debug$S                   0000000180000000     sf_runtime:sf_runtime.dll
 0000:00000000       .debug$S                   0000000180000000     sf_runtime:sf_runtime.dll
 0000:00000000       .debug$S                   0000000180000000     sf_runtime:sf_runtime.dll
 0000:00000000       .debug$S                   0000000180000000     sf_runtime:sf_runtime.dll
 0000:00000000       .debug$S                   0000000180000000     sf_runtime:sf_runtime.dll
 0000:00000000       .debug$S                   0000000180000000     sf_runtime:sf_runtime.dll
 0000:00000000       .debug$S                   0000000180000000     sf_runtime:sf_runtime.dll
 0000:00000000       .debug$S                   0000000180000000     sf_runtime:sf_runtime.dll
 0000:00000000       .debug$S                   0000000180000000     sf_runtime:sf_runtime.dll
 0000:00000000       .debug$S                   0000000180000000     sf_runtime:sf_runtime.dll
 0000:00000000       .debug$S                   0000000180000000     sf_runtime:sf_runtime.dll
 0000:00000000       .debug$S                   0000000180000000     sf_runtime:sf_runtime.dll
 0000:00000000       .debug$S                   0000000180000000     sf_runtime:sf_runtime.dll
 0000:00000000       .debug$S                   0000000180000000     sf_runtime:sf_runtime.dll
 0000:00000000       .debug$S                   0000000180000000     sf_runtime:sf_runtime.dll
 0000:00000000       .debug$S                   0000000180000000     sf_runtime:sf_runtime.dll
 0000:00000000       .debug$S                   0000000180000000     sf_runtime:sf_runtime.dll
 0000:00000000       .debug$S                   0000000180000000     sf_runtime:sf_runtime.dll
 0000:00000000       .debug$S                   0000000180000000     sf_runtime:sf_runtime.dll
 0000:00000000       .debug$S                   0000000180000000     sf_runtime:sf_runtime.dll
 0000:00000000       .debug$S                   0000000180000000     sf_runtime:sf_runtime.dll
 0000:00000000       .debug$S                   0000000180000000     sf_runtime:sf_runtime.dll
 0000:00000000       .debug$S                   0000000180000000     sf_runtime:sf_runtime.dll
 0000:00000000       .debug$S                   0000000180000000     sf_runtime:sf_runtime.dll
 0000:00000000       .debug$S                   0000000180000000     sf_runtime:sf_runtime.dll
 0000:00000000       .debug$S                   0000000180000000     sf_runtime:sf_runtime.dll
 0000:00000000       .debug$S                   0000000180000000     sf_runtime:sf_runtime.dll
 0000:00000000       .debug$S                   0000000180000000     sf_runtime:sf_runtime.dll
 0001:000016a0       chart_debug_initialization 00000001800026a0 f   c2_AllinOne.obj
 0001:00002660       chart_debug_initialize_data_addresses 0000000180003660 f   c2_AllinOne.obj
 0001:000027f0       sf_opaque_get_hover_data_for_msg 00000001800037f0 f   c2_AllinOne.obj
 0001:00002820       c2_durationReferenceTimeUpdater 0000000180003820 f   c2_AllinOne.obj
 0001:00002830       initialize_c2_AllinOne     0000000180003830 f   c2_AllinOne.obj
 0001:00002d70       initialize_params_c2_AllinOne 0000000180003d70 f   c2_AllinOne.obj
 0001:00002d80       enable_c2_AllinOne         0000000180003d80 f   c2_AllinOne.obj
 0001:00002db0       disable_c2_AllinOne        0000000180003db0 f   c2_AllinOne.obj
 0001:00002de0       c2_update_debugger_state_c2_AllinOne 0000000180003de0 f   c2_AllinOne.obj
 0001:000032b0       get_sim_state_c2_AllinOne  00000001800042b0 f   c2_AllinOne.obj
 0001:000037b0       set_sim_state_c2_AllinOne  00000001800047b0 f   c2_AllinOne.obj
 0001:00003a90       c2_set_sim_state_side_effects_c2_AllinOne 0000000180004a90 f   c2_AllinOne.obj
 0001:00003b90       finalize_c2_AllinOne       0000000180004b90 f   c2_AllinOne.obj
 0001:00003bc0       sf_gateway_c2_AllinOne     0000000180004bc0 f   c2_AllinOne.obj
 0001:00005df0       mdl_start_c2_AllinOne      0000000180006df0 f   c2_AllinOne.obj
 0001:00005e10       initSimStructsc2_AllinOne  0000000180006e10 f   c2_AllinOne.obj
 0001:00005e20       init_script_number_translation 0000000180006e20 f   c2_AllinOne.obj
 0001:00005e40       c2_sf_marshallOut          0000000180006e40 f   c2_AllinOne.obj
 0001:00005ef0       c2_emlrt_marshallIn        0000000180006ef0 f   c2_AllinOne.obj
 0001:00005f60       c2_b_emlrt_marshallIn      0000000180006f60 f   c2_AllinOne.obj
 0001:00005ff0       c2_sf_marshallIn           0000000180006ff0 f   c2_AllinOne.obj
 0001:000060a0       c2_b_sf_marshallOut        00000001800070a0 f   c2_AllinOne.obj
 0001:00006150       c2_c_emlrt_marshallIn      0000000180007150 f   c2_AllinOne.obj
 0001:000061c0       c2_d_emlrt_marshallIn      00000001800071c0 f   c2_AllinOne.obj
 0001:00006250       c2_b_sf_marshallIn         0000000180007250 f   c2_AllinOne.obj
 0001:00006300       c2_e_emlrt_marshallIn      0000000180007300 f   c2_AllinOne.obj
 0001:00006370       c2_f_emlrt_marshallIn      0000000180007370 f   c2_AllinOne.obj
 0001:00006400       c2_i_emlrt_marshallIn      0000000180007400 f   c2_AllinOne.obj
 0001:00006470       c2_j_emlrt_marshallIn      0000000180007470 f   c2_AllinOne.obj
 0001:00006500       c2_k_emlrt_marshallIn      0000000180007500 f   c2_AllinOne.obj
 0001:00006570       c2_l_emlrt_marshallIn      0000000180007570 f   c2_AllinOne.obj
 0001:00006630       c2_m_emlrt_marshallIn      0000000180007630 f   c2_AllinOne.obj
 0001:000066c0       c2_n_emlrt_marshallIn      00000001800076c0 f   c2_AllinOne.obj
 0001:00006720       sf_get_hover_data_for_msg  0000000180007720 f   c2_AllinOne.obj
 0001:00006740       c2_init_sf_message_store_memory 0000000180007740 f   c2_AllinOne.obj
 0001:00006750       init_test_point_addr_map   0000000180007750 f   c2_AllinOne.obj
 0001:00006780       get_test_point_address_map 0000000180007780 f   c2_AllinOne.obj
 0001:000067b0       get_test_point_mapping_info 00000001800077b0 f   c2_AllinOne.obj
 0001:000067d0       get_dataset_logging_obj_vector 00000001800077d0 f   c2_AllinOne.obj
 0001:00006800       init_dsm_address_info      0000000180007800 f   c2_AllinOne.obj
 0001:00006810       init_simulink_io_address   0000000180007810 f   c2_AllinOne.obj
 0001:000068d0       init_test_point_mapping_info 00000001800078d0 f   c2_AllinOne.obj
 0001:000073c0       sf_get_sim_state_info_c2_AllinOne 00000001800083c0 f   c2_AllinOne.obj
 0001:00007490       sf_get_instance_specialization 0000000180008490 f   c2_AllinOne.obj
 0001:000074a0       sf_opaque_initialize_c2_AllinOne 00000001800084a0 f   c2_AllinOne.obj
 0001:000074e0       sf_opaque_enable_c2_AllinOne 00000001800084e0 f   c2_AllinOne.obj
 0001:00007500       sf_opaque_disable_c2_AllinOne 0000000180008500 f   c2_AllinOne.obj
 0001:00007520       sf_opaque_gateway_c2_AllinOne 0000000180008520 f   c2_AllinOne.obj
 0001:00007540       sf_opaque_get_sim_state_c2_AllinOne 0000000180008540 f   c2_AllinOne.obj
 0001:00007570       sf_opaque_set_sim_state_c2_AllinOne 0000000180008570 f   c2_AllinOne.obj
 0001:000075a0       sf_opaque_terminate_c2_AllinOne 00000001800085a0 f   c2_AllinOne.obj
 0001:00007690       mdlProcessParameters_c2_AllinOne 0000000180008690 f   c2_AllinOne.obj
 0001:00007750       mdlSetWorkWidths_c2_AllinOne 0000000180008750 f   c2_AllinOne.obj
 0001:00008090       mdlRTW_c2_AllinOne         0000000180009090 f   c2_AllinOne.obj
 0001:000080d0       mdlStart_c2_AllinOne       00000001800090d0 f   c2_AllinOne.obj
 0001:00008330       init_signal_logging_objects 0000000180009330 f   c2_AllinOne.obj
 0001:000088e0       chart_debug_initialization 00000001800098e0 f   c3_AllinOne.obj
 0001:000098a0       chart_debug_initialize_data_addresses 000000018000a8a0 f   c3_AllinOne.obj
 0001:00009a30       sf_opaque_get_hover_data_for_msg 000000018000aa30 f   c3_AllinOne.obj
 0001:00009a60       c3_durationReferenceTimeUpdater 000000018000aa60 f   c3_AllinOne.obj
 0001:00009a70       initialize_c3_AllinOne     000000018000aa70 f   c3_AllinOne.obj
 0001:00009fb0       initialize_params_c3_AllinOne 000000018000afb0 f   c3_AllinOne.obj
 0001:00009fc0       enable_c3_AllinOne         000000018000afc0 f   c3_AllinOne.obj
 0001:00009ff0       disable_c3_AllinOne        000000018000aff0 f   c3_AllinOne.obj
 0001:0000a020       c3_update_debugger_state_c3_AllinOne 000000018000b020 f   c3_AllinOne.obj
 0001:0000a4f0       get_sim_state_c3_AllinOne  000000018000b4f0 f   c3_AllinOne.obj
 0001:0000a9f0       set_sim_state_c3_AllinOne  000000018000b9f0 f   c3_AllinOne.obj
 0001:0000acd0       c3_set_sim_state_side_effects_c3_AllinOne 000000018000bcd0 f   c3_AllinOne.obj
 0001:0000add0       finalize_c3_AllinOne       000000018000bdd0 f   c3_AllinOne.obj
 0001:0000ae00       sf_gateway_c3_AllinOne     000000018000be00 f   c3_AllinOne.obj
 0001:0000d030       mdl_start_c3_AllinOne      000000018000e030 f   c3_AllinOne.obj
 0001:0000d050       initSimStructsc3_AllinOne  000000018000e050 f   c3_AllinOne.obj
 0001:0000d060       init_script_number_translation 000000018000e060 f   c3_AllinOne.obj
 0001:0000d080       c3_sf_marshallOut          000000018000e080 f   c3_AllinOne.obj
 0001:0000d130       c3_emlrt_marshallIn        000000018000e130 f   c3_AllinOne.obj
 0001:0000d1a0       c3_b_emlrt_marshallIn      000000018000e1a0 f   c3_AllinOne.obj
 0001:0000d230       c3_sf_marshallIn           000000018000e230 f   c3_AllinOne.obj
 0001:0000d2e0       c3_b_sf_marshallOut        000000018000e2e0 f   c3_AllinOne.obj
 0001:0000d390       c3_c_emlrt_marshallIn      000000018000e390 f   c3_AllinOne.obj
 0001:0000d400       c3_d_emlrt_marshallIn      000000018000e400 f   c3_AllinOne.obj
 0001:0000d490       c3_b_sf_marshallIn         000000018000e490 f   c3_AllinOne.obj
 0001:0000d540       c3_e_emlrt_marshallIn      000000018000e540 f   c3_AllinOne.obj
 0001:0000d5b0       c3_f_emlrt_marshallIn      000000018000e5b0 f   c3_AllinOne.obj
 0001:0000d640       c3_i_emlrt_marshallIn      000000018000e640 f   c3_AllinOne.obj
 0001:0000d6b0       c3_j_emlrt_marshallIn      000000018000e6b0 f   c3_AllinOne.obj
 0001:0000d740       c3_k_emlrt_marshallIn      000000018000e740 f   c3_AllinOne.obj
 0001:0000d7b0       c3_l_emlrt_marshallIn      000000018000e7b0 f   c3_AllinOne.obj
 0001:0000d870       c3_m_emlrt_marshallIn      000000018000e870 f   c3_AllinOne.obj
 0001:0000d900       c3_n_emlrt_marshallIn      000000018000e900 f   c3_AllinOne.obj
 0001:0000d960       sf_get_hover_data_for_msg  000000018000e960 f   c3_AllinOne.obj
 0001:0000d980       c3_init_sf_message_store_memory 000000018000e980 f   c3_AllinOne.obj
 0001:0000d990       init_test_point_addr_map   000000018000e990 f   c3_AllinOne.obj
 0001:0000d9c0       get_test_point_address_map 000000018000e9c0 f   c3_AllinOne.obj
 0001:0000d9f0       get_test_point_mapping_info 000000018000e9f0 f   c3_AllinOne.obj
 0001:0000da10       get_dataset_logging_obj_vector 000000018000ea10 f   c3_AllinOne.obj
 0001:0000da40       init_dsm_address_info      000000018000ea40 f   c3_AllinOne.obj
 0001:0000da50       init_simulink_io_address   000000018000ea50 f   c3_AllinOne.obj
 0001:0000db10       init_test_point_mapping_info 000000018000eb10 f   c3_AllinOne.obj
 0001:0000e600       sf_get_sim_state_info_c3_AllinOne 000000018000f600 f   c3_AllinOne.obj
 0001:0000e6d0       sf_get_instance_specialization 000000018000f6d0 f   c3_AllinOne.obj
 0001:0000e6e0       sf_opaque_initialize_c3_AllinOne 000000018000f6e0 f   c3_AllinOne.obj
 0001:0000e720       sf_opaque_enable_c3_AllinOne 000000018000f720 f   c3_AllinOne.obj
 0001:0000e740       sf_opaque_disable_c3_AllinOne 000000018000f740 f   c3_AllinOne.obj
 0001:0000e760       sf_opaque_gateway_c3_AllinOne 000000018000f760 f   c3_AllinOne.obj
 0001:0000e780       sf_opaque_get_sim_state_c3_AllinOne 000000018000f780 f   c3_AllinOne.obj
 0001:0000e7b0       sf_opaque_set_sim_state_c3_AllinOne 000000018000f7b0 f   c3_AllinOne.obj
 0001:0000e7e0       sf_opaque_terminate_c3_AllinOne 000000018000f7e0 f   c3_AllinOne.obj
 0001:0000e8d0       mdlProcessParameters_c3_AllinOne 000000018000f8d0 f   c3_AllinOne.obj
 0001:0000e990       mdlSetWorkWidths_c3_AllinOne 000000018000f990 f   c3_AllinOne.obj
 0001:0000f2d0       mdlRTW_c3_AllinOne         00000001800102d0 f   c3_AllinOne.obj
 0001:0000f310       mdlStart_c3_AllinOne       0000000180010310 f   c3_AllinOne.obj
 0001:0000f570       init_signal_logging_objects 0000000180010570 f   c3_AllinOne.obj
 0001:0000fb20       chart_debug_initialization 0000000180010b20 f   c4_AllinOne.obj
 0001:00010ae0       chart_debug_initialize_data_addresses 0000000180011ae0 f   c4_AllinOne.obj
 0001:00010c70       sf_opaque_get_hover_data_for_msg 0000000180011c70 f   c4_AllinOne.obj
 0001:00010ca0       c4_durationReferenceTimeUpdater 0000000180011ca0 f   c4_AllinOne.obj
 0001:00010cb0       initialize_c4_AllinOne     0000000180011cb0 f   c4_AllinOne.obj
 0001:000111f0       initialize_params_c4_AllinOne 00000001800121f0 f   c4_AllinOne.obj
 0001:00011200       enable_c4_AllinOne         0000000180012200 f   c4_AllinOne.obj
 0001:00011230       disable_c4_AllinOne        0000000180012230 f   c4_AllinOne.obj
 0001:00011260       c4_update_debugger_state_c4_AllinOne 0000000180012260 f   c4_AllinOne.obj
 0001:00011730       get_sim_state_c4_AllinOne  0000000180012730 f   c4_AllinOne.obj
 0001:00011c30       set_sim_state_c4_AllinOne  0000000180012c30 f   c4_AllinOne.obj
 0001:00011f10       c4_set_sim_state_side_effects_c4_AllinOne 0000000180012f10 f   c4_AllinOne.obj
 0001:00012010       finalize_c4_AllinOne       0000000180013010 f   c4_AllinOne.obj
 0001:00012040       sf_gateway_c4_AllinOne     0000000180013040 f   c4_AllinOne.obj
 0001:00014270       mdl_start_c4_AllinOne      0000000180015270 f   c4_AllinOne.obj
 0001:00014290       initSimStructsc4_AllinOne  0000000180015290 f   c4_AllinOne.obj
 0001:000142a0       init_script_number_translation 00000001800152a0 f   c4_AllinOne.obj
 0001:000142c0       c4_sf_marshallOut          00000001800152c0 f   c4_AllinOne.obj
 0001:00014370       c4_emlrt_marshallIn        0000000180015370 f   c4_AllinOne.obj
 0001:000143e0       c4_b_emlrt_marshallIn      00000001800153e0 f   c4_AllinOne.obj
 0001:00014470       c4_sf_marshallIn           0000000180015470 f   c4_AllinOne.obj
 0001:00014520       c4_b_sf_marshallOut        0000000180015520 f   c4_AllinOne.obj
 0001:000145d0       c4_c_emlrt_marshallIn      00000001800155d0 f   c4_AllinOne.obj
 0001:00014640       c4_d_emlrt_marshallIn      0000000180015640 f   c4_AllinOne.obj
 0001:000146d0       c4_b_sf_marshallIn         00000001800156d0 f   c4_AllinOne.obj
 0001:00014780       c4_e_emlrt_marshallIn      0000000180015780 f   c4_AllinOne.obj
 0001:000147f0       c4_f_emlrt_marshallIn      00000001800157f0 f   c4_AllinOne.obj
 0001:00014880       c4_i_emlrt_marshallIn      0000000180015880 f   c4_AllinOne.obj
 0001:000148f0       c4_j_emlrt_marshallIn      00000001800158f0 f   c4_AllinOne.obj
 0001:00014980       c4_k_emlrt_marshallIn      0000000180015980 f   c4_AllinOne.obj
 0001:000149f0       c4_l_emlrt_marshallIn      00000001800159f0 f   c4_AllinOne.obj
 0001:00014ab0       c4_m_emlrt_marshallIn      0000000180015ab0 f   c4_AllinOne.obj
 0001:00014b40       c4_n_emlrt_marshallIn      0000000180015b40 f   c4_AllinOne.obj
 0001:00014ba0       sf_get_hover_data_for_msg  0000000180015ba0 f   c4_AllinOne.obj
 0001:00014bc0       c4_init_sf_message_store_memory 0000000180015bc0 f   c4_AllinOne.obj
 0001:00014bd0       init_test_point_addr_map   0000000180015bd0 f   c4_AllinOne.obj
 0001:00014c00       get_test_point_address_map 0000000180015c00 f   c4_AllinOne.obj
 0001:00014c30       get_test_point_mapping_info 0000000180015c30 f   c4_AllinOne.obj
 0001:00014c50       get_dataset_logging_obj_vector 0000000180015c50 f   c4_AllinOne.obj
 0001:00014c80       init_dsm_address_info      0000000180015c80 f   c4_AllinOne.obj
 0001:00014c90       init_simulink_io_address   0000000180015c90 f   c4_AllinOne.obj
 0001:00014d50       init_test_point_mapping_info 0000000180015d50 f   c4_AllinOne.obj
 0001:00015840       sf_get_sim_state_info_c4_AllinOne 0000000180016840 f   c4_AllinOne.obj
 0001:00015910       sf_get_instance_specialization 0000000180016910 f   c4_AllinOne.obj
 0001:00015920       sf_opaque_initialize_c4_AllinOne 0000000180016920 f   c4_AllinOne.obj
 0001:00015960       sf_opaque_enable_c4_AllinOne 0000000180016960 f   c4_AllinOne.obj
 0001:00015980       sf_opaque_disable_c4_AllinOne 0000000180016980 f   c4_AllinOne.obj
 0001:000159a0       sf_opaque_gateway_c4_AllinOne 00000001800169a0 f   c4_AllinOne.obj
 0001:000159c0       sf_opaque_get_sim_state_c4_AllinOne 00000001800169c0 f   c4_AllinOne.obj
 0001:000159f0       sf_opaque_set_sim_state_c4_AllinOne 00000001800169f0 f   c4_AllinOne.obj
 0001:00015a20       sf_opaque_terminate_c4_AllinOne 0000000180016a20 f   c4_AllinOne.obj
 0001:00015b10       mdlProcessParameters_c4_AllinOne 0000000180016b10 f   c4_AllinOne.obj
 0001:00015bd0       mdlSetWorkWidths_c4_AllinOne 0000000180016bd0 f   c4_AllinOne.obj
 0001:00016510       mdlRTW_c4_AllinOne         0000000180017510 f   c4_AllinOne.obj
 0001:00016550       mdlStart_c4_AllinOne       0000000180017550 f   c4_AllinOne.obj
 0001:000167b0       init_signal_logging_objects 00000001800177b0 f   c4_AllinOne.obj
 0001:00017e98       $LN120                     0000000180018e98     AllinOne_sfun_registry.obj
 0001:00019a64       $LN17                      000000018001aa64     AllinOne_sfun_registry.obj
 0001:00019fec       $LN26                      000000018001afec     AllinOne_sfun_registry.obj
 0001:0001a6d4       $LN23                      000000018001b6d4     AllinOne_sfun_registry.obj
 0001:0001acb0       $LN26                      000000018001bcb0     AllinOne_sfun_registry.obj
 0001:0001cbe0       sf_debug_api_wrapper       000000018001dbe0 f   AllinOne_sfun_registry.obj
 0001:0001cc30       ProcessMexSfunctionCmdLineCall 000000018001dc30 f   AllinOne_sfun_registry.obj
 0001:0001cfe0       mdlSetWorkWidths           000000018001dfe0 f   AllinOne_sfun_registry.obj
 0001:0001d010       mdlProcessParameters       000000018001e010 f   AllinOne_sfun_registry.obj
 0001:0001d040       mdl_start_processing       000000018001e040 f   AllinOne_sfun_registry.obj
 0001:0001d0f0       mdl_terminate_processing   000000018001e0f0 f   AllinOne_sfun_registry.obj
 0001:0001d170       mdlStart                   000000018001e170 f   AllinOne_sfun_registry.obj
 0001:0001d1a0       mdlTerminate               000000018001e1a0 f   AllinOne_sfun_registry.obj
 0001:0001d1d0       mdlInitializeSizes         000000018001e1d0 f   AllinOne_sfun_registry.obj
 0001:0001d200       mdlInitializeSampleTimes   000000018001e200 f   AllinOne_sfun_registry.obj
 0001:0001d230       mdl_outputs_continuous_legacy 000000018001e230 f   AllinOne_sfun_registry.obj
 0001:0001d330       mdl_outputs_processing     000000018001e330 f   AllinOne_sfun_registry.obj
 0001:0001d450       mdl_zeroCrossings_processing 000000018001e450 f   AllinOne_sfun_registry.obj
 0001:0001d490       mdlZeroCrossings           000000018001e490 f   AllinOne_sfun_registry.obj
[...]
 0004:000004e0       $pdata$sf_opaque_initialize_c3_AllinOne 00000001800294e0     c3_AllinOne.obj
 0004:000004ec       $pdata$sf_opaque_enable_c3_AllinOne 00000001800294ec     c3_AllinOne.obj
 0004:000004f8       $pdata$sf_opaque_disable_c3_AllinOne 00000001800294f8     c3_AllinOne.obj
 0004:00000504       $pdata$sf_opaque_gateway_c3_AllinOne 0000000180029504     c3_AllinOne.obj
 0004:00000510       $pdata$sf_opaque_get_sim_state_c3_AllinOne 0000000180029510     c3_AllinOne.obj
 0004:0000051c       $pdata$sf_opaque_set_sim_state_c3_AllinOne 000000018002951c     c3_AllinOne.obj
 0004:00000528       $pdata$sf_opaque_terminate_c3_AllinOne 0000000180029528     c3_AllinOne.obj
 0004:00000534       $pdata$mdlProcessParameters_c3_AllinOne 0000000180029534     c3_AllinOne.obj
 0004:00000540       $pdata$mdlSetWorkWidths_c3_AllinOne 0000000180029540     c3_AllinOne.obj
 0004:0000054c       $pdata$mdlRTW_c3_AllinOne  000000018002954c     c3_AllinOne.obj
 0004:00000558       $pdata$mdlStart_c3_AllinOne 0000000180029558     c3_AllinOne.obj
 0004:00000564       $pdata$init_signal_logging_objects 0000000180029564     c3_AllinOne.obj
 0004:00000570       $pdata$sf_c4_AllinOne_get_eml_resolved_functions_info 0000000180029570     c4_AllinOne.obj
 0004:0000057c       $pdata$sf_c4_AllinOne_get_check_sum 000000018002957c     c4_AllinOne.obj
 0004:00000588       $pdata$c4_AllinOne_method_dispatcher 0000000180029588     c4_AllinOne.obj
 0004:00000594       $pdata$chart_debug_initialization 0000000180029594     c4_AllinOne.obj
 0004:000005a0       $pdata$chart_debug_initialize_data_addresses 00000001800295a0     c4_AllinOne.obj
 0004:000005ac       $pdata$sf_opaque_get_hover_data_for_msg 00000001800295ac     c4_AllinOne.obj
 0004:000005b8       $pdata$initialize_c4_AllinOne 00000001800295b8     c4_AllinOne.obj
 0004:000005c4       $pdata$enable_c4_AllinOne  00000001800295c4     c4_AllinOne.obj
 0004:000005d0       $pdata$disable_c4_AllinOne 00000001800295d0     c4_AllinOne.obj
 0004:000005dc       $pdata$c4_update_debugger_state_c4_AllinOne 00000001800295dc     c4_AllinOne.obj
 0004:000005e8       $pdata$get_sim_state_c4_AllinOne 00000001800295e8     c4_AllinOne.obj
 0004:000005f4       $pdata$set_sim_state_c4_AllinOne 00000001800295f4     c4_AllinOne.obj
 0004:00000600       $pdata$c4_set_sim_state_side_effects_c4_AllinOne 0000000180029600     c4_AllinOne.obj
 0004:0000060c       $pdata$finalize_c4_AllinOne 000000018002960c     c4_AllinOne.obj
 0004:00000618       $pdata$sf_gateway_c4_AllinOne 0000000180029618     c4_AllinOne.obj
 0004:00000624       $pdata$mdl_start_c4_AllinOne 0000000180029624     c4_AllinOne.obj
 0004:00000630       $pdata$c4_sf_marshallOut   0000000180029630     c4_AllinOne.obj
 0004:0000063c       $pdata$c4_emlrt_marshallIn 000000018002963c     c4_AllinOne.obj
 0004:00000648       $pdata$c4_b_emlrt_marshallIn 0000000180029648     c4_AllinOne.obj
 0004:00000654       $pdata$c4_sf_marshallIn    0000000180029654     c4_AllinOne.obj
 0004:00000660       $pdata$c4_b_sf_marshallOut 0000000180029660     c4_AllinOne.obj
 0004:0000066c       $pdata$c4_c_emlrt_marshallIn 000000018002966c     c4_AllinOne.obj
 0004:00000678       $pdata$c4_d_emlrt_marshallIn 0000000180029678     c4_AllinOne.obj
 0004:00000684       $pdata$c4_b_sf_marshallIn  0000000180029684     c4_AllinOne.obj
 0004:00000690       $pdata$c4_e_emlrt_marshallIn 0000000180029690     c4_AllinOne.obj
 0004:0000069c       $pdata$c4_f_emlrt_marshallIn 000000018002969c     c4_AllinOne.obj
 0004:000006a8       $pdata$c4_i_emlrt_marshallIn 00000001800296a8     c4_AllinOne.obj
 0004:000006b4       $pdata$c4_j_emlrt_marshallIn 00000001800296b4     c4_AllinOne.obj
 0004:000006c0       $pdata$c4_k_emlrt_marshallIn 00000001800296c0     c4_AllinOne.obj
 0004:000006cc       $pdata$c4_l_emlrt_marshallIn 00000001800296cc     c4_AllinOne.obj
 0004:000006d8       $pdata$c4_m_emlrt_marshallIn 00000001800296d8     c4_AllinOne.obj
 0004:000006e4       $pdata$c4_n_emlrt_marshallIn 00000001800296e4     c4_AllinOne.obj
 0004:000006f0       $pdata$init_simulink_io_address 00000001800296f0     c4_AllinOne.obj
 0004:000006fc       $pdata$init_test_point_mapping_info 00000001800296fc     c4_AllinOne.obj
 0004:00000708       $pdata$sf_c4_AllinOne_get_post_codegen_info 0000000180029708     c4_AllinOne.obj
 0004:00000714       $pdata$sf_c4_AllinOne_get_autoinheritance_info 0000000180029714     c4_AllinOne.obj
 0004:00000720       $pdata$sf_c4_AllinOne_third_party_uses_info 0000000180029720     c4_AllinOne.obj
 0004:0000072c       $pdata$sf_c4_AllinOne_jit_fallback_info 000000018002972c     c4_AllinOne.obj
 0004:00000738       $pdata$sf_c4_AllinOne_updateBuildInfo_args_info 0000000180029738     c4_AllinOne.obj
 0004:00000744       $pdata$sf_get_sim_state_info_c4_AllinOne 0000000180029744     c4_AllinOne.obj
 0004:00000750       $pdata$sf_opaque_initialize_c4_AllinOne 0000000180029750     c4_AllinOne.obj
 0004:0000075c       $pdata$sf_opaque_enable_c4_AllinOne 000000018002975c     c4_AllinOne.obj
 0004:00000768       $pdata$sf_opaque_disable_c4_AllinOne 0000000180029768     c4_AllinOne.obj
 0004:00000774       $pdata$sf_opaque_gateway_c4_AllinOne 0000000180029774     c4_AllinOne.obj
 0004:00000780       $pdata$sf_opaque_get_sim_state_c4_AllinOne 0000000180029780     c4_AllinOne.obj
 0004:0000078c       $pdata$sf_opaque_set_sim_state_c4_AllinOne 000000018002978c     c4_AllinOne.obj
 0004:00000798       $pdata$sf_opaque_terminate_c4_AllinOne 0000000180029798     c4_AllinOne.obj
 0004:000007a4       $pdata$mdlProcessParameters_c4_AllinOne 00000001800297a4     c4_AllinOne.obj
 0004:000007b0       $pdata$mdlSetWorkWidths_c4_AllinOne 00000001800297b0     c4_AllinOne.obj
 0004:000007bc       $pdata$mdlRTW_c4_AllinOne  00000001800297bc     c4_AllinOne.obj
 0004:000007c8       $pdata$mdlStart_c4_AllinOne 00000001800297c8     c4_AllinOne.obj
 0004:000007d4       $pdata$init_signal_logging_objects 00000001800297d4     c4_AllinOne.obj
 0004:000007e0       $pdata$mexFunction         00000001800297e0     AllinOne_sfun_registry.obj
 0004:000007ec       $pdata$_ssSetInputPortDirectFeedThroughFcn 00000001800297ec     AllinOne_sfun_registry.obj
 0004:000007f8       $pdata$_ssGetInputPortSignalPtrsFcn 00000001800297f8     AllinOne_sfun_registry.obj
 0004:00000804       $pdata$_ssGetInputPortSignalFcn 0000000180029804     AllinOne_sfun_registry.obj
 0004:00000810       $pdata$_ssSetInputPortReusableFcn 0000000180029810     AllinOne_sfun_registry.obj
 0004:0000081c       $pdata$_ssSetOutputPortReusableFcn 000000018002981c     AllinOne_sfun_registry.obj
 0004:00000828       $pdata$_ssSetSymbolicDimsSupport 0000000180029828     AllinOne_sfun_registry.obj
 0004:00000834       $pdata$_ssRegisterSymbolicDimsExpr 0000000180029834     AllinOne_sfun_registry.obj
 0004:00000840       $pdata$_ssRegisterSymbolicDims 0000000180029840     AllinOne_sfun_registry.obj
 0004:0000084c       $pdata$_ssRegisterSymbolicDimsString 000000018002984c     AllinOne_sfun_registry.obj
 0004:00000858       $pdata$_ssRegisterSymbolicDimsIntValue 0000000180029858     AllinOne_sfun_registry.obj
 0004:00000864       $pdata$_ssRegisterSymbolicDimsPlus 0000000180029864     AllinOne_sfun_registry.obj
 0004:00000870       $pdata$_ssRegisterSymbolicDimsMinus 0000000180029870     AllinOne_sfun_registry.obj
 0004:0000087c       $pdata$_ssRegisterSymbolicDimsMultiply 000000018002987c     AllinOne_sfun_registry.obj
 0004:00000888       $pdata$_ssRegisterSymbolicDimsDivide 0000000180029888     AllinOne_sfun_registry.obj
 0004:00000894       $pdata$_ssGetNumSymbolicDims 0000000180029894     AllinOne_sfun_registry.obj
 0004:000008a0       $pdata$_ssGetSymbolicDim   00000001800298a0     AllinOne_sfun_registry.obj
 0004:000008ac       $pdata$_ssSetInputPortSymbolicDimsId 00000001800298ac     AllinOne_sfun_registry.obj
 0004:000008b8       $pdata$_ssGetCompInputPortSymbolicDimsId 00000001800298b8     AllinOne_sfun_registry.obj
 0004:000008c4       $pdata$_ssSetCompInputPortSymbolicDimsId 00000001800298c4     AllinOne_sfun_registry.obj
 0004:000008d0       $pdata$_ssSetOutputPortSymbolicDimsId 00000001800298d0     AllinOne_sfun_registry.obj
 0004:000008dc       $pdata$_ssGetCompOutputPortSymbolicDimsId 00000001800298dc     AllinOne_sfun_registry.obj
 0004:000008e8       $pdata$_ssSetCompOutputPortSymbolicDimsId 00000001800298e8     AllinOne_sfun_registry.obj
 0004:000008f4       $pdata$_ssSetCompDWorkSymbolicDimsId 00000001800298f4     AllinOne_sfun_registry.obj
 0004:00000900       $pdata$ssGetIsZeroCrossControlDisabled 0000000180029900     AllinOne_sfun_registry.obj
 0004:0000090c       $pdata$ssSetIsInputPortUsedForContZcSignal 000000018002990c     AllinOne_sfun_registry.obj
 0004:00000918       $pdata$ssSetZcSignalIsZcElementDisc 0000000180029918     AllinOne_sfun_registry.obj
 0004:00000924       $pdata$ssSetZcSignalName   0000000180029924     AllinOne_sfun_registry.obj
 0004:00000930       $pdata$ssSetZcSignalWidth  0000000180029930     AllinOne_sfun_registry.obj
 0004:0000093c       $pdata$ssSetZcSignalZcEventType 000000018002993c     AllinOne_sfun_registry.obj
 0004:00000948       $pdata$ssSetZcSignalType   0000000180029948     AllinOne_sfun_registry.obj
 0004:00000954       $pdata$ssSetZcSignalZcTol  0000000180029954     AllinOne_sfun_registry.obj
 0004:00000960       $pdata$ssSetZcSignalNeedsEventNotification 0000000180029960     AllinOne_sfun_registry.obj
 0004:0000096c       $pdata$ssCreateAndAddZcSignalInfo 000000018002996c     AllinOne_sfun_registry.obj
 0004:00000978       $pdata$ssCloneAndAddZcSignalInfo 0000000180029978     AllinOne_sfun_registry.obj
 0004:00000984       $pdata$ssGetNumZcSignals   0000000180029984     AllinOne_sfun_registry.obj
 0004:00000990       $pdata$ssGetZcSignalVector 0000000180029990     AllinOne_sfun_registry.obj
 0004:0000099c       $pdata$ssGetZcSignalName   000000018002999c     AllinOne_sfun_registry.obj
 0004:000009a8       $pdata$ssGetZcSignalWidth  00000001800299a8     AllinOne_sfun_registry.obj
 0004:000009b4       $pdata$ssGetZcSignalZcEventType 00000001800299b4     AllinOne_sfun_registry.obj
 0004:000009c0       $pdata$ssGetZcSignalZcEvents 00000001800299c0     AllinOne_sfun_registry.obj
 0004:000009cc       $pdata$ssGetZcSignalType   00000001800299cc     AllinOne_sfun_registry.obj
 0004:000009d8       $pdata$ssGetZcSignalZcTol  00000001800299d8     AllinOne_sfun_registry.obj
 0004:000009e4       $pdata$ssGetZcSignalNeedsEventNotification 00000001800299e4     AllinOne_sfun_registry.obj
 0004:000009f0       $pdata$ssGetZcSignalIsZcElementDisc 00000001800299f0     AllinOne_sfun_registry.obj
 0004:000009fc       $pdata$ssGetIsInputPortElementContinuous 00000001800299fc     AllinOne_sfun_registry.obj
 0004:00000a08       $pdata$ssGetDTypeIdFromMxArray 0000000180029a08     AllinOne_sfun_registry.obj
 0004:00000a14       $pdata$ssWriteRTWStr       0000000180029a14     AllinOne_sfun_registry.obj
 0004:00000a20       $pdata$ssWriteRTWNameValuePair 0000000180029a20     AllinOne_sfun_registry.obj
 0004:00000a2c       $pdata$ssWriteRTWParamSettings 0000000180029a2c     AllinOne_sfun_registry.obj
 0004:00000a38       $pdata$ssWriteRTWParameters 0000000180029a38     AllinOne_sfun_registry.obj
 0004:00000a44       $pdata$ssWriteRTWWorkVect  0000000180029a44     AllinOne_sfun_registry.obj
 0004:00000a50       $pdata$ssWriteRTWMxVectParam 0000000180029a50     AllinOne_sfun_registry.obj
 0004:00000a5c       $pdata$ssWriteRTWMx2dMatParam 0000000180029a5c     AllinOne_sfun_registry.obj
 0004:00000a68       $pdata$_ssSetInputPortMatrixDimensions 0000000180029a68     AllinOne_sfun_registry.obj
 0004:00000a74       $pdata$_ssSetOutputPortMatrixDimensions 0000000180029a74     AllinOne_sfun_registry.obj
 0004:00000a80       $pdata$_ssSetInputPortVectorDimension 0000000180029a80     AllinOne_sfun_registry.obj
 0004:00000a8c       $pdata$_ssSetOutputPortVectorDimension 0000000180029a8c     AllinOne_sfun_registry.obj
 0004:00000a98       $pdata$ssIsRunTimeParamTunable 0000000180029a98     AllinOne_sfun_registry.obj
 0004:00000aa4       $pdata$ssGetSFuncBlockHandle 0000000180029aa4     AllinOne_sfun_registry.obj
 0004:00000ab0       $pdata$_ssGetCurrentInputPortWidth 0000000180029ab0     AllinOne_sfun_registry.obj
 0004:00000abc       $pdata$_ssGetCurrentOutputPortWidth 0000000180029abc     AllinOne_sfun_registry.obj
 0004:00000ac8       $pdata$_ssGetCallSystemNumFcnCallDestinations 0000000180029ac8     AllinOne_sfun_registry.obj
 0004:00000ad4       $pdata$ssGetParameterTuningCompliance 0000000180029ad4     AllinOne_sfun_registry.obj
 0004:00000ae0       $pdata$ssWarning           0000000180029ae0     AllinOne_sfun_registry.obj
 0004:00000aec       $pdata$_ssGetAbsTol        0000000180029aec     AllinOne_sfun_registry.obj
 0004:00000af8       $pdata$sf_process_check_sum_call 0000000180029af8     AllinOne_sfun_registry.obj
 0004:00000b04       $pdata$sf_process_machine_uses_exported_functions_call 0000000180029b04     AllinOne_sfun_registry.obj
 0004:00000b10       $pdata$sf_process_autoinheritance_call 0000000180029b10     AllinOne_sfun_registry.obj
 0004:00000b1c       $pdata$sf_process_get_third_party_uses_info_call 0000000180029b1c     AllinOne_sfun_registry.obj
 0004:00000b28       $pdata$sf_process_get_jit_fallback_info_call 0000000180029b28     AllinOne_sfun_registry.obj
 0004:00000b34       $pdata$sf_process_get_updateBuildInfo_args_info_call 0000000180029b34     AllinOne_sfun_registry.obj
 0004:00000b40       $pdata$sf_process_get_eml_resolved_functions_info_call 0000000180029b40     AllinOne_sfun_registry.obj
 0004:00000b4c       $pdata$sf_process_get_post_codegen_info 0000000180029b4c     AllinOne_sfun_registry.obj
 0004:00000b58       $pdata$sf_mex_unlock_call  0000000180029b58     AllinOne_sfun_registry.obj
 0004:00000b64       $pdata$sf_debug_api_wrapper 0000000180029b64     AllinOne_sfun_registry.obj
 0004:00000b70       $pdata$ProcessMexSfunctionCmdLineCall 0000000180029b70     AllinOne_sfun_registry.obj
 0004:00000b7c       $pdata$sf_machine_global_initializer_called 0000000180029b7c     AllinOne_sfun_registry.obj
 0004:00000b88       $pdata$sf_machine_global_method_dispatcher 0000000180029b88     AllinOne_sfun_registry.obj
 0004:00000b94       $pdata$sf_machine_global_terminator 0000000180029b94     AllinOne_sfun_registry.obj
 0004:00000ba0       $pdata$sf_register_machine_exported_symbols 0000000180029ba0     AllinOne_sfun_registry.obj
 0004:00000bac       $pdata$sf_machine_global_initializer 0000000180029bac     AllinOne_sfun_registry.obj
 0004:00000bb8       $pdata$mdlGetSimState      0000000180029bb8     AllinOne_sfun_registry.obj
 0004:00000bc4       $pdata$mdlSetSimState      0000000180029bc4     AllinOne_sfun_registry.obj
 0004:00000bd0       $pdata$mdlSetWorkWidths    0000000180029bd0     AllinOne_sfun_registry.obj
 0004:00000bdc       $pdata$mdlProcessParameters 0000000180029bdc     AllinOne_sfun_registry.obj
 0004:00000be8       $pdata$mdl_start_processing 0000000180029be8     AllinOne_sfun_registry.obj
 0004:00000bf4       $pdata$mdl_terminate_processing 0000000180029bf4     AllinOne_sfun_registry.obj
 0004:00000c00       $pdata$mdlStart            0000000180029c00     AllinOne_sfun_registry.obj
 0004:00000c0c       $pdata$mdlTerminate        0000000180029c0c     AllinOne_sfun_registry.obj
 0004:00000c18       $pdata$mdlInitializeSizes  0000000180029c18     AllinOne_sfun_registry.obj
 0004:00000c24       $pdata$mdlInitializeSampleTimes 0000000180029c24     AllinOne_sfun_registry.obj
 0004:00000c30       $pdata$mdl_outputs_continuous_legacy 0000000180029c30     AllinOne_sfun_registry.obj
 0004:00000c3c       $pdata$mdl_outputs_processing 0000000180029c3c     AllinOne_sfun_registry.obj
 0004:00000c48       $pdata$mdl_zeroCrossings_processing 0000000180029c48     AllinOne_sfun_registry.obj
 0004:00000c54       $pdata$mdlZeroCrossings    0000000180029c54     AllinOne_sfun_registry.obj
 0004:00000c60       $pdata$mdl_derivatives_processing 0000000180029c60     AllinOne_sfun_registry.obj
 0004:00000c6c       $pdata$mdlDerivatives      0000000180029c6c     AllinOne_sfun_registry.obj
 0004:00000c78       $pdata$mdl_initialize_conditions_processing 0000000180029c78     AllinOne_sfun_registry.obj
 0004:00000c84       $pdata$mdlInitializeConditions 0000000180029c84     AllinOne_sfun_registry.obj
 0004:00000c90       $pdata$mdl_ext_mode_exec_processing 0000000180029c90     AllinOne_sfun_registry.obj
 0004:00000c9c       $pdata$mdlExtModeExec      0000000180029c9c     AllinOne_sfun_registry.obj
 0004:00000ca8       $pdata$mdlRTW              0000000180029ca8     AllinOne_sfun_registry.obj
 0004:00000cb4       $pdata$mdl_enable_processing 0000000180029cb4     AllinOne_sfun_registry.obj
 0004:00000cc0       $pdata$mdlEnable           0000000180029cc0     AllinOne_sfun_registry.obj
 0004:00000ccc       $pdata$mdl_disable_processing 0000000180029ccc     AllinOne_sfun_registry.obj
 0004:00000cd8       $pdata$mdlDisable          0000000180029cd8     AllinOne_sfun_registry.obj
 0004:00000ce4       $pdata$mdlOutputs          0000000180029ce4     AllinOne_sfun_registry.obj
 0004:00000cf0       $pdata$mdl_update_processing 0000000180029cf0     AllinOne_sfun_registry.obj
 0004:00000cfc       $pdata$mdlUpdate           0000000180029cfc     AllinOne_sfun_registry.obj
 0004:00000d08       $pdata$ProcessMexSfunctionEveryCall 0000000180029d08     AllinOne_sfun_registry.obj
 0004:00000d14       $pdata$_RegNumInputPortsCB 0000000180029d14     AllinOne_sfun_registry.obj
 0004:00000d20       $pdata$_RegNumOutputPortsCB 0000000180029d20     AllinOne_sfun_registry.obj
 0004:00000d2c       $pdata$_CreateSimStruct    0000000180029d2c     AllinOne_sfun_registry.obj
 0004:00000d38       $pdata$_ssFatalError       0000000180029d38     AllinOne_sfun_registry.obj
 0004:00000d44       $pdata$_ProcessMexSfunctionCmdLineCall 0000000180029d44     AllinOne_sfun_registry.obj
 0004:00000d50       $pdata$__raise_securityfailure 0000000180029d50     MSVCRT:gs_report.obj
 0004:00000d5c       $pdata$__report_gsfailure  0000000180029d5c     MSVCRT:gs_report.obj
 0004:00000d68       $pdata$__report_rangecheckfailure 0000000180029d68     MSVCRT:gs_report.obj
 0004:00000d74       $pdata$__report_securityfailure 0000000180029d74     MSVCRT:gs_report.obj
 0004:00000d80       $pdata$__report_securityfailureEx 0000000180029d80     MSVCRT:gs_report.obj
 0004:00000d8c       $pdata$__GSHandlerCheck    0000000180029d8c     MSVCRT:gshandler.obj
 0004:00000d98       $pdata$__GSHandlerCheckCommon 0000000180029d98     MSVCRT:gshandler.obj
 0004:00000db0       $pdata$pre_c_init          0000000180029db0     MSVCRT:crtdll.obj
 0004:00000dbc       $pdata$_CRT_INIT           0000000180029dbc     MSVCRT:crtdll.obj
 0004:00000dc8       $pdata$_DllMainCRTStartup  0000000180029dc8     MSVCRT:crtdll.obj
 0004:00000dd4       $pdata$__DllMainCRTStartup 0000000180029dd4     MSVCRT:crtdll.obj
 0004:00000de0       $pdata$_IsNonwritableInCurrentImage 0000000180029de0     MSVCRT:pesect.obj
 0004:00000dec       $pdata$__atonexitinit      0000000180029dec     MSVCRT:atonexit.obj
 0004:00000df8       $pdata$_onexit             0000000180029df8     MSVCRT:atonexit.obj
 0004:00000e04       $pdata$atexit              0000000180029e04     MSVCRT:atonexit.obj
 0004:00000e10       $pdata$__security_init_cookie 0000000180029e10     MSVCRT:gs_support.obj
 0004:00000e1c       $pdata$DllMain             0000000180029e1c     MSVCRT:dllmain.obj
 0004:00000e28       $pdata$_RTC_Initialize     0000000180029e28     MSVCRT:initsect.obj
 0004:00000e34       $pdata$_RTC_Terminate      0000000180029e34     MSVCRT:initsect.obj
 0004:00000e40       $pdata$__DllMainCRTStartup$filt$0 0000000180029e40     MSVCRT:crtdll.obj
 0004:00000e4c       $pdata$__DllMainCRTStartup$fin$1 0000000180029e4c     MSVCRT:crtdll.obj
 0004:00000e58       $pdata$_IsNonwritableInCurrentImage$filt$0 0000000180029e58     MSVCRT:pesect.obj
 0004:00000e64       $pdata$_onexit$fin$0       0000000180029e64     MSVCRT:atonexit.obj
