Archive member included to satisfy reference by file (symbol)

c:/progra~3/matlab/suppor~1/r2017a/3p778c~1.ins/gnuarm~1.ins/bin/../lib/gcc/arm-none-eabi/5.2.1/armv7-m\libgcc.a(_arm_addsubdf3.o)
                              ../ControlSystem.o (__aeabi_dsub)
c:/progra~3/matlab/suppor~1/r2017a/3p778c~1.ins/gnuarm~1.ins/bin/../lib/gcc/arm-none-eabi/5.2.1/armv7-m\libgcc.a(_arm_muldivdf3.o)
                              ../ControlSystem.o (__aeabi_dmul)
c:/progra~3/matlab/suppor~1/r2017a/3p778c~1.ins/gnuarm~1.ins/bin/../lib/gcc/arm-none-eabi/5.2.1/armv7-m\libgcc.a(_arm_cmpdf2.o)
                              ../ControlSystem.o (__aeabi_dcmpeq)
c:/progra~3/matlab/suppor~1/r2017a/3p778c~1.ins/gnuarm~1.ins/bin/../lib/gcc/arm-none-eabi/5.2.1/armv7-m\libgcc.a(_arm_fixunsdfsi.o)
                              ../ControlSystem.o (__aeabi_d2uiz)
c:/progra~3/matlab/suppor~1/r2017a/3p778c~1.ins/gnuarm~1.ins/bin/../lib/gcc/arm-none-eabi/5.2.1/../../../../arm-none-eabi/lib/armv7-m\libc.a(lib_a-memcpy.o)
                              xil_data_stream.o (memcpy)
c:/progra~3/matlab/suppor~1/r2017a/3p778c~1.ins/gnuarm~1.ins/bin/../lib/gcc/arm-none-eabi/5.2.1/../../../../arm-none-eabi/lib/armv7-m\libc.a(lib_a-printf.o)
                              ../ControlSystem.o (printf)
c:/progra~3/matlab/suppor~1/r2017a/3p778c~1.ins/gnuarm~1.ins/bin/../lib/gcc/arm-none-eabi/5.2.1/../../../../arm-none-eabi/lib/armv7-m\libc.a(lib_a-puts.o)
                              ../ControlSystem.o (puts)
c:/progra~3/matlab/suppor~1/r2017a/3p778c~1.ins/gnuarm~1.ins/bin/../lib/gcc/arm-none-eabi/5.2.1/../../../../arm-none-eabi/lib/armv7-m\libc.a(lib_a-reent.o)
                              syscalls.o (errno)
c:/progra~3/matlab/suppor~1/r2017a/3p778c~1.ins/gnuarm~1.ins/bin/../lib/gcc/arm-none-eabi/5.2.1/../../../../arm-none-eabi/lib/armv7-m\libc.a(lib_a-strlen-stub.o)
                              c:/progra~3/matlab/suppor~1/r2017a/3p778c~1.ins/gnuarm~1.ins/bin/../lib/gcc/arm-none-eabi/5.2.1/../../../../arm-none-eabi/lib/armv7-m\libc.a(lib_a-puts.o) (strlen)
c:/progra~3/matlab/suppor~1/r2017a/3p778c~1.ins/gnuarm~1.ins/bin/../lib/gcc/arm-none-eabi/5.2.1/../../../../arm-none-eabi/lib/armv7-m\libc.a(lib_a-vfprintf.o)
                              c:/progra~3/matlab/suppor~1/r2017a/3p778c~1.ins/gnuarm~1.ins/bin/../lib/gcc/arm-none-eabi/5.2.1/../../../../arm-none-eabi/lib/armv7-m\libc.a(lib_a-printf.o) (_vfprintf_r)
c:/progra~3/matlab/suppor~1/r2017a/3p778c~1.ins/gnuarm~1.ins/bin/../lib/gcc/arm-none-eabi/5.2.1/../../../../arm-none-eabi/lib/armv7-m\libc.a(lib_a-wsetup.o)
                              c:/progra~3/matlab/suppor~1/r2017a/3p778c~1.ins/gnuarm~1.ins/bin/../lib/gcc/arm-none-eabi/5.2.1/../../../../arm-none-eabi/lib/armv7-m\libc.a(lib_a-vfprintf.o) (__swsetup_r)
c:/progra~3/matlab/suppor~1/r2017a/3p778c~1.ins/gnuarm~1.ins/bin/../lib/gcc/arm-none-eabi/5.2.1/../../../../arm-none-eabi/lib/armv7-m\libc.a(lib_a-dtoa.o)
                              c:/progra~3/matlab/suppor~1/r2017a/3p778c~1.ins/gnuarm~1.ins/bin/../lib/gcc/arm-none-eabi/5.2.1/../../../../arm-none-eabi/lib/armv7-m\libc.a(lib_a-vfprintf.o) (_dtoa_r)
c:/progra~3/matlab/suppor~1/r2017a/3p778c~1.ins/gnuarm~1.ins/bin/../lib/gcc/arm-none-eabi/5.2.1/../../../../arm-none-eabi/lib/armv7-m\libc.a(lib_a-fflush.o)
                              c:/progra~3/matlab/suppor~1/r2017a/3p778c~1.ins/gnuarm~1.ins/bin/../lib/gcc/arm-none-eabi/5.2.1/../../../../arm-none-eabi/lib/armv7-m\libc.a(lib_a-vfprintf.o) (_fflush_r)
c:/progra~3/matlab/suppor~1/r2017a/3p778c~1.ins/gnuarm~1.ins/bin/../lib/gcc/arm-none-eabi/5.2.1/../../../../arm-none-eabi/lib/armv7-m\libc.a(lib_a-findfp.o)
                              c:/progra~3/matlab/suppor~1/r2017a/3p778c~1.ins/gnuarm~1.ins/bin/../lib/gcc/arm-none-eabi/5.2.1/../../../../arm-none-eabi/lib/armv7-m\libc.a(lib_a-puts.o) (__sinit)
c:/progra~3/matlab/suppor~1/r2017a/3p778c~1.ins/gnuarm~1.ins/bin/../lib/gcc/arm-none-eabi/5.2.1/../../../../arm-none-eabi/lib/armv7-m\libc.a(lib_a-freer.o)
                              c:/progra~3/matlab/suppor~1/r2017a/3p778c~1.ins/gnuarm~1.ins/bin/../lib/gcc/arm-none-eabi/5.2.1/../../../../arm-none-eabi/lib/armv7-m\libc.a(lib_a-reent.o) (_free_r)
c:/progra~3/matlab/suppor~1/r2017a/3p778c~1.ins/gnuarm~1.ins/bin/../lib/gcc/arm-none-eabi/5.2.1/../../../../arm-none-eabi/lib/armv7-m\libc.a(lib_a-fvwrite.o)
                              c:/progra~3/matlab/suppor~1/r2017a/3p778c~1.ins/gnuarm~1.ins/bin/../lib/gcc/arm-none-eabi/5.2.1/../../../../arm-none-eabi/lib/armv7-m\libc.a(lib_a-puts.o) (__sfvwrite_r)
c:/progra~3/matlab/suppor~1/r2017a/3p778c~1.ins/gnuarm~1.ins/bin/../lib/gcc/arm-none-eabi/5.2.1/../../../../arm-none-eabi/lib/armv7-m\libc.a(lib_a-fwalk.o)
                              c:/progra~3/matlab/suppor~1/r2017a/3p778c~1.ins/gnuarm~1.ins/bin/../lib/gcc/arm-none-eabi/5.2.1/../../../../arm-none-eabi/lib/armv7-m\libc.a(lib_a-findfp.o) (_fwalk)
[...]
Memory Configuration

Name             Origin             Length             Attributes
FLASH            0x00000000         0x00040000         xr
SRAM             0x20000000         0x00010000         xrw
*default*        0x00000000         0xffffffff

Linker script and memory map

LOAD xil_interface_lib.o
LOAD xil_data_stream.o
LOAD xil_services.o
LOAD xil_interface.o
LOAD xilcomms_rtiostream.o
LOAD xil_rtiostream.o
LOAD rtiostream_utils.o
LOAD rtiostream_serial.o
LOAD pil_main.o
LOAD startup_gcc.o
LOAD system_LM3S.o
LOAD syscalls.o
LOAD ../ControlSystem.o
LOAD ../ControlSystem_data.o
LOAD C:/ProgramData/MATLAB/SupportPackages/R2017a/3P.instrset/cmsis.instrset/CMSIS/Lib/GCC/libarm_cortexM3l_math.a
LOAD c:/progra~3/matlab/suppor~1/r2017a/3p778c~1.ins/gnuarm~1.ins/bin/../lib/gcc/arm-none-eabi/5.2.1/../../../../arm-none-eabi/lib/armv7-m\libstdc++.a
LOAD c:/progra~3/matlab/suppor~1/r2017a/3p778c~1.ins/gnuarm~1.ins/bin/../lib/gcc/arm-none-eabi/5.2.1/../../../../arm-none-eabi/lib/armv7-m\libm.a
START GROUP
LOAD c:/progra~3/matlab/suppor~1/r2017a/3p778c~1.ins/gnuarm~1.ins/bin/../lib/gcc/arm-none-eabi/5.2.1/armv7-m\libgcc.a
LOAD c:/progra~3/matlab/suppor~1/r2017a/3p778c~1.ins/gnuarm~1.ins/bin/../lib/gcc/arm-none-eabi/5.2.1/../../../../arm-none-eabi/lib/armv7-m\libc.a
END GROUP
                0x20020000                _eram = 0x20020000

.text           0x00000000     0x81b0
 *(.isr_vector)
 .isr_vector    0x00000000       0xb8 startup_gcc.o
                0x00000000                g_pfnVectors
 *(.text*)
 .text.getNextXILIOData
                0x000000b8       0x24 xil_interface_lib.o
 .text.processHostToTargetData
                0x000000dc       0xa4 xil_interface_lib.o
 .text.processTargetToHostData
                0x00000180       0xa4 xil_interface_lib.o
 .text.finalizeCommandResponse
                0x00000224       0x68 xil_interface_lib.o
 .text.computeNextState
                0x0000028c      0x200 xil_interface_lib.o
 .text.xilProcessMsg
                0x0000048c      0x4f8 xil_interface_lib.o
                0x0000048c                xilProcessMsg
 .text.commsRun
                0x00000984       0x18 xil_interface_lib.o
                0x00000984                commsRun
 .text.xilRun   0x0000099c       0x58 xil_interface_lib.o
                0x0000099c                xilRun
 .text.resetXILWriteBuffer
                0x000009f4       0x60 xil_data_stream.o
                0x000009f4                resetXILWriteBuffer
 .text.silpilInit
                0x00000a54       0x20 xil_data_stream.o
                0x00000a54                silpilInit
 .text.sendWriteBuffer
                0x00000a74       0x44 xil_data_stream.o
 .text.xilWriteData
                0x00000ab8       0x9c xil_data_stream.o
                0x00000ab8                xilWriteData
 .text.xilReadData
                0x00000b54       0xac xil_data_stream.o
                0x00000b54                xilReadData
 .text.xilDataFlush
                0x00000c00       0x40 xil_data_stream.o
                0x00000c00                xilDataFlush
 .text.silpilTerminate
                0x00000c40        0xc xil_data_stream.o
                0x00000c40                silpilTerminate
 .text.xilInit  0x00000c4c       0x38 xil_services.o
                0x00000c4c                xilInit
 .text.xilTerminateComms
                0x00000c84       0x14 xil_services.o
                0x00000c84                xilTerminateComms
 .text.xilProcessParams
                0x00000c98       0x20 xil_interface.o
                0x00000c98                xilProcessParams
 .text.xilGetDataTypeInfo
                0x00000cb8       0x5c xil_interface.o
                0x00000cb8                xilGetDataTypeInfo
 .text.xilInitialize
                0x00000d14       0x28 xil_interface.o
                0x00000d14                xilInitialize
 .text.xilPause
                0x00000d3c       0x24 xil_interface.o
                0x00000d3c                xilPause
 .text.xilSystemInitialize
                0x00000d60       0x24 xil_interface.o
                0x00000d60                xilSystemInitialize
 .text.xilSystemReset
                0x00000d84       0x24 xil_interface.o
                0x00000d84                xilSystemReset
 .text.xilGetHostToTargetData
                0x00000da8      0x2ac xil_interface.o
                0x00000da8                xilGetHostToTargetData
 .text.xilOutput
                0x00001054       0x30 xil_interface.o
                0x00001054                xilOutput
 .text.xilUpdate
                0x00001084       0x20 xil_interface.o
                0x00001084                xilUpdate
 .text.xilGetTargetToHostData
                0x000010a4      0x248 xil_interface.o
                0x000010a4                xilGetTargetToHostData
 .text.xilTerminate
                0x000012ec       0x20 xil_interface.o
                0x000012ec                xilTerminate
 .text.xilEnable
                0x0000130c       0x20 xil_interface.o
                0x0000130c                xilEnable
 .text.xilDisable
                0x0000132c       0x20 xil_interface.o
                0x0000132c                xilDisable
 .text.commsInit
                0x0000134c       0x34 xilcomms_rtiostream.o
                0x0000134c                commsInit
 .text.commsTerminate
                0x00001380       0x24 xilcomms_rtiostream.o
                0x00001380                commsTerminate
 .text.commsEnqueueBuffer
                0x000013a4       0x70 xilcomms_rtiostream.o
                0x000013a4                commsEnqueueBuffer
 .text.rtiostreamReadMessage
                0x00001414       0x7c xilcomms_rtiostream.o
                0x00001414                rtiostreamReadMessage
 .text.xilTgtAppSvcCreate
                0x00001490       0x10 xil_rtiostream.o
                0x00001490                xilTgtAppSvcCreate
 .text.xilTgtAppSvcDestroy
                0x000014a0        0xc xil_rtiostream.o
                0x000014a0                xilTgtAppSvcDestroy
 .text.xilTgtAppSvcAllocBuffer
                0x000014ac       0x24 xil_rtiostream.o
                0x000014ac                xilTgtAppSvcAllocBuffer
 .text.xilTgtAppSvcGetBufferDataPtr
                0x000014d0       0x18 xil_rtiostream.o
                0x000014d0                xilTgtAppSvcGetBufferDataPtr
 .text.xilTgtAppSvcSend
                0x000014e8       0x24 xil_rtiostream.o
                0x000014e8                xilTgtAppSvcSend
 .text.rtIOStreamBlockingSend
                0x0000150c       0x64 rtiostream_utils.o
                0x0000150c                rtIOStreamBlockingSend
 .text.rtIOStreamBlockingRecv
                0x00001570       0x64 rtiostream_utils.o
                0x00001570                rtIOStreamBlockingRecv
 .text.rtIOStreamOpen
                0x000015d4       0x3c rtiostream_serial.o
                0x000015d4                rtIOStreamOpen
 .text.rtIOStreamSend
                0x00001610       0x48 rtiostream_serial.o
                0x00001610                rtIOStreamSend
 .text.rtIOStreamRecv
                0x00001658       0x58 rtiostream_serial.o
                0x00001658                rtIOStreamRecv
 .text.rtIOStreamClose
                0x000016b0       0x14 rtiostream_serial.o
                0x000016b0                rtIOStreamClose
 .text.main     0x000016c4       0x8c pil_main.o
                0x000016c4                main
 .text.ResetISR
                0x00001750       0x5c startup_gcc.o
                0x00001750                ResetISR
 .text.IntDefaultHandler
                0x000017ac        0x8 startup_gcc.o
                0x000017ac                NmiISR
                0x000017ac                SysTick_Handler
                0x000017ac                PendSV_Handler
                0x000017ac                SVC_Handler
                0x000017ac                DebugMon_Handler
 .text.FaultISR
                0x000017b4        0x8 startup_gcc.o
                0x000017b4                FaultISR
 .text.MPUFaultISR
                0x000017bc        0x8 startup_gcc.o
                0x000017bc                MPUFaultISR
 .text.BusFaultISR
                0x000017c4        0x8 startup_gcc.o
                0x000017c4                BusFaultISR
 .text.getOscClk
                0x000017cc      0x198 system_LM3S.o
 .text.SystemCoreClockUpdate
                0x00001964      0x118 system_LM3S.o
                0x00001964                SystemCoreClockUpdate
 .text._close   0x00001a7c       0x14 syscalls.o
                0x00001a7c                _close
 .text._fstat   0x00001a90       0x20 syscalls.o
                0x00001a90                _fstat
 .text._isatty  0x00001ab0       0x14 syscalls.o
                0x00001ab0                _isatty
 .text._lseek   0x00001ac4       0x18 syscalls.o
                0x00001ac4                _lseek
 .text._read    0x00001adc       0x4c syscalls.o
                0x00001adc                _read
 .text._fini    0x00001b28       0x10 syscalls.o
                0x00001b28                _fini
 .text._sbrk    0x00001b38       0x64 syscalls.o
                0x00001b38                _sbrk
 .text._write   0x00001b9c       0x3c syscalls.o
                0x00001b9c                _write
 .text.exit_internal_working_Coffee
                0x00001bd8       0xbc ../ControlSystem.o
 .text.checkall
                0x00001c94       0xf4 ../ControlSystem.o
 .text.chartstep_c12_ControlSystem
                0x00001d88      0x80c ../ControlSystem.o
 .text.ControlSystem_step
                0x00002594      0x390 ../ControlSystem.o
                0x00002594                ControlSystem_step
 .text.ControlSystem_initialize
                0x00002924       0x58 ../ControlSystem.o
                0x00002924                ControlSystem_initialize
 .text          0x0000297c      0x370 c:/progra~3/matlab/suppor~1/r2017a/3p778c~1.ins/gnuarm~1.ins/bin/../lib/gcc/arm-none-eabi/5.2.1/armv7-m\libgcc.a(_arm_addsubdf3.o)
                0x0000297c                __aeabi_drsub
                0x00002984                __aeabi_dsub
                0x00002984                __subdf3
                0x00002988                __aeabi_dadd
                0x00002988                __adddf3
                0x00002c00                __floatunsidf
                0x00002c00                __aeabi_ui2d
                0x00002c20                __floatsidf
                0x00002c20                __aeabi_i2d
                0x00002c44                __aeabi_f2d
                0x00002c44                __extendsfdf2
                0x00002c80                __floatundidf
                0x00002c80                __aeabi_ul2d
                0x00002c90                __floatdidf
                0x00002c90                __aeabi_l2d
 .text          0x00002cec      0x424 c:/progra~3/matlab/suppor~1/r2017a/3p778c~1.ins/gnuarm~1.ins/bin/../lib/gcc/arm-none-eabi/5.2.1/armv7-m\libgcc.a(_arm_muldivdf3.o)
                0x00002cec                __aeabi_dmul
                0x00002cec                __muldf3
                0x00002f40                __divdf3
                0x00002f40                __aeabi_ddiv
 .text          0x00003110      0x110 c:/progra~3/matlab/suppor~1/r2017a/3p778c~1.ins/gnuarm~1.ins/bin/../lib/gcc/arm-none-eabi/5.2.1/armv7-m\libgcc.a(_arm_cmpdf2.o)
                0x00003110                __gtdf2
                0x00003110                __gedf2
                0x00003118                __ltdf2
                0x00003118                __ledf2
                0x00003120                __nedf2
                0x00003120                __eqdf2
                0x00003120                __cmpdf2
                0x0000319c                __aeabi_cdrcmple
                0x000031ac                __aeabi_cdcmpeq
                0x000031ac                __aeabi_cdcmple
                0x000031bc                __aeabi_dcmpeq
                0x000031d0                __aeabi_dcmplt
                0x000031e4                __aeabi_dcmple
                0x000031f8                __aeabi_dcmpge
                0x0000320c                __aeabi_dcmpgt
 .text          0x00003220       0x40 c:/progra~3/matlab/suppor~1/r2017a/3p778c~1.ins/gnuarm~1.ins/bin/../lib/gcc/arm-none-eabi/5.2.1/armv7-m\libgcc.a(_arm_fixunsdfsi.o)
                0x00003220                __aeabi_d2uiz
                0x00003220                __fixunsdfsi
 .text          0x00003260       0xec c:/progra~3/matlab/suppor~1/r2017a/3p778c~1.ins/gnuarm~1.ins/bin/../lib/gcc/arm-none-eabi/5.2.1/../../../../arm-none-eabi/lib/armv7-m\libc.a(lib_a-memcpy.o)
                0x00003260                memcpy
 .text.printf   0x0000334c       0x28 c:/progra~3/matlab/suppor~1/r2017a/3p778c~1.ins/gnuarm~1.ins/bin/../lib/gcc/arm-none-eabi/5.2.1/../../../../arm-none-eabi/lib/armv7-m\libc.a(lib_a-printf.o)
                0x0000334c                printf
 .text._puts_r  0x00003374       0x64 c:/progra~3/matlab/suppor~1/r2017a/3p778c~1.ins/gnuarm~1.ins/bin/../lib/gcc/arm-none-eabi/5.2.1/../../../../arm-none-eabi/lib/armv7-m\libc.a(lib_a-puts.o)
                0x00003374                _puts_r
 .text.puts     0x000033d8       0x10 c:/progra~3/matlab/suppor~1/r2017a/3p778c~1.ins/gnuarm~1.ins/bin/../lib/gcc/arm-none-eabi/5.2.1/../../../../arm-none-eabi/lib/armv7-m\libc.a(lib_a-puts.o)
                0x000033d8                puts
 .text.strlen   0x000033e8       0x5c c:/progra~3/matlab/suppor~1/r2017a/3p778c~1.ins/gnuarm~1.ins/bin/../lib/gcc/arm-none-eabi/5.2.1/../../../../arm-none-eabi/lib/armv7-m\libc.a(lib_a-strlen-stub.o)
                0x000033e8                strlen
 .text._vfprintf_r
                0x00003444     0x1718 c:/progra~3/matlab/suppor~1/r2017a/3p778c~1.ins/gnuarm~1.ins/bin/../lib/gcc/arm-none-eabi/5.2.1/../../../../arm-none-eabi/lib/armv7-m\libc.a(lib_a-vfprintf.o)
                0x00003444                _vfprintf_r
 .text.__sbprintf
                0x00004b5c       0x6c c:/progra~3/matlab/suppor~1/r2017a/3p778c~1.ins/gnuarm~1.ins/bin/../lib/gcc/arm-none-eabi/5.2.1/../../../../arm-none-eabi/lib/armv7-m\libc.a(lib_a-vfprintf.o)
 .text.__swsetup_r
                0x00004bc8       0xc4 c:/progra~3/matlab/suppor~1/r2017a/3p778c~1.ins/gnuarm~1.ins/bin/../lib/gcc/arm-none-eabi/5.2.1/../../../../arm-none-eabi/lib/armv7-m\libc.a(lib_a-wsetup.o)
                0x00004bc8                __swsetup_r
 .text.quorem   0x00004c8c      0x12c c:/progra~3/matlab/suppor~1/r2017a/3p778c~1.ins/gnuarm~1.ins/bin/../lib/gcc/arm-none-eabi/5.2.1/../../../../arm-none-eabi/lib/armv7-m\libc.a(lib_a-dtoa.o)
 .text._dtoa_r  0x00004db8      0xe4c c:/progra~3/matlab/suppor~1/r2017a/3p778c~1.ins/gnuarm~1.ins/bin/../lib/gcc/arm-none-eabi/5.2.1/../../../../arm-none-eabi/lib/armv7-m\libc.a(lib_a-dtoa.o)
                0x00004db8                _dtoa_r
 .text.__sflush_r
                0x00005c04      0x148 c:/progra~3/matlab/suppor~1/r2017a/3p778c~1.ins/gnuarm~1.ins/bin/../lib/gcc/arm-none-eabi/5.2.1/../../../../arm-none-eabi/lib/armv7-m\libc.a(lib_a-fflush.o)
                0x00005c04                __sflush_r
 .text._fflush_r
                0x00005d4c       0x2c c:/progra~3/matlab/suppor~1/r2017a/3p778c~1.ins/gnuarm~1.ins/bin/../lib/gcc/arm-none-eabi/5.2.1/../../../../arm-none-eabi/lib/armv7-m\libc.a(lib_a-fflush.o)
                0x00005d4c                _fflush_r
 .text._cleanup_r
                0x00005d78        0xc c:/progra~3/matlab/suppor~1/r2017a/3p778c~1.ins/gnuarm~1.ins/bin/../lib/gcc/arm-none-eabi/5.2.1/../../../../arm-none-eabi/lib/armv7-m\libc.a(lib_a-findfp.o)
                0x00005d78                _cleanup_r
 .text.__sinit.part.1
                0x00005d84       0xf0 c:/progra~3/matlab/suppor~1/r2017a/3p778c~1.ins/gnuarm~1.ins/bin/../lib/gcc/arm-none-eabi/5.2.1/../../../../arm-none-eabi/lib/armv7-m\libc.a(lib_a-findfp.o)
 .text.__sinit  0x00005e74        0xc c:/progra~3/matlab/suppor~1/r2017a/3p778c~1.ins/gnuarm~1.ins/bin/../lib/gcc/arm-none-eabi/5.2.1/../../../../arm-none-eabi/lib/armv7-m\libc.a(lib_a-findfp.o)
                0x00005e74                __sinit
 .text.__sfp_lock_acquire
                0x00005e80        0x4 c:/progra~3/matlab/suppor~1/r2017a/3p778c~1.ins/gnuarm~1.ins/bin/../lib/gcc/arm-none-eabi/5.2.1/../../../../arm-none-eabi/lib/armv7-m\libc.a(lib_a-findfp.o)
                0x00005e80                __sfp_lock_acquire
 .text.__sfp_lock_release
                0x00005e84        0x4 c:/progra~3/matlab/suppor~1/r2017a/3p778c~1.ins/gnuarm~1.ins/bin/../lib/gcc/arm-none-eabi/5.2.1/../../../../arm-none-eabi/lib/armv7-m\libc.a(lib_a-findfp.o)
                0x00005e84                __sfp_lock_release
 .text._malloc_trim_r
                0x00005e88       0x9c c:/progra~3/matlab/suppor~1/r2017a/3p778c~1.ins/gnuarm~1.ins/bin/../lib/gcc/arm-none-eabi/5.2.1/../../../../arm-none-eabi/lib/armv7-m\libc.a(lib_a-freer.o)
                0x00005e88                _malloc_trim_r
 .text._free_r  0x00005f24      0x1d0 c:/progra~3/matlab/suppor~1/r2017a/3p778c~1.ins/gnuarm~1.ins/bin/../lib/gcc/arm-none-eabi/5.2.1/../../../../arm-none-eabi/lib/armv7-m\libc.a(lib_a-freer.o)
                0x00005f24                _free_r
 .text.__sfvwrite_r
                0x000060f4      0x304 c:/progra~3/matlab/suppor~1/r2017a/3p778c~1.ins/gnuarm~1.ins/bin/../lib/gcc/arm-none-eabi/5.2.1/../../../../arm-none-eabi/lib/armv7-m\libc.a(lib_a-fvwrite.o)
                0x000060f4                __sfvwrite_r
 .text._fwalk_reent
                0x000063f8       0x50 c:/progra~3/matlab/suppor~1/r2017a/3p778c~1.ins/gnuarm~1.ins/bin/../lib/gcc/arm-none-eabi/5.2.1/../../../../arm-none-eabi/lib/armv7-m\libc.a(lib_a-fwalk.o)
                0x000063f8                _fwalk_reent
 .text.__locale_charset
                0x00006448        0x8 c:/progra~3/matlab/suppor~1/r2017a/3p778c~1.ins/gnuarm~1.ins/bin/../lib/gcc/arm-none-eabi/5.2.1/../../../../arm-none-eabi/lib/armv7-m\libc.a(lib_a-locale.o)
                0x00006448                __locale_charset
 .text.__locale_mb_cur_max
                0x00006450        0xc c:/progra~3/matlab/suppor~1/r2017a/3p778c~1.ins/gnuarm~1.ins/bin/../lib/gcc/arm-none-eabi/5.2.1/../../../../arm-none-eabi/lib/armv7-m\libc.a(lib_a-locale.o)
                0x00006450                __locale_mb_cur_max
 .text._localeconv_r
                0x0000645c        0x8 c:/progra~3/matlab/suppor~1/r2017a/3p778c~1.ins/gnuarm~1.ins/bin/../lib/gcc/arm-none-eabi/5.2.1/../../../../arm-none-eabi/lib/armv7-m\libc.a(lib_a-locale.o)
                0x0000645c                _localeconv_r
 .text.__smakebuf_r
                0x00006464       0xe0 c:/progra~3/matlab/suppor~1/r2017a/3p778c~1.ins/gnuarm~1.ins/bin/../lib/gcc/arm-none-eabi/5.2.1/../../../../arm-none-eabi/lib/armv7-m\libc.a(lib_a-makebuf.o)
                0x00006464                __smakebuf_r
 .text._malloc_r
                0x00006544      0x558 c:/progra~3/matlab/suppor~1/r2017a/3p778c~1.ins/gnuarm~1.ins/bin/../lib/gcc/arm-none-eabi/5.2.1/../../../../arm-none-eabi/lib/armv7-m\libc.a(lib_a-mallocr.o)
                0x00006544                _malloc_r
 .text.memchr   0x00006a9c       0x8c c:/progra~3/matlab/suppor~1/r2017a/3p778c~1.ins/gnuarm~1.ins/bin/../lib/gcc/arm-none-eabi/5.2.1/../../../../arm-none-eabi/lib/armv7-m\libc.a(lib_a-memchr-stub.o)
                0x00006a9c                memchr
 .text.memmove  0x00006b28       0xc8 c:/progra~3/matlab/suppor~1/r2017a/3p778c~1.ins/gnuarm~1.ins/bin/../lib/gcc/arm-none-eabi/5.2.1/../../../../arm-none-eabi/lib/armv7-m\libc.a(lib_a-memmove.o)
                0x00006b28                memmove
 .text.memset   0x00006bf0       0x9c c:/progra~3/matlab/suppor~1/r2017a/3p778c~1.ins/gnuarm~1.ins/bin/../lib/gcc/arm-none-eabi/5.2.1/../../../../arm-none-eabi/lib/armv7-m\libc.a(lib_a-memset.o)
                0x00006bf0                memset
 .text.__malloc_lock
                0x00006c8c        0x4 c:/progra~3/matlab/suppor~1/r2017a/3p778c~1.ins/gnuarm~1.ins/bin/../lib/gcc/arm-none-eabi/5.2.1/../../../../arm-none-eabi/lib/armv7-m\libc.a(lib_a-mlock.o)
                0x00006c8c                __malloc_lock
 .text.__malloc_unlock
                0x00006c90        0x4 c:/progra~3/matlab/suppor~1/r2017a/3p778c~1.ins/gnuarm~1.ins/bin/../lib/gcc/arm-none-eabi/5.2.1/../../../../arm-none-eabi/lib/armv7-m\libc.a(lib_a-mlock.o)
                0x00006c90                __malloc_unlock
 .text._Balloc  0x00006c94       0x50 c:/progra~3/matlab/suppor~1/r2017a/3p778c~1.ins/gnuarm~1.ins/bin/../lib/gcc/arm-none-eabi/5.2.1/../../../../arm-none-eabi/lib/armv7-m\libc.a(lib_a-mprec.o)
                0x00006c94                _Balloc
 .text._Bfree   0x00006ce4       0x14 c:/progra~3/matlab/suppor~1/r2017a/3p778c~1.ins/gnuarm~1.ins/bin/../lib/gcc/arm-none-eabi/5.2.1/../../../../arm-none-eabi/lib/armv7-m\libc.a(lib_a-mprec.o)
                0x00006ce4                _Bfree
 .text.__multadd
                0x00006cf8       0x80 c:/progra~3/matlab/suppor~1/r2017a/3p778c~1.ins/gnuarm~1.ins/bin/../lib/gcc/arm-none-eabi/5.2.1/../../../../arm-none-eabi/lib/armv7-m\libc.a(lib_a-mprec.o)
                0x00006cf8                __multadd
 .text.__hi0bits
                0x00006d78       0x40 c:/progra~3/matlab/suppor~1/r2017a/3p778c~1.ins/gnuarm~1.ins/bin/../lib/gcc/arm-none-eabi/5.2.1/../../../../arm-none-eabi/lib/armv7-m\libc.a(lib_a-mprec.o)
                0x00006d78                __hi0bits
 .text.__lo0bits
                0x00006db8       0x5c c:/progra~3/matlab/suppor~1/r2017a/3p778c~1.ins/gnuarm~1.ins/bin/../lib/gcc/arm-none-eabi/5.2.1/../../../../arm-none-eabi/lib/armv7-m\libc.a(lib_a-mprec.o)
                0x00006db8                __lo0bits
 .text.__i2b    0x00006e14       0x14 c:/progra~3/matlab/suppor~1/r2017a/3p778c~1.ins/gnuarm~1.ins/bin/../lib/gcc/arm-none-eabi/5.2.1/../../../../arm-none-eabi/lib/armv7-m\libc.a(lib_a-mprec.o)
                0x00006e14                __i2b
 .text.__multiply
                0x00006e28      0x13c c:/progra~3/matlab/suppor~1/r2017a/3p778c~1.ins/gnuarm~1.ins/bin/../lib/gcc/arm-none-eabi/5.2.1/../../../../arm-none-eabi/lib/armv7-m\libc.a(lib_a-mprec.o)
                0x00006e28                __multiply
 .text.__pow5mult
                0x00006f64       0xa0 c:/progra~3/matlab/suppor~1/r2017a/3p778c~1.ins/gnuarm~1.ins/bin/../lib/gcc/arm-none-eabi/5.2.1/../../../../arm-none-eabi/lib/armv7-m\libc.a(lib_a-mprec.o)
                0x00006f64                __pow5mult
 .text.__lshift
                0x00007004       0xac c:/progra~3/matlab/suppor~1/r2017a/3p778c~1.ins/gnuarm~1.ins/bin/../lib/gcc/arm-none-eabi/5.2.1/../../../../arm-none-eabi/lib/armv7-m\libc.a(lib_a-mprec.o)
                0x00007004                __lshift
 .text.__mcmp   0x000070b0       0x40 c:/progra~3/matlab/suppor~1/r2017a/3p778c~1.ins/gnuarm~1.ins/bin/../lib/gcc/arm-none-eabi/5.2.1/../../../../arm-none-eabi/lib/armv7-m\libc.a(lib_a-mprec.o)
                0x000070b0                __mcmp
 .text.__mdiff  0x000070f0      0x128 c:/progra~3/matlab/suppor~1/r2017a/3p778c~1.ins/gnuarm~1.ins/bin/../lib/gcc/arm-none-eabi/5.2.1/../../../../arm-none-eabi/lib/armv7-m\libc.a(lib_a-mprec.o)
                0x000070f0                __mdiff
 .text.__d2b    0x00007218       0xa8 c:/progra~3/matlab/suppor~1/r2017a/3p778c~1.ins/gnuarm~1.ins/bin/../lib/gcc/arm-none-eabi/5.2.1/../../../../arm-none-eabi/lib/armv7-m\libc.a(lib_a-mprec.o)
                0x00007218                __d2b
 .text._realloc_r
                0x000072c0      0x3d4 c:/progra~3/matlab/suppor~1/r2017a/3p778c~1.ins/gnuarm~1.ins/bin/../lib/gcc/arm-none-eabi/5.2.1/../../../../arm-none-eabi/lib/armv7-m\libc.a(lib_a-reallocr.o)
                0x000072c0                _realloc_r
 .text.__fpclassifyd
                0x00007694       0x54 c:/progra~3/matlab/suppor~1/r2017a/3p778c~1.ins/gnuarm~1.ins/bin/../lib/gcc/arm-none-eabi/5.2.1/../../../../arm-none-eabi/lib/armv7-m\libc.a(lib_a-s_fpclassify.o)
                0x00007694                __fpclassifyd
 .text._sbrk_r  0x000076e8       0x24 c:/progra~3/matlab/suppor~1/r2017a/3p778c~1.ins/gnuarm~1.ins/bin/../lib/gcc/arm-none-eabi/5.2.1/../../../../arm-none-eabi/lib/armv7-m\libc.a(lib_a-sbrkr.o)
                0x000076e8                _sbrk_r
 .text.__sread  0x0000770c       0x24 c:/progra~3/matlab/suppor~1/r2017a/3p778c~1.ins/gnuarm~1.ins/bin/../lib/gcc/arm-none-eabi/5.2.1/../../../../arm-none-eabi/lib/armv7-m\libc.a(lib_a-stdio.o)
                0x0000770c                __sread
 .text.__swrite
                0x00007730       0x38 c:/progra~3/matlab/suppor~1/r2017a/3p778c~1.ins/gnuarm~1.ins/bin/../lib/gcc/arm-none-eabi/5.2.1/../../../../arm-none-eabi/lib/armv7-m\libc.a(lib_a-stdio.o)
                0x00007730                __swrite
 .text.__sseek  0x00007768       0x20 c:/progra~3/matlab/suppor~1/r2017a/3p778c~1.ins/gnuarm~1.ins/bin/../lib/gcc/arm-none-eabi/5.2.1/../../../../arm-none-eabi/lib/armv7-m\libc.a(lib_a-stdio.o)
                0x00007768                __sseek
 .text.__sclose
                0x00007788        0x8 c:/progra~3/matlab/suppor~1/r2017a/3p778c~1.ins/gnuarm~1.ins/bin/../lib/gcc/arm-none-eabi/5.2.1/../../../../arm-none-eabi/lib/armv7-m\libc.a(lib_a-stdio.o)
                0x00007788                __sclose
 .text.__sprint_r.part.0
                0x00007790       0x78 c:/progra~3/matlab/suppor~1/r2017a/3p778c~1.ins/gnuarm~1.ins/bin/../lib/gcc/arm-none-eabi/5.2.1/../../../../arm-none-eabi/lib/armv7-m\libc.a(lib_a-vfiprintf.o)
 .text.__sprint_r
                0x00007808       0x14 c:/progra~3/matlab/suppor~1/r2017a/3p778c~1.ins/gnuarm~1.ins/bin/../lib/gcc/arm-none-eabi/5.2.1/../../../../arm-none-eabi/lib/armv7-m\libc.a(lib_a-vfiprintf.o)
                0x00007808                __sprint_r
 .text._write_r
                0x0000781c       0x2c c:/progra~3/matlab/suppor~1/r2017a/3p778c~1.ins/gnuarm~1.ins/bin/../lib/gcc/arm-none-eabi/5.2.1/../../../../arm-none-eabi/lib/armv7-m\libc.a(lib_a-writer.o)
                0x0000781c                _write_r
 .text._calloc_r
                0x00007848       0x60 c:/progra~3/matlab/suppor~1/r2017a/3p778c~1.ins/gnuarm~1.ins/bin/../lib/gcc/arm-none-eabi/5.2.1/../../../../arm-none-eabi/lib/armv7-m\libc.a(lib_a-callocr.o)
                0x00007848                _calloc_r
 .text._close_r
                0x000078a8       0x24 c:/progra~3/matlab/suppor~1/r2017a/3p778c~1.ins/gnuarm~1.ins/bin/../lib/gcc/arm-none-eabi/5.2.1/../../../../arm-none-eabi/lib/armv7-m\libc.a(lib_a-closer.o)
                0x000078a8                _close_r
 .text._fclose_r
                0x000078cc       0x84 c:/progra~3/matlab/suppor~1/r2017a/3p778c~1.ins/gnuarm~1.ins/bin/../lib/gcc/arm-none-eabi/5.2.1/../../../../arm-none-eabi/lib/armv7-m\libc.a(lib_a-fclose.o)
                0x000078cc                _fclose_r
 .text.__fputwc
                0x00007950       0xb0 c:/progra~3/matlab/suppor~1/r2017a/3p778c~1.ins/gnuarm~1.ins/bin/../lib/gcc/arm-none-eabi/5.2.1/../../../../arm-none-eabi/lib/armv7-m\libc.a(lib_a-fputwc.o)
                0x00007950                __fputwc
 .text._fputwc_r
                0x00007a00       0x24 c:/progra~3/matlab/suppor~1/r2017a/3p778c~1.ins/gnuarm~1.ins/bin/../lib/gcc/arm-none-eabi/5.2.1/../../../../arm-none-eabi/lib/armv7-m\libc.a(lib_a-fputwc.o)
                0x00007a00                _fputwc_r
 .text._fstat_r
                0x00007a24       0x28 c:/progra~3/matlab/suppor~1/r2017a/3p778c~1.ins/gnuarm~1.ins/bin/../lib/gcc/arm-none-eabi/5.2.1/../../../../arm-none-eabi/lib/armv7-m\libc.a(lib_a-fstatr.o)
                0x00007a24                _fstat_r
 .text._isatty_r
                0x00007a4c       0x24 c:/progra~3/matlab/suppor~1/r2017a/3p778c~1.ins/gnuarm~1.ins/bin/../lib/gcc/arm-none-eabi/5.2.1/../../../../arm-none-eabi/lib/armv7-m\libc.a(lib_a-isattyr.o)
                0x00007a4c                _isatty_r
 .text._lseek_r
                0x00007a70       0x2c c:/progra~3/matlab/suppor~1/r2017a/3p778c~1.ins/gnuarm~1.ins/bin/../lib/gcc/arm-none-eabi/5.2.1/../../../../arm-none-eabi/lib/armv7-m\libc.a(lib_a-lseekr.o)
                0x00007a70                _lseek_r
 .text._read_r  0x00007a9c       0x2c c:/progra~3/matlab/suppor~1/r2017a/3p778c~1.ins/gnuarm~1.ins/bin/../lib/gcc/arm-none-eabi/5.2.1/../../../../arm-none-eabi/lib/armv7-m\libc.a(lib_a-readr.o)
                0x00007a9c                _read_r
 .text.__swbuf_r
                0x00007ac8       0xa8 c:/progra~3/matlab/suppor~1/r2017a/3p778c~1.ins/gnuarm~1.ins/bin/../lib/gcc/arm-none-eabi/5.2.1/../../../../arm-none-eabi/lib/armv7-m\libc.a(lib_a-wbuf.o)
                0x00007ac8                __swbuf_r
 .text._wcrtomb_r
                0x00007b70       0x54 c:/progra~3/matlab/suppor~1/r2017a/3p778c~1.ins/gnuarm~1.ins/bin/../lib/gcc/arm-none-eabi/5.2.1/../../../../arm-none-eabi/lib/armv7-m\libc.a(lib_a-wcrtomb.o)
                0x00007b70                _wcrtomb_r
 .text.__ascii_wctomb
                0x00007bc4       0x1c c:/progra~3/matlab/suppor~1/r2017a/3p778c~1.ins/gnuarm~1.ins/bin/../lib/gcc/arm-none-eabi/5.2.1/../../../../arm-none-eabi/lib/armv7-m\libc.a(lib_a-wctomb_r.o)
                0x00007bc4                __ascii_wctomb
 .text          0x00007be0       0x50 c:/progra~3/matlab/suppor~1/r2017a/3p778c~1.ins/gnuarm~1.ins/bin/../lib/gcc/arm-none-eabi/5.2.1/armv7-m\libgcc.a(_arm_fixdfsi.o)
                0x00007be0                __aeabi_d2iz
                0x00007be0                __fixdfsi
 .text          0x00007c30       0x30 c:/progra~3/matlab/suppor~1/r2017a/3p778c~1.ins/gnuarm~1.ins/bin/../lib/gcc/arm-none-eabi/5.2.1/armv7-m\libgcc.a(_aeabi_uldivmod.o)
                0x00007c30                __aeabi_uldivmod
 .text          0x00007c60      0x2ec c:/progra~3/matlab/suppor~1/r2017a/3p778c~1.ins/gnuarm~1.ins/bin/../lib/gcc/arm-none-eabi/5.2.1/armv7-m\libgcc.a(_udivmoddi4.o)
                0x00007c60                __udivmoddi4
 .text          0x00007f4c        0x4 c:/progra~3/matlab/suppor~1/r2017a/3p778c~1.ins/gnuarm~1.ins/bin/../lib/gcc/arm-none-eabi/5.2.1/armv7-m\libgcc.a(_dvmd_tls.o)
                0x00007f4c                __aeabi_idiv0
                0x00007f4c                __aeabi_ldiv0
 *(.init)
 *(.fini)
 *crtbegin.o(.ctors)
 *crtbegin?.o(.ctors)
 *(EXCLUDE_FILE(*crtend.o *crtend?.o) .ctors)
 *(SORT(.ctors.*))
 *(.ctors)
 *crtbegin.o(.dtors)
 *crtbegin?.o(.dtors)
 *(EXCLUDE_FILE(*crtend.o *crtend?.o) .dtors)
 *(SORT(.dtors.*))
 *(.dtors)
 *(.rodata*)
 .rodata        0x00007f50       0xdb ../ControlSystem.o
 *fill*         0x0000802b        0x1 
 .rodata.str1.4
                0x0000802c        0x2 c:/progra~3/matlab/suppor~1/r2017a/3p778c~1.ins/gnuarm~1.ins/bin/../lib/gcc/arm-none-eabi/5.2.1/../../../../arm-none-eabi/lib/armv7-m\libc.a(lib_a-puts.o)
 *fill*         0x0000802e        0x2 
 .rodata.zeroes.7023
                0x00008030       0x10 c:/progra~3/matlab/suppor~1/r2017a/3p778c~1.ins/gnuarm~1.ins/bin/../lib/gcc/arm-none-eabi/5.2.1/../../../../arm-none-eabi/lib/armv7-m\libc.a(lib_a-vfprintf.o)
 .rodata.blanks.7022
                0x00008040       0x10 c:/progra~3/matlab/suppor~1/r2017a/3p778c~1.ins/gnuarm~1.ins/bin/../lib/gcc/arm-none-eabi/5.2.1/../../../../arm-none-eabi/lib/armv7-m\libc.a(lib_a-vfprintf.o)
 .rodata.str1.4
                0x00008050       0x42 c:/progra~3/matlab/suppor~1/r2017a/3p778c~1.ins/gnuarm~1.ins/bin/../lib/gcc/arm-none-eabi/5.2.1/../../../../arm-none-eabi/lib/armv7-m\libc.a(lib_a-vfprintf.o)
 *fill*         0x00008092        0x2 
 .rodata.str1.4
                0x00008094       0x10 c:/progra~3/matlab/suppor~1/r2017a/3p778c~1.ins/gnuarm~1.ins/bin/../lib/gcc/arm-none-eabi/5.2.1/../../../../arm-none-eabi/lib/armv7-m\libc.a(lib_a-dtoa.o)
                                 0x12 (size before relaxing)
 .rodata.str1.4
                0x000080a4        0x2 c:/progra~3/matlab/suppor~1/r2017a/3p778c~1.ins/gnuarm~1.ins/bin/../lib/gcc/arm-none-eabi/5.2.1/../../../../arm-none-eabi/lib/armv7-m\libc.a(lib_a-impure.o)
 *fill*         0x000080a6        0x2 
 .rodata.str1.4
                0x000080a8        0xc c:/progra~3/matlab/suppor~1/r2017a/3p778c~1.ins/gnuarm~1.ins/bin/../lib/gcc/arm-none-eabi/5.2.1/../../../../arm-none-eabi/lib/armv7-m\libc.a(lib_a-locale.o)
                                 0x12 (size before relaxing)
 .rodata.p05.5402
                0x000080b4        0xc c:/progra~3/matlab/suppor~1/r2017a/3p778c~1.ins/gnuarm~1.ins/bin/../lib/gcc/arm-none-eabi/5.2.1/../../../../arm-none-eabi/lib/armv7-m\libc.a(lib_a-mprec.o)
 .rodata.__mprec_tens
                0x000080c0       0xc8 c:/progra~3/matlab/suppor~1/r2017a/3p778c~1.ins/gnuarm~1.ins/bin/../lib/gcc/arm-none-eabi/5.2.1/../../../../arm-none-eabi/lib/armv7-m\libc.a(lib_a-mprec.o)
                0x000080c0                __mprec_tens
 .rodata.__mprec_bigtens
                0x00008188       0x28 c:/progra~3/matlab/suppor~1/r2017a/3p778c~1.ins/gnuarm~1.ins/bin/../lib/gcc/arm-none-eabi/5.2.1/../../../../arm-none-eabi/lib/armv7-m\libc.a(lib_a-mprec.o)
                0x00008188                __mprec_bigtens
 *(.eh_fram e*)

.glue_7         0x000081b0        0x0
 .glue_7        0x000081b0        0x0 linker stubs

.glue_7t        0x000081b0        0x0
 .glue_7t       0x000081b0        0x0 linker stubs

.vfp11_veneer   0x000081b0        0x0
 .vfp11_veneer  0x000081b0        0x0 linker stubs

.v4_bx          0x000081b0        0x0
 .v4_bx         0x000081b0        0x0 linker stubs

.iplt           0x000081b0        0x0
 .iplt          0x000081b0        0x0 xil_interface_lib.o

.ARM.extab
 *(.ARM.extab* .gnu.linkonce.armextab.*)
                0x000081b0                __exidx_start = .

.ARM.exidx      0x000081b0        0x8
 *(.ARM.exidx* .gnu.linkonce.armexidx.*)
 .ARM.exidx     0x000081b0        0x8 c:/progra~3/matlab/suppor~1/r2017a/3p778c~1.ins/gnuarm~1.ins/bin/../lib/gcc/arm-none-eabi/5.2.1/armv7-m\libgcc.a(_udivmoddi4.o)
                0x000081b8                __exidx_end = .

.rel.dyn        0x000081b8        0x0
 .rel.iplt      0x000081b8        0x0 xil_interface_lib.o
                0x000081b8                . = ALIGN (0x4)
                0x000081b8                _etext = .
                0x000081b8                _sidata = .

.data           0x20000000      0x8cc load address 0x000081b8
                0x20000000                __data_start__ = .
                0x20000000                _sdata = __data_start__
 *(vtable)
 *(.data*)
 .data.processMsgSuccess
                0x20000000        0x4 xil_interface_lib.o
 .data.SystemCoreClock
                0x20000004        0x4 system_LM3S.o
                0x20000004                SystemCoreClock
 .data.rtP      0x20000008       0x28 ../ControlSystem_data.o
                0x20000008                rtP
 .data.impure_data
                0x20000030      0x428 c:/progra~3/matlab/suppor~1/r2017a/3p778c~1.ins/gnuarm~1.ins/bin/../lib/gcc/arm-none-eabi/5.2.1/../../../../arm-none-eabi/lib/armv7-m\libc.a(lib_a-impure.o)
 .data._impure_ptr
                0x20000458        0x4 c:/progra~3/matlab/suppor~1/r2017a/3p778c~1.ins/gnuarm~1.ins/bin/../lib/gcc/arm-none-eabi/5.2.1/../../../../arm-none-eabi/lib/armv7-m\libc.a(lib_a-impure.o)
                0x20000458                _impure_ptr
 .data.lconv    0x2000045c       0x38 c:/progra~3/matlab/suppor~1/r2017a/3p778c~1.ins/gnuarm~1.ins/bin/../lib/gcc/arm-none-eabi/5.2.1/../../../../arm-none-eabi/lib/armv7-m\libc.a(lib_a-locale.o)
 .data.lc_ctype_charset
                0x20000494       0x20 c:/progra~3/matlab/suppor~1/r2017a/3p778c~1.ins/gnuarm~1.ins/bin/../lib/gcc/arm-none-eabi/5.2.1/../../../../arm-none-eabi/lib/armv7-m\libc.a(lib_a-locale.o)
 .data.__mb_cur_max
                0x200004b4        0x4 c:/progra~3/matlab/suppor~1/r2017a/3p778c~1.ins/gnuarm~1.ins/bin/../lib/gcc/arm-none-eabi/5.2.1/../../../../arm-none-eabi/lib/armv7-m\libc.a(lib_a-locale.o)
                0x200004b4                __mb_cur_max
 .data.__malloc_av_
                0x200004b8      0x408 c:/progra~3/matlab/suppor~1/r2017a/3p778c~1.ins/gnuarm~1.ins/bin/../lib/gcc/arm-none-eabi/5.2.1/../../../../arm-none-eabi/lib/armv7-m\libc.a(lib_a-mallocr.o)
                0x200004b8                __malloc_av_
 .data.__malloc_trim_threshold
                0x200008c0        0x4 c:/progra~3/matlab/suppor~1/r2017a/3p778c~1.ins/gnuarm~1.ins/bin/../lib/gcc/arm-none-eabi/5.2.1/../../../../arm-none-eabi/lib/armv7-m\libc.a(lib_a-mallocr.o)
                0x200008c0                __malloc_trim_threshold
 .data.__malloc_sbrk_base
                0x200008c4        0x4 c:/progra~3/matlab/suppor~1/r2017a/3p778c~1.ins/gnuarm~1.ins/bin/../lib/gcc/arm-none-eabi/5.2.1/../../../../arm-none-eabi/lib/armv7-m\libc.a(lib_a-mallocr.o)
                0x200008c4                __malloc_sbrk_base
 .data.__wctomb
                0x200008c8        0x4 c:/progra~3/matlab/suppor~1/r2017a/3p778c~1.ins/gnuarm~1.ins/bin/../lib/gcc/arm-none-eabi/5.2.1/../../../../arm-none-eabi/lib/armv7-m\libc.a(lib_a-wctomb_r.o)
                0x200008c8                __wctomb
                0x200008cc                . = ALIGN (0x4)
                [!provide]                PROVIDE (__preinit_array_start, .)
 *(.preinit_array)
                [!provide]                PROVIDE (__preinit_array_end, .)
                0x200008cc                . = ALIGN (0x4)
                [!provide]                PROVIDE (__init_array_start, .)
 *(SORT(.init_array.*))
 *(.init_array)
                [!provide]                PROVIDE (__init_array_end, .)
                0x200008cc                . = ALIGN (0x4)
                [!provide]                PROVIDE (__fini_array_start, .)
 *(SORT(.fini_array.*))
 *(.fini_array)
                [!provide]                PROVIDE (__fini_array_end, .)
 *(.jcr*)
                0x200008cc                . = ALIGN (0x4)
                0x200008cc                __data_end__ = .
                0x200008cc                _edata = __data_end__

.igot.plt       0x200008cc        0x0 load address 0x00008a84
 .igot.plt      0x200008cc        0x0 xil_interface_lib.o

.bss            0x200008d0      0x354 load address 0x00008a88
                0x200008d0                . = ALIGN (0x4)
                0x200008d0                _sbss = .
                0x200008d0                __bss_start__ = _sbss
 *(.bss .bss.*)
 .bss.xilIODataPtr
                0x200008d0        0x4 xil_interface_lib.o
 .bss.isShutdownCommand
                0x200008d4        0x4 xil_interface_lib.o
 .bss.serverFcnId
                0x200008d8        0x4 xil_interface_lib.o
 .bss.cc        0x200008dc        0xc xil_interface_lib.o
 .bss.uDataAddress.4793
                0x200008e8        0x4 xil_interface_lib.o
 .bss.uDataLength.4794
                0x200008ec        0x4 xil_interface_lib.o
 .bss.pBuffer   0x200008f0        0x4 xil_data_stream.o
 .bss.xilWriteBuffer
                0x200008f4        0x4 xil_data_stream.o
 .bss.xilWriteDataPtr
                0x200008f8        0x4 xil_data_stream.o
 .bss.xilWriteDataAvail
                0x200008fc        0x2 xil_data_stream.o
 *fill*         0x200008fe        0x2 
 .bss.commandResponseType
                0x20000900        0x4 xil_data_stream.o
 .bss.currentBufSize.4743
                0x20000904        0x2 xil_data_stream.o
 *fill*         0x20000906        0x2 
 .bss.currentBufferPosition.4742
                0x20000908        0x4 xil_data_stream.o
 .bss.xil_fcnid0_task1_output_u
                0x2000090c       0x88 xil_interface.o
 .bss.xil_fcnid0_task1_y
                0x20000994       0x38 xil_interface.o
 .bss.xil_fcnid0_init_y
                0x200009cc       0x38 xil_interface.o
 .bss.initComplete.5650
                0x20000a04        0x4 xil_interface.o
 .bss.initComplete.5689
                0x20000a08        0x4 xil_interface.o
 .bss.initComplete.5699
                0x20000a0c        0x4 xil_interface.o
 .bss.streamID  0x20000a10        0x4 xilcomms_rtiostream.o
 .bss.xilCommsBuffer
                0x20000a14       0x80 xilcomms_rtiostream.o
 .bss.xilWriteBuffer
                0x20000a94       0x80 xil_rtiostream.o
 .bss.heap_end  0x20000b14        0x4 syscalls.o
                0x20000b14                heap_end
 .bss.__malloc_max_total_mem
                0x20000b18        0x4 c:/progra~3/matlab/suppor~1/r2017a/3p778c~1.ins/gnuarm~1.ins/bin/../lib/gcc/arm-none-eabi/5.2.1/../../../../arm-none-eabi/lib/armv7-m\libc.a(lib_a-mallocr.o)
                0x20000b18                __malloc_max_total_mem
 .bss.__malloc_max_sbrked_mem
                0x20000b1c        0x4 c:/progra~3/matlab/suppor~1/r2017a/3p778c~1.ins/gnuarm~1.ins/bin/../lib/gcc/arm-none-eabi/5.2.1/../../../../arm-none-eabi/lib/armv7-m\libc.a(lib_a-mallocr.o)
                0x20000b1c                __malloc_max_sbrked_mem
 .bss.__malloc_top_pad
                0x20000b20        0x4 c:/progra~3/matlab/suppor~1/r2017a/3p778c~1.ins/gnuarm~1.ins/bin/../lib/gcc/arm-none-eabi/5.2.1/../../../../arm-none-eabi/lib/armv7-m\libc.a(lib_a-mallocr.o)
                0x20000b20                __malloc_top_pad
 .bss.__malloc_current_mallinfo
                0x20000b24       0x28 c:/progra~3/matlab/suppor~1/r2017a/3p778c~1.ins/gnuarm~1.ins/bin/../lib/gcc/arm-none-eabi/5.2.1/../../../../arm-none-eabi/lib/armv7-m\libc.a(lib_a-mallocr.o)
                0x20000b24                __malloc_current_mallinfo
 *(COMMON)
 *fill*         0x20000b4c        0x4 
 COMMON         0x20000b50       0xd0 ../ControlSystem.o
                0x20000b50                rtM_
                0x20000b58                rtU
                0x20000b98                rtDW
                0x20000be0                rtPrevZCX
                0x20000bf0                rtY
 COMMON         0x20000c20        0x4 c:/progra~3/matlab/suppor~1/r2017a/3p778c~1.ins/gnuarm~1.ins/bin/../lib/gcc/arm-none-eabi/5.2.1/../../../../arm-none-eabi/lib/armv7-m\libc.a(lib_a-reent.o)
                0x20000c20                errno
                0x20000c24                . = ALIGN (0x4)
                0x20000c24                _ebss = .
                0x20000c24                __bss_end__ = _ebss

.co_stack       0x20000c24      0x844 load address 0x00008ddc
                0x20000c28                . = ALIGN (0x8)
 *fill*         0x20000c24        0x4 
                0x20000c28                __stack_end__ = .
 *(.co_stack .co_stack.*)
 .co_stack      0x20000c28      0x840 startup_gcc.o
                0x20000c28                pulStack
                0x20001468                __stack_start__ = .
                0x20001468                . = ALIGN (0x8)
                0x20001468                _end = .
                [!provide]                PROVIDE (__stack, __stack_start__)
                0x20001470                PROVIDE (_sheap, (_end + 0x8))
                0x2000fff8                PROVIDE (_eheap, ALIGN (((ORIGIN (SRAM) + LENGTH (SRAM)) - 0x8), 0x8))
OUTPUT(ControlSystem.elf elf32-littlearm)

.comment        0x00000000       0x6e
 .comment       0x00000000       0x6e xil_interface_lib.o
                                 0x6f (size before relaxing)
 .comment       0x0000006e       0x6f xil_data_stream.o
 .comment       0x0000006e       0x6f xil_services.o
 .comment       0x0000006e       0x6f xil_interface.o
 .comment       0x0000006e       0x6f xilcomms_rtiostream.o
 .comment       0x0000006e       0x6f xil_rtiostream.o
 .comment       0x0000006e       0x6f rtiostream_utils.o
 .comment       0x0000006e       0x6f rtiostream_serial.o
 .comment       0x0000006e       0x6f pil_main.o
 .comment       0x0000006e       0x6f startup_gcc.o
 .comment       0x0000006e       0x6f system_LM3S.o
 .comment       0x0000006e       0x6f syscalls.o
 .comment       0x0000006e       0x6f ../ControlSystem.o
 .comment       0x0000006e       0x6f ../ControlSystem_data.o

.ARM.attributes
                0x00000000       0x31
 .ARM.attributes
                0x00000000       0x33 xil_interface_lib.o
 .ARM.attributes
                0x00000033       0x33 xil_data_stream.o
 .ARM.attributes
                0x00000066       0x33 xil_services.o
 .ARM.attributes
                0x00000099       0x33 xil_interface.o
 .ARM.attributes
                0x000000cc       0x33 xilcomms_rtiostream.o
 .ARM.attributes
                0x000000ff       0x33 xil_rtiostream.o
 .ARM.attributes
                0x00000132       0x33 rtiostream_utils.o
 .ARM.attributes
                0x00000165       0x33 rtiostream_serial.o
 .ARM.attributes
                0x00000198       0x33 pil_main.o
 .ARM.attributes
                0x000001cb       0x33 startup_gcc.o
 .ARM.attributes
                0x000001fe       0x33 system_LM3S.o
 .ARM.attributes
                0x00000231       0x33 syscalls.o
 .ARM.attributes
                0x00000264       0x33 ../ControlSystem.o
 .ARM.attributes
                0x00000297       0x33 ../ControlSystem_data.o
 .ARM.attributes
                0x000002ca       0x1d c:/progra~3/matlab/suppor~1/r2017a/3p778c~1.ins/gnuarm~1.ins/bin/../lib/gcc/arm-none-eabi/5.2.1/armv7-m\libgcc.a(_arm_addsubdf3.o)
 .ARM.attributes
                0x000002e7       0x1d c:/progra~3/matlab/suppor~1/r2017a/3p778c~1.ins/gnuarm~1.ins/bin/../lib/gcc/arm-none-eabi/5.2.1/armv7-m\libgcc.a(_arm_muldivdf3.o)
 .ARM.attributes
                0x00000304       0x1d c:/progra~3/matlab/suppor~1/r2017a/3p778c~1.ins/gnuarm~1.ins/bin/../lib/gcc/arm-none-eabi/5.2.1/armv7-m\libgcc.a(_arm_cmpdf2.o)
 .ARM.attributes
                0x00000321       0x1d c:/progra~3/matlab/suppor~1/r2017a/3p778c~1.ins/gnuarm~1.ins/bin/../lib/gcc/arm-none-eabi/5.2.1/armv7-m\libgcc.a(_arm_fixunsdfsi.o)
 .ARM.attributes
                0x0000033e       0x1b c:/progra~3/matlab/suppor~1/r2017a/3p778c~1.ins/gnuarm~1.ins/bin/../lib/gcc/arm-none-eabi/5.2.1/../../../../arm-none-eabi/lib/armv7-m\libc.a(lib_a-memcpy.o)
 .ARM.attributes
                0x00000359       0x2d c:/progra~3/matlab/suppor~1/r2017a/3p778c~1.ins/gnuarm~1.ins/bin/../lib/gcc/arm-none-eabi/5.2.1/../../../../arm-none-eabi/lib/armv7-m\libc.a(lib_a-printf.o)
 .ARM.attributes
                0x00000386       0x2d c:/progra~3/matlab/suppor~1/r2017a/3p778c~1.ins/gnuarm~1.ins/bin/../lib/gcc/arm-none-eabi/5.2.1/../../../../arm-none-eabi/lib/armv7-m\libc.a(lib_a-puts.o)
 .ARM.attributes
                0x000003b3       0x2d c:/progra~3/matlab/suppor~1/r2017a/3p778c~1.ins/gnuarm~1.ins/bin/../lib/gcc/arm-none-eabi/5.2.1/../../../../arm-none-eabi/lib/armv7-m\libc.a(lib_a-reent.o)
 .ARM.attributes
                0x000003e0       0x2d c:/progra~3/matlab/suppor~1/r2017a/3p778c~1.ins/gnuarm~1.ins/bin/../lib/gcc/arm-none-eabi/5.2.1/../../../../arm-none-eabi/lib/armv7-m\libc.a(lib_a-strlen-stub.o)
 .ARM.attributes
                0x0000040d       0x2d c:/progra~3/matlab/suppor~1/r2017a/3p778c~1.ins/gnuarm~1.ins/bin/../lib/gcc/arm-none-eabi/5.2.1/../../../../arm-none-eabi/lib/armv7-m\libc.a(lib_a-vfprintf.o)
 .ARM.attributes
                0x0000043a       0x2d c:/progra~3/matlab/suppor~1/r2017a/3p778c~1.ins/gnuarm~1.ins/bin/../lib/gcc/arm-none-eabi/5.2.1/../../../../arm-none-eabi/lib/armv7-m\libc.a(lib_a-wsetup.o)
 .ARM.attributes
                0x00000467       0x2d c:/progra~3/matlab/suppor~1/r2017a/3p778c~1.ins/gnuarm~1.ins/bin/../lib/gcc/arm-none-eabi/5.2.1/../../../../arm-none-eabi/lib/armv7-m\libc.a(lib_a-dtoa.o)
 .ARM.attributes
                0x00000494       0x2d c:/progra~3/matlab/suppor~1/r2017a/3p778c~1.ins/gnuarm~1.ins/bin/../lib/gcc/arm-none-eabi/5.2.1/../../../../arm-none-eabi/lib/armv7-m\libc.a(lib_a-fflush.o)
 .ARM.attributes
                0x000004c1       0x2d c:/progra~3/matlab/suppor~1/r2017a/3p778c~1.ins/gnuarm~1.ins/bin/../lib/gcc/arm-none-eabi/5.2.1/../../../../arm-none-eabi/lib/armv7-m\libc.a(lib_a-findfp.o)
 .ARM.attributes
                0x000004ee       0x2d c:/progra~3/matlab/suppor~1/r2017a/3p778c~1.ins/gnuarm~1.ins/bin/../lib/gcc/arm-none-eabi/5.2.1/../../../../arm-none-eabi/lib/armv7-m\libc.a(lib_a-freer.o)
 .ARM.attributes
                0x0000051b       0x2d c:/progra~3/matlab/suppor~1/r2017a/3p778c~1.ins/gnuarm~1.ins/bin/../lib/gcc/arm-none-eabi/5.2.1/../../../../arm-none-eabi/lib/armv7-m\libc.a(lib_a-fvwrite.o)
 .ARM.attributes
                0x00000548       0x2d c:/progra~3/matlab/suppor~1/r2017a/3p778c~1.ins/gnuarm~1.ins/bin/../lib/gcc/arm-none-eabi/5.2.1/../../../../arm-none-eabi/lib/armv7-m\libc.a(lib_a-fwalk.o)
 .ARM.attributes
                0x00000575       0x2d c:/progra~3/matlab/suppor~1/r2017a/3p778c~1.ins/gnuarm~1.ins/bin/../lib/gcc/arm-none-eabi/5.2.1/../../../../arm-none-eabi/lib/armv7-m\libc.a(lib_a-impure.o)
 .ARM.attributes
                0x000005a2       0x2d c:/progra~3/matlab/suppor~1/r2017a/3p778c~1.ins/gnuarm~1.ins/bin/../lib/gcc/arm-none-eabi/5.2.1/../../../../arm-none-eabi/lib/armv7-m\libc.a(lib_a-locale.o)
 .ARM.attributes
                0x000005cf       0x2d c:/progra~3/matlab/suppor~1/r2017a/3p778c~1.ins/gnuarm~1.ins/bin/../lib/gcc/arm-none-eabi/5.2.1/../../../../arm-none-eabi/lib/armv7-m\libc.a(lib_a-makebuf.o)
 .ARM.attributes
                0x000005fc       0x2d c:/progra~3/matlab/suppor~1/r2017a/3p778c~1.ins/gnuarm~1.ins/bin/../lib/gcc/arm-none-eabi/5.2.1/../../../../arm-none-eabi/lib/armv7-m\libc.a(lib_a-mallocr.o)
 .ARM.attributes
                0x00000629       0x2d c:/progra~3/matlab/suppor~1/r2017a/3p778c~1.ins/gnuarm~1.ins/bin/../lib/gcc/arm-none-eabi/5.2.1/../../../../arm-none-eabi/lib/armv7-m\libc.a(lib_a-memchr-stub.o)
 .ARM.attributes
                0x00000656       0x2d c:/progra~3/matlab/suppor~1/r2017a/3p778c~1.ins/gnuarm~1.ins/bin/../lib/gcc/arm-none-eabi/5.2.1/../../../../arm-none-eabi/lib/armv7-m\libc.a(lib_a-memmove.o)
 .ARM.attributes
                0x00000683       0x2d c:/progra~3/matlab/suppor~1/r2017a/3p778c~1.ins/gnuarm~1.ins/bin/../lib/gcc/arm-none-eabi/5.2.1/../../../../arm-none-eabi/lib/armv7-m\libc.a(lib_a-memset.o)
 .ARM.attributes
                0x000006b0       0x2d c:/progra~3/matlab/suppor~1/r2017a/3p778c~1.ins/gnuarm~1.ins/bin/../lib/gcc/arm-none-eabi/5.2.1/../../../../arm-none-eabi/lib/armv7-m\libc.a(lib_a-mlock.o)
 .ARM.attributes
                0x000006dd       0x2d c:/progra~3/matlab/suppor~1/r2017a/3p778c~1.ins/gnuarm~1.ins/bin/../lib/gcc/arm-none-eabi/5.2.1/../../../../arm-none-eabi/lib/armv7-m\libc.a(lib_a-mprec.o)
 .ARM.attributes
                0x0000070a       0x2d c:/progra~3/matlab/suppor~1/r2017a/3p778c~1.ins/gnuarm~1.ins/bin/../lib/gcc/arm-none-eabi/5.2.1/../../../../arm-none-eabi/lib/armv7-m\libc.a(lib_a-reallocr.o)
 .ARM.attributes
                0x00000737       0x2d c:/progra~3/matlab/suppor~1/r2017a/3p778c~1.ins/gnuarm~1.ins/bin/../lib/gcc/arm-none-eabi/5.2.1/../../../../arm-none-eabi/lib/armv7-m\libc.a(lib_a-s_fpclassify.o)
 .ARM.attributes
                0x00000764       0x2d c:/progra~3/matlab/suppor~1/r2017a/3p778c~1.ins/gnuarm~1.ins/bin/../lib/gcc/arm-none-eabi/5.2.1/../../../../arm-none-eabi/lib/armv7-m\libc.a(lib_a-sbrkr.o)
 .ARM.attributes
                0x00000791       0x2d c:/progra~3/matlab/suppor~1/r2017a/3p778c~1.ins/gnuarm~1.ins/bin/../lib/gcc/arm-none-eabi/5.2.1/../../../../arm-none-eabi/lib/armv7-m\libc.a(lib_a-stdio.o)
 .ARM.attributes
                0x000007be       0x2d c:/progra~3/matlab/suppor~1/r2017a/3p778c~1.ins/gnuarm~1.ins/bin/../lib/gcc/arm-none-eabi/5.2.1/../../../../arm-none-eabi/lib/armv7-m\libc.a(lib_a-vfiprintf.o)
 .ARM.attributes
                0x000007eb       0x2d c:/progra~3/matlab/suppor~1/r2017a/3p778c~1.ins/gnuarm~1.ins/bin/../lib/gcc/arm-none-eabi/5.2.1/../../../../arm-none-eabi/lib/armv7-m\libc.a(lib_a-writer.o)
 .ARM.attributes
                0x00000818       0x2d c:/progra~3/matlab/suppor~1/r2017a/3p778c~1.ins/gnuarm~1.ins/bin/../lib/gcc/arm-none-eabi/5.2.1/../../../../arm-none-eabi/lib/armv7-m\libc.a(lib_a-callocr.o)
 .ARM.attributes
                0x00000845       0x2d c:/progra~3/matlab/suppor~1/r2017a/3p778c~1.ins/gnuarm~1.ins/bin/../lib/gcc/arm-none-eabi/5.2.1/../../../../arm-none-eabi/lib/armv7-m\libc.a(lib_a-closer.o)
 .ARM.attributes
                0x00000872       0x2d c:/progra~3/matlab/suppor~1/r2017a/3p778c~1.ins/gnuarm~1.ins/bin/../lib/gcc/arm-none-eabi/5.2.1/../../../../arm-none-eabi/lib/armv7-m\libc.a(lib_a-fclose.o)
 .ARM.attributes
                0x0000089f       0x2d c:/progra~3/matlab/suppor~1/r2017a/3p778c~1.ins/gnuarm~1.ins/bin/../lib/gcc/arm-none-eabi/5.2.1/../../../../arm-none-eabi/lib/armv7-m\libc.a(lib_a-fputwc.o)
 .ARM.attributes
                0x000008cc       0x2d c:/progra~3/matlab/suppor~1/r2017a/3p778c~1.ins/gnuarm~1.ins/bin/../lib/gcc/arm-none-eabi/5.2.1/../../../../arm-none-eabi/lib/armv7-m\libc.a(lib_a-fstatr.o)
 .ARM.attributes
                0x000008f9       0x2d c:/progra~3/matlab/suppor~1/r2017a/3p778c~1.ins/gnuarm~1.ins/bin/../lib/gcc/arm-none-eabi/5.2.1/../../../../arm-none-eabi/lib/armv7-m\libc.a(lib_a-isattyr.o)
 .ARM.attributes
                0x00000926       0x2d c:/progra~3/matlab/suppor~1/r2017a/3p778c~1.ins/gnuarm~1.ins/bin/../lib/gcc/arm-none-eabi/5.2.1/../../../../arm-none-eabi/lib/armv7-m\libc.a(lib_a-lseekr.o)
 .ARM.attributes
                0x00000953       0x2d c:/progra~3/matlab/suppor~1/r2017a/3p778c~1.ins/gnuarm~1.ins/bin/../lib/gcc/arm-none-eabi/5.2.1/../../../../arm-none-eabi/lib/armv7-m\libc.a(lib_a-readr.o)
 .ARM.attributes
                0x00000980       0x2d c:/progra~3/matlab/suppor~1/r2017a/3p778c~1.ins/gnuarm~1.ins/bin/../lib/gcc/arm-none-eabi/5.2.1/../../../../arm-none-eabi/lib/armv7-m\libc.a(lib_a-wbuf.o)
 .ARM.attributes
                0x000009ad       0x2d c:/progra~3/matlab/suppor~1/r2017a/3p778c~1.ins/gnuarm~1.ins/bin/../lib/gcc/arm-none-eabi/5.2.1/../../../../arm-none-eabi/lib/armv7-m\libc.a(lib_a-wcrtomb.o)
 .ARM.attributes
                0x000009da       0x2d c:/progra~3/matlab/suppor~1/r2017a/3p778c~1.ins/gnuarm~1.ins/bin/../lib/gcc/arm-none-eabi/5.2.1/../../../../arm-none-eabi/lib/armv7-m\libc.a(lib_a-wctomb_r.o)
 .ARM.attributes
                0x00000a07       0x1d c:/progra~3/matlab/suppor~1/r2017a/3p778c~1.ins/gnuarm~1.ins/bin/../lib/gcc/arm-none-eabi/5.2.1/armv7-m\libgcc.a(_arm_fixdfsi.o)
 .ARM.attributes
                0x00000a24       0x1d c:/progra~3/matlab/suppor~1/r2017a/3p778c~1.ins/gnuarm~1.ins/bin/../lib/gcc/arm-none-eabi/5.2.1/armv7-m\libgcc.a(_aeabi_uldivmod.o)
 .ARM.attributes
                0x00000a41       0x2d c:/progra~3/matlab/suppor~1/r2017a/3p778c~1.ins/gnuarm~1.ins/bin/../lib/gcc/arm-none-eabi/5.2.1/armv7-m\libgcc.a(_udivmoddi4.o)
 .ARM.attributes
                0x00000a6e       0x1d c:/progra~3/matlab/suppor~1/r2017a/3p778c~1.ins/gnuarm~1.ins/bin/../lib/gcc/arm-none-eabi/5.2.1/armv7-m\libgcc.a(_dvmd_tls.o)

.debug_frame    0x00000000      0xee4
 .debug_frame   0x00000000       0x78 c:/progra~3/matlab/suppor~1/r2017a/3p778c~1.ins/gnuarm~1.ins/bin/../lib/gcc/arm-none-eabi/5.2.1/../../../../arm-none-eabi/lib/armv7-m\libc.a(lib_a-printf.o)
 .debug_frame   0x00000078       0x48 c:/progra~3/matlab/suppor~1/r2017a/3p778c~1.ins/gnuarm~1.ins/bin/../lib/gcc/arm-none-eabi/5.2.1/../../../../arm-none-eabi/lib/armv7-m\libc.a(lib_a-puts.o)
 .debug_frame   0x000000c0       0x58 c:/progra~3/matlab/suppor~1/r2017a/3p778c~1.ins/gnuarm~1.ins/bin/../lib/gcc/arm-none-eabi/5.2.1/../../../../arm-none-eabi/lib/armv7-m\libc.a(lib_a-reent.o)
 .debug_frame   0x00000118       0x20 c:/progra~3/matlab/suppor~1/r2017a/3p778c~1.ins/gnuarm~1.ins/bin/../lib/gcc/arm-none-eabi/5.2.1/../../../../arm-none-eabi/lib/armv7-m\libc.a(lib_a-strlen-stub.o)
 .debug_frame   0x00000138       0x88 c:/progra~3/matlab/suppor~1/r2017a/3p778c~1.ins/gnuarm~1.ins/bin/../lib/gcc/arm-none-eabi/5.2.1/../../../../arm-none-eabi/lib/armv7-m\libc.a(lib_a-vfprintf.o)
 .debug_frame   0x000001c0       0x2c c:/progra~3/matlab/suppor~1/r2017a/3p778c~1.ins/gnuarm~1.ins/bin/../lib/gcc/arm-none-eabi/5.2.1/../../../../arm-none-eabi/lib/armv7-m\libc.a(lib_a-wsetup.o)
 .debug_frame   0x000001ec       0x84 c:/progra~3/matlab/suppor~1/r2017a/3p778c~1.ins/gnuarm~1.ins/bin/../lib/gcc/arm-none-eabi/5.2.1/../../../../arm-none-eabi/lib/armv7-m\libc.a(lib_a-dtoa.o)
 .debug_frame   0x00000270       0x6c c:/progra~3/matlab/suppor~1/r2017a/3p778c~1.ins/gnuarm~1.ins/bin/../lib/gcc/arm-none-eabi/5.2.1/../../../../arm-none-eabi/lib/armv7-m\libc.a(lib_a-fflush.o)
 .debug_frame   0x000002dc      0x124 c:/progra~3/matlab/suppor~1/r2017a/3p778c~1.ins/gnuarm~1.ins/bin/../lib/gcc/arm-none-eabi/5.2.1/../../../../arm-none-eabi/lib/armv7-m\libc.a(lib_a-findfp.o)
 .debug_frame   0x00000400       0x74 c:/progra~3/matlab/suppor~1/r2017a/3p778c~1.ins/gnuarm~1.ins/bin/../lib/gcc/arm-none-eabi/5.2.1/../../../../arm-none-eabi/lib/armv7-m\libc.a(lib_a-freer.o)
 .debug_frame   0x00000474       0x68 c:/progra~3/matlab/suppor~1/r2017a/3p778c~1.ins/gnuarm~1.ins/bin/../lib/gcc/arm-none-eabi/5.2.1/../../../../arm-none-eabi/lib/armv7-m\libc.a(lib_a-fvwrite.o)
 .debug_frame   0x000004dc       0x54 c:/progra~3/matlab/suppor~1/r2017a/3p778c~1.ins/gnuarm~1.ins/bin/../lib/gcc/arm-none-eabi/5.2.1/../../../../arm-none-eabi/lib/armv7-m\libc.a(lib_a-fwalk.o)
 .debug_frame   0x00000530       0x9c c:/progra~3/matlab/suppor~1/r2017a/3p778c~1.ins/gnuarm~1.ins/bin/../lib/gcc/arm-none-eabi/5.2.1/../../../../arm-none-eabi/lib/armv7-m\libc.a(lib_a-locale.o)
 .debug_frame   0x000005cc       0x48 c:/progra~3/matlab/suppor~1/r2017a/3p778c~1.ins/gnuarm~1.ins/bin/../lib/gcc/arm-none-eabi/5.2.1/../../../../arm-none-eabi/lib/armv7-m\libc.a(lib_a-makebuf.o)
 .debug_frame   0x00000614       0x54 c:/progra~3/matlab/suppor~1/r2017a/3p778c~1.ins/gnuarm~1.ins/bin/../lib/gcc/arm-none-eabi/5.2.1/../../../../arm-none-eabi/lib/armv7-m\libc.a(lib_a-mallocr.o)
 .debug_frame   0x00000668       0x34 c:/progra~3/matlab/suppor~1/r2017a/3p778c~1.ins/gnuarm~1.ins/bin/../lib/gcc/arm-none-eabi/5.2.1/../../../../arm-none-eabi/lib/armv7-m\libc.a(lib_a-memchr-stub.o)
 .debug_frame   0x0000069c       0x30 c:/progra~3/matlab/suppor~1/r2017a/3p778c~1.ins/gnuarm~1.ins/bin/../lib/gcc/arm-none-eabi/5.2.1/../../../../arm-none-eabi/lib/armv7-m\libc.a(lib_a-memmove.o)
 .debug_frame   0x000006cc       0x34 c:/progra~3/matlab/suppor~1/r2017a/3p778c~1.ins/gnuarm~1.ins/bin/../lib/gcc/arm-none-eabi/5.2.1/../../../../arm-none-eabi/lib/armv7-m\libc.a(lib_a-memset.o)
 .debug_frame   0x00000700       0x30 c:/progra~3/matlab/suppor~1/r2017a/3p778c~1.ins/gnuarm~1.ins/bin/../lib/gcc/arm-none-eabi/5.2.1/../../../../arm-none-eabi/lib/armv7-m\libc.a(lib_a-mlock.o)
 .debug_frame   0x00000730      0x264 c:/progra~3/matlab/suppor~1/r2017a/3p778c~1.ins/gnuarm~1.ins/bin/../lib/gcc/arm-none-eabi/5.2.1/../../../../arm-none-eabi/lib/armv7-m\libc.a(lib_a-mprec.o)
 .debug_frame   0x00000994       0x58 c:/progra~3/matlab/suppor~1/r2017a/3p778c~1.ins/gnuarm~1.ins/bin/../lib/gcc/arm-none-eabi/5.2.1/../../../../arm-none-eabi/lib/armv7-m\libc.a(lib_a-reallocr.o)
 .debug_frame   0x000009ec       0x34 c:/progra~3/matlab/suppor~1/r2017a/3p778c~1.ins/gnuarm~1.ins/bin/../lib/gcc/arm-none-eabi/5.2.1/../../../../arm-none-eabi/lib/armv7-m\libc.a(lib_a-s_fpclassify.o)
 .debug_frame   0x00000a20       0x2c c:/progra~3/matlab/suppor~1/r2017a/3p778c~1.ins/gnuarm~1.ins/bin/../lib/gcc/arm-none-eabi/5.2.1/../../../../arm-none-eabi/lib/armv7-m\libc.a(lib_a-sbrkr.o)
 .debug_frame   0x00000a4c       0x88 c:/progra~3/matlab/suppor~1/r2017a/3p778c~1.ins/gnuarm~1.ins/bin/../lib/gcc/arm-none-eabi/5.2.1/../../../../arm-none-eabi/lib/armv7-m\libc.a(lib_a-stdio.o)
 .debug_frame   0x00000ad4       0xc8 c:/progra~3/matlab/suppor~1/r2017a/3p778c~1.ins/gnuarm~1.ins/bin/../lib/gcc/arm-none-eabi/5.2.1/../../../../arm-none-eabi/lib/armv7-m\libc.a(lib_a-vfiprintf.o)
 .debug_frame   0x00000b9c       0x2c c:/progra~3/matlab/suppor~1/r2017a/3p778c~1.ins/gnuarm~1.ins/bin/../lib/gcc/arm-none-eabi/5.2.1/../../../../arm-none-eabi/lib/armv7-m\libc.a(lib_a-writer.o)
 .debug_frame   0x00000bc8       0x28 c:/progra~3/matlab/suppor~1/r2017a/3p778c~1.ins/gnuarm~1.ins/bin/../lib/gcc/arm-none-eabi/5.2.1/../../../../arm-none-eabi/lib/armv7-m\libc.a(lib_a-callocr.o)
 .debug_frame   0x00000bf0       0x2c c:/progra~3/matlab/suppor~1/r2017a/3p778c~1.ins/gnuarm~1.ins/bin/../lib/gcc/arm-none-eabi/5.2.1/../../../../arm-none-eabi/lib/armv7-m\libc.a(lib_a-closer.o)
 .debug_frame   0x00000c1c       0x44 c:/progra~3/matlab/suppor~1/r2017a/3p778c~1.ins/gnuarm~1.ins/bin/../lib/gcc/arm-none-eabi/5.2.1/../../../../arm-none-eabi/lib/armv7-m\libc.a(lib_a-fclose.o)
 .debug_frame   0x00000c60       0x88 c:/progra~3/matlab/suppor~1/r2017a/3p778c~1.ins/gnuarm~1.ins/bin/../lib/gcc/arm-none-eabi/5.2.1/../../../../arm-none-eabi/lib/armv7-m\libc.a(lib_a-fputwc.o)
 .debug_frame   0x00000ce8       0x2c c:/progra~3/matlab/suppor~1/r2017a/3p778c~1.ins/gnuarm~1.ins/bin/../lib/gcc/arm-none-eabi/5.2.1/../../../../arm-none-eabi/lib/armv7-m\libc.a(lib_a-fstatr.o)
 .debug_frame   0x00000d14       0x2c c:/progra~3/matlab/suppor~1/r2017a/3p778c~1.ins/gnuarm~1.ins/bin/../lib/gcc/arm-none-eabi/5.2.1/../../../../arm-none-eabi/lib/armv7-m\libc.a(lib_a-isattyr.o)
 .debug_frame   0x00000d40       0x2c c:/progra~3/matlab/suppor~1/r2017a/3p778c~1.ins/gnuarm~1.ins/bin/../lib/gcc/arm-none-eabi/5.2.1/../../../../arm-none-eabi/lib/armv7-m\libc.a(lib_a-lseekr.o)
 .debug_frame   0x00000d6c       0x2c c:/progra~3/matlab/suppor~1/r2017a/3p778c~1.ins/gnuarm~1.ins/bin/../lib/gcc/arm-none-eabi/5.2.1/../../../../arm-none-eabi/lib/armv7-m\libc.a(lib_a-readr.o)
 .debug_frame   0x00000d98       0x40 c:/progra~3/matlab/suppor~1/r2017a/3p778c~1.ins/gnuarm~1.ins/bin/../lib/gcc/arm-none-eabi/5.2.1/../../../../arm-none-eabi/lib/armv7-m\libc.a(lib_a-wbuf.o)
 .debug_frame   0x00000dd8       0x60 c:/progra~3/matlab/suppor~1/r2017a/3p778c~1.ins/gnuarm~1.ins/bin/../lib/gcc/arm-none-eabi/5.2.1/../../../../arm-none-eabi/lib/armv7-m\libc.a(lib_a-wcrtomb.o)
 .debug_frame   0x00000e38       0x48 c:/progra~3/matlab/suppor~1/r2017a/3p778c~1.ins/gnuarm~1.ins/bin/../lib/gcc/arm-none-eabi/5.2.1/../../../../arm-none-eabi/lib/armv7-m\libc.a(lib_a-wctomb_r.o)
 .debug_frame   0x00000e80       0x2c c:/progra~3/matlab/suppor~1/r2017a/3p778c~1.ins/gnuarm~1.ins/bin/../lib/gcc/arm-none-eabi/5.2.1/armv7-m\libgcc.a(_aeabi_uldivmod.o)
 .debug_frame   0x00000eac       0x38 c:/progra~3/matlab/suppor~1/r2017a/3p778c~1.ins/gnuarm~1.ins/bin/../lib/gcc/arm-none-eabi/5.2.1/armv7-m\libgcc.a(_udivmoddi4.o)
